Archive member included because of file (symbol)

c:/coocox/coide/bin/../lib/gcc/arm-none-eabi/4.6.2/armv6-m\libgcc.a(_udivsi3.o)
                              ..\obj\stm32f0xx_rcc.o (__aeabi_uidiv)
c:/coocox/coide/bin/../lib/gcc/arm-none-eabi/4.6.2/armv6-m\libgcc.a(_divsi3.o)
                              ..\obj\usart.o (__aeabi_idiv)
c:/coocox/coide/bin/../lib/gcc/arm-none-eabi/4.6.2/armv6-m\libgcc.a(_dvmd_tls.o)
                              c:/coocox/coide/bin/../lib/gcc/arm-none-eabi/4.6.2/armv6-m\libgcc.a(_udivsi3.o) (__aeabi_idiv0)

Allocating common symbols
Common symbol       size              file

rf70_rx_flag        0x1               ..\obj\rfm70.o
RxBuffer            0x20              ..\obj\usart.o
rf70_rx_buf         0x21              ..\obj\rfm70.o
USART_InitStructure
                    0x18              ..\obj\usart.o

Discarded input sections

 .text          0x00000000        0x0 ..\obj\stm32f0xx_rcc.o
 .bss           0x00000000        0x0 ..\obj\stm32f0xx_rcc.o
 .text.RCC_DeInit
                0x00000000       0x90 ..\obj\stm32f0xx_rcc.o
 .text.RCC_HSEConfig
                0x00000000       0x24 ..\obj\stm32f0xx_rcc.o
 .text.RCC_WaitForHSEStartUp
                0x00000000       0x60 ..\obj\stm32f0xx_rcc.o
 .text.RCC_AdjustHSICalibrationValue
                0x00000000       0x3c ..\obj\stm32f0xx_rcc.o
 .text.RCC_HSICmd
                0x00000000       0x38 ..\obj\stm32f0xx_rcc.o
 .text.RCC_AdjustHSI14CalibrationValue
                0x00000000       0x3c ..\obj\stm32f0xx_rcc.o
 .text.RCC_HSI14Cmd
                0x00000000       0x38 ..\obj\stm32f0xx_rcc.o
 .text.RCC_HSI14ADCRequestCmd
                0x00000000       0x38 ..\obj\stm32f0xx_rcc.o
 .text.RCC_LSEConfig
                0x00000000       0x38 ..\obj\stm32f0xx_rcc.o
 .text.RCC_LSEDriveConfig
                0x00000000       0x2c ..\obj\stm32f0xx_rcc.o
 .text.RCC_LSICmd
                0x00000000       0x38 ..\obj\stm32f0xx_rcc.o
 .text.RCC_PLLConfig
                0x00000000       0x38 ..\obj\stm32f0xx_rcc.o
 .text.RCC_PLLCmd
                0x00000000       0x40 ..\obj\stm32f0xx_rcc.o
 .text.RCC_PREDIV1Config
                0x00000000       0x34 ..\obj\stm32f0xx_rcc.o
 .text.RCC_ClockSecuritySystemCmd
                0x00000000       0x40 ..\obj\stm32f0xx_rcc.o
 .text.RCC_MCOConfig
                0x00000000       0x20 ..\obj\stm32f0xx_rcc.o
 .text.RCC_SYSCLKConfig
                0x00000000       0x34 ..\obj\stm32f0xx_rcc.o
 .text.RCC_GetSYSCLKSource
                0x00000000       0x1c ..\obj\stm32f0xx_rcc.o
 .text.RCC_HCLKConfig
                0x00000000       0x34 ..\obj\stm32f0xx_rcc.o
 .text.RCC_PCLKConfig
                0x00000000       0x38 ..\obj\stm32f0xx_rcc.o
 .text.RCC_ADCCLKConfig
                0x00000000       0x58 ..\obj\stm32f0xx_rcc.o
 .text.RCC_CECCLKConfig
                0x00000000       0x2c ..\obj\stm32f0xx_rcc.o
 .text.RCC_I2CCLKConfig
                0x00000000       0x2c ..\obj\stm32f0xx_rcc.o
 .text.RCC_USARTCLKConfig
                0x00000000       0x2c ..\obj\stm32f0xx_rcc.o
 .text.RCC_RTCCLKConfig
                0x00000000       0x20 ..\obj\stm32f0xx_rcc.o
 .text.RCC_RTCCLKCmd
                0x00000000       0x40 ..\obj\stm32f0xx_rcc.o
 .text.RCC_BackupResetCmd
                0x00000000       0x40 ..\obj\stm32f0xx_rcc.o
 .text.RCC_APB1PeriphClockCmd
                0x00000000       0x40 ..\obj\stm32f0xx_rcc.o
 .text.RCC_AHBPeriphResetCmd
                0x00000000       0x40 ..\obj\stm32f0xx_rcc.o
 .text.RCC_APB2PeriphResetCmd
                0x00000000       0x40 ..\obj\stm32f0xx_rcc.o
 .text.RCC_APB1PeriphResetCmd
                0x00000000       0x40 ..\obj\stm32f0xx_rcc.o
 .text.RCC_ITConfig
                0x00000000       0x50 ..\obj\stm32f0xx_rcc.o
 .text.RCC_GetFlagStatus
                0x00000000       0x9c ..\obj\stm32f0xx_rcc.o
 .text.RCC_ClearFlag
                0x00000000       0x1c ..\obj\stm32f0xx_rcc.o
 .text.RCC_GetITStatus
                0x00000000       0x44 ..\obj\stm32f0xx_rcc.o
 .text.RCC_ClearITPendingBit
                0x00000000       0x20 ..\obj\stm32f0xx_rcc.o
 .text          0x00000000        0x0 ..\obj\rfm70.o
 .data          0x00000000        0x0 ..\obj\rfm70.o
 .text.SwitchToTxMode
                0x00000000       0x64 ..\obj\rfm70.o
 .text.Send_Packet
                0x00000000       0xbc ..\obj\rfm70.o
 .text          0x00000000        0x0 ..\obj\main.o
 .data          0x00000000        0x0 ..\obj\main.o
 .bss           0x00000000        0x0 ..\obj\main.o
 .text          0x00000000       0x14 ..\obj\startup_stm32f0xx.o
 .data          0x00000000        0x0 ..\obj\startup_stm32f0xx.o
 .bss           0x00000000        0x0 ..\obj\startup_stm32f0xx.o
 .text          0x00000000        0x0 ..\obj\stm32f0xx_gpio.o
 .data          0x00000000        0x0 ..\obj\stm32f0xx_gpio.o
 .bss           0x00000000        0x0 ..\obj\stm32f0xx_gpio.o
 .text.GPIO_DeInit
                0x00000000       0xc8 ..\obj\stm32f0xx_gpio.o
 .text.GPIO_StructInit
                0x00000000       0x30 ..\obj\stm32f0xx_gpio.o
 .text.GPIO_PinLockConfig
                0x00000000       0x44 ..\obj\stm32f0xx_gpio.o
 .text.GPIO_ReadInputDataBit
                0x00000000       0x48 ..\obj\stm32f0xx_gpio.o
 .text.GPIO_ReadInputData
                0x00000000       0x18 ..\obj\stm32f0xx_gpio.o
 .text.GPIO_ReadOutputDataBit
                0x00000000       0x48 ..\obj\stm32f0xx_gpio.o
 .text.GPIO_ReadOutputData
                0x00000000       0x18 ..\obj\stm32f0xx_gpio.o
 .text.GPIO_SetBits
                0x00000000       0x1c ..\obj\stm32f0xx_gpio.o
 .text.GPIO_ResetBits
                0x00000000       0x1c ..\obj\stm32f0xx_gpio.o
 .text.GPIO_WriteBit
                0x00000000       0x30 ..\obj\stm32f0xx_gpio.o
 .text.GPIO_Write
                0x00000000       0x1c ..\obj\stm32f0xx_gpio.o
 .text          0x00000000        0x0 ..\obj\syscalls.o
 .data          0x00000000        0x0 ..\obj\syscalls.o
 .bss           0x00000000        0x4 ..\obj\syscalls.o
 .text._sbrk    0x00000000       0x3c ..\obj\syscalls.o
 .text.link     0x00000000       0x18 ..\obj\syscalls.o
 .text._close   0x00000000       0x14 ..\obj\syscalls.o
 .text._fstat   0x00000000       0x1c ..\obj\syscalls.o
 .text._isatty  0x00000000       0x14 ..\obj\syscalls.o
 .text._lseek   0x00000000       0x18 ..\obj\syscalls.o
 .text._read    0x00000000       0x18 ..\obj\syscalls.o
 .text._write   0x00000000       0x18 ..\obj\syscalls.o
 .text.abort    0x00000000        0x8 ..\obj\syscalls.o
 .text          0x00000000        0x0 ..\obj\stm32f0xx_usart.o
 .data          0x00000000        0x0 ..\obj\stm32f0xx_usart.o
 .bss           0x00000000        0x0 ..\obj\stm32f0xx_usart.o
 .text.USART_DeInit
                0x00000000       0x58 ..\obj\stm32f0xx_usart.o
 .text.USART_StructInit
                0x00000000       0x34 ..\obj\stm32f0xx_usart.o
 .text.USART_ClockInit
                0x00000000       0x48 ..\obj\stm32f0xx_usart.o
 .text.USART_ClockStructInit
                0x00000000       0x28 ..\obj\stm32f0xx_usart.o
 .text.USART_DirectionModeCmd
                0x00000000       0x3c ..\obj\stm32f0xx_usart.o
 .text.USART_OverSampling8Cmd
                0x00000000       0x40 ..\obj\stm32f0xx_usart.o
 .text.USART_OneBitMethodCmd
                0x00000000       0x40 ..\obj\stm32f0xx_usart.o
 .text.USART_MSBFirstCmd
                0x00000000       0x40 ..\obj\stm32f0xx_usart.o
 .text.USART_DataInvCmd
                0x00000000       0x40 ..\obj\stm32f0xx_usart.o
 .text.USART_InvPinCmd
                0x00000000       0x3c ..\obj\stm32f0xx_usart.o
 .text.USART_SWAPPinCmd
                0x00000000       0x40 ..\obj\stm32f0xx_usart.o
 .text.USART_ReceiverTimeOutCmd
                0x00000000       0x40 ..\obj\stm32f0xx_usart.o
 .text.USART_SetReceiverTimeOut
                0x00000000       0x2c ..\obj\stm32f0xx_usart.o
 .text.USART_SetPrescaler
                0x00000000       0x38 ..\obj\stm32f0xx_usart.o
 .text.USART_STOPModeCmd
                0x00000000       0x3c ..\obj\stm32f0xx_usart.o
 .text.USART_StopModeWakeUpSourceConfig
                0x00000000       0x30 ..\obj\stm32f0xx_usart.o
 .text.USART_AutoBaudRateCmd
                0x00000000       0x40 ..\obj\stm32f0xx_usart.o
 .text.USART_AutoBaudRateConfig
                0x00000000       0x30 ..\obj\stm32f0xx_usart.o
 .text.USART_ReceiveData
                0x00000000       0x1c ..\obj\stm32f0xx_usart.o
 .text.USART_SetAddress
                0x00000000       0x34 ..\obj\stm32f0xx_usart.o
 .text.USART_MuteModeCmd
                0x00000000       0x40 ..\obj\stm32f0xx_usart.o
 .text.USART_MuteModeWakeUpConfig
                0x00000000       0x30 ..\obj\stm32f0xx_usart.o
 .text.USART_AddressDetectionConfig
                0x00000000       0x30 ..\obj\stm32f0xx_usart.o
 .text.USART_LINBreakDetectLengthConfig
                0x00000000       0x30 ..\obj\stm32f0xx_usart.o
 .text.USART_LINCmd
                0x00000000       0x40 ..\obj\stm32f0xx_usart.o
 .text.USART_HalfDuplexCmd
                0x00000000       0x3c ..\obj\stm32f0xx_usart.o
 .text.USART_SetGuardTime
                0x00000000       0x3c ..\obj\stm32f0xx_usart.o
 .text.USART_SmartCardCmd
                0x00000000       0x3c ..\obj\stm32f0xx_usart.o
 .text.USART_SmartCardNACKCmd
                0x00000000       0x3c ..\obj\stm32f0xx_usart.o
 .text.USART_SetAutoRetryCount
                0x00000000       0x38 ..\obj\stm32f0xx_usart.o
 .text.USART_SetBlockLength
                0x00000000       0x34 ..\obj\stm32f0xx_usart.o
 .text.USART_IrDAConfig
                0x00000000       0x30 ..\obj\stm32f0xx_usart.o
 .text.USART_IrDACmd
                0x00000000       0x3c ..\obj\stm32f0xx_usart.o
 .text.USART_DECmd
                0x00000000       0x40 ..\obj\stm32f0xx_usart.o
 .text.USART_DEPolarityConfig
                0x00000000       0x30 ..\obj\stm32f0xx_usart.o
 .text.USART_SetDEAssertionTime
                0x00000000       0x34 ..\obj\stm32f0xx_usart.o
 .text.USART_SetDEDeassertionTime
                0x00000000       0x34 ..\obj\stm32f0xx_usart.o
 .text.USART_DMACmd
                0x00000000       0x3c ..\obj\stm32f0xx_usart.o
 .text.USART_DMAReceptionErrorConfig
                0x00000000       0x30 ..\obj\stm32f0xx_usart.o
 .text.USART_ITConfig
                0x00000000       0x84 ..\obj\stm32f0xx_usart.o
 .text.USART_RequestCmd
                0x00000000       0x48 ..\obj\stm32f0xx_usart.o
 .text.USART_OverrunDetectionConfig
                0x00000000       0x30 ..\obj\stm32f0xx_usart.o
 .text.USART_GetFlagStatus
                0x00000000       0x3c ..\obj\stm32f0xx_usart.o
 .text.USART_ClearFlag
                0x00000000       0x18 ..\obj\stm32f0xx_usart.o
 .text.USART_GetITStatus
                0x00000000       0xbc ..\obj\stm32f0xx_usart.o
 .text.USART_ClearITPendingBit
                0x00000000       0x30 ..\obj\stm32f0xx_usart.o
 .text          0x00000000        0x0 ..\obj\system_stm32f0xx.o
 .data          0x00000000       0x14 ..\obj\system_stm32f0xx.o
 .bss           0x00000000        0x0 ..\obj\system_stm32f0xx.o
 .text.SystemCoreClockUpdate
                0x00000000       0xdc ..\obj\system_stm32f0xx.o
 .text          0x00000000        0x0 ..\obj\stm32f0xx_exti.o
 .data          0x00000000        0x0 ..\obj\stm32f0xx_exti.o
 .bss           0x00000000        0x0 ..\obj\stm32f0xx_exti.o
 .text.EXTI_DeInit
                0x00000000       0x34 ..\obj\stm32f0xx_exti.o
 .text.EXTI_Init
                0x00000000       0xe4 ..\obj\stm32f0xx_exti.o
 .text.EXTI_StructInit
                0x00000000       0x28 ..\obj\stm32f0xx_exti.o
 .text.EXTI_GenerateSWInterrupt
                0x00000000       0x20 ..\obj\stm32f0xx_exti.o
 .text.EXTI_GetFlagStatus
                0x00000000       0x40 ..\obj\stm32f0xx_exti.o
 .text.EXTI_ClearFlag
                0x00000000       0x18 ..\obj\stm32f0xx_exti.o
 .text.EXTI_GetITStatus
                0x00000000       0x54 ..\obj\stm32f0xx_exti.o
 .text.EXTI_ClearITPendingBit
                0x00000000       0x18 ..\obj\stm32f0xx_exti.o
 .text          0x00000000        0x0 ..\obj\stm32f0xx_syscfg.o
 .data          0x00000000        0x0 ..\obj\stm32f0xx_syscfg.o
 .bss           0x00000000        0x0 ..\obj\stm32f0xx_syscfg.o
 .text.SYSCFG_DeInit
                0x00000000       0x40 ..\obj\stm32f0xx_syscfg.o
 .text.SYSCFG_MemoryRemapConfig
                0x00000000       0x34 ..\obj\stm32f0xx_syscfg.o
 .text.SYSCFG_DMAChannelRemapConfig
                0x00000000       0x40 ..\obj\stm32f0xx_syscfg.o
 .text.SYSCFG_I2CFastModePlusConfig
                0x00000000       0x40 ..\obj\stm32f0xx_syscfg.o
 .text.SYSCFG_EXTILineConfig
                0x00000000       0x94 ..\obj\stm32f0xx_syscfg.o
 .text.SYSCFG_BreakConfig
                0x00000000       0x20 ..\obj\stm32f0xx_syscfg.o
 .text.SYSCFG_GetFlagStatus
                0x00000000       0x44 ..\obj\stm32f0xx_syscfg.o
 .text.SYSCFG_ClearFlag
                0x00000000       0x20 ..\obj\stm32f0xx_syscfg.o
 .text          0x00000000        0x0 ..\obj\stm32f0xx_misc.o
 .data          0x00000000        0x0 ..\obj\stm32f0xx_misc.o
 .bss           0x00000000        0x0 ..\obj\stm32f0xx_misc.o
 .text.NVIC_SystemLPConfig
                0x00000000       0x48 ..\obj\stm32f0xx_misc.o
 .text.SysTick_CLKSourceConfig
                0x00000000       0x34 ..\obj\stm32f0xx_misc.o
 .text          0x00000000        0x0 ..\obj\usart.o
 .data          0x00000000       0x2c ..\obj\usart.o
 .bss           0x00000000        0xc ..\obj\usart.o
 .text.fputc    0x00000000       0x38 ..\obj\usart.o
 .text.itoa     0x00000000       0x94 ..\obj\usart.o
 COMMON         0x00000000       0x38 ..\obj\usart.o
 .text          0x00000000        0x0 ..\obj\core_cm0.o
 .data          0x00000000        0x0 ..\obj\core_cm0.o
 .bss           0x00000000        0x0 ..\obj\core_cm0.o
 .text.__get_PSP
                0x00000000       0x10 ..\obj\core_cm0.o
 .text.__set_PSP
                0x00000000        0x8 ..\obj\core_cm0.o
 .text.__get_MSP
                0x00000000       0x10 ..\obj\core_cm0.o
 .text.__set_MSP
                0x00000000        0x8 ..\obj\core_cm0.o
 .text.__get_PRIMASK
                0x00000000       0x1c ..\obj\core_cm0.o
 .text.__set_PRIMASK
                0x00000000       0x14 ..\obj\core_cm0.o
 .text.__get_CONTROL
                0x00000000       0x1c ..\obj\core_cm0.o
 .text.__set_CONTROL
                0x00000000       0x14 ..\obj\core_cm0.o
 .text.__REV    0x00000000       0x1c ..\obj\core_cm0.o
 .text.__REV16  0x00000000       0x24 ..\obj\core_cm0.o
 .text.__REVSH  0x00000000       0x24 ..\obj\core_cm0.o
 .data          0x00000000        0x0 c:/coocox/coide/bin/../lib/gcc/arm-none-eabi/4.6.2/armv6-m\libgcc.a(_udivsi3.o)
 .bss           0x00000000        0x0 c:/coocox/coide/bin/../lib/gcc/arm-none-eabi/4.6.2/armv6-m\libgcc.a(_udivsi3.o)
 .text          0x00000000       0xc0 c:/coocox/coide/bin/../lib/gcc/arm-none-eabi/4.6.2/armv6-m\libgcc.a(_divsi3.o)
 .data          0x00000000        0x0 c:/coocox/coide/bin/../lib/gcc/arm-none-eabi/4.6.2/armv6-m\libgcc.a(_divsi3.o)
 .bss           0x00000000        0x0 c:/coocox/coide/bin/../lib/gcc/arm-none-eabi/4.6.2/armv6-m\libgcc.a(_divsi3.o)
 .data          0x00000000        0x0 c:/coocox/coide/bin/../lib/gcc/arm-none-eabi/4.6.2/armv6-m\libgcc.a(_dvmd_tls.o)
 .bss           0x00000000        0x0 c:/coocox/coide/bin/../lib/gcc/arm-none-eabi/4.6.2/armv6-m\libgcc.a(_dvmd_tls.o)

Memory Configuration

Name             Origin             Length             Attributes
rom              0x00000000         0x00010000         xr
ram              0x20000000         0x00002000         xrw
*default*        0x00000000         0xffffffff

Linker script and memory map

                0x20002000                _eram = 0x20002000

.text           0x00000000     0x1510
 *(.isr_vector .isr_vector.*)
 .isr_vector    0x00000000       0xc4 ..\obj\startup_stm32f0xx.o
                0x00000000                g_pfnVectors
 *(.text .text.* .gnu.linkonce.t.*)
 .text.RCC_GetClocksFreq
                0x000000c4      0x1e8 ..\obj\stm32f0xx_rcc.o
                0x000000c4                RCC_GetClocksFreq
 .text.RCC_AHBPeriphClockCmd
                0x000002ac       0x40 ..\obj\stm32f0xx_rcc.o
                0x000002ac                RCC_AHBPeriphClockCmd
 .text.RCC_APB2PeriphClockCmd
                0x000002ec       0x40 ..\obj\stm32f0xx_rcc.o
                0x000002ec                RCC_APB2PeriphClockCmd
 .text.register_rfm70_rx_event_callback
                0x0000032c       0x18 ..\obj\rfm70.o
                0x0000032c                register_rfm70_rx_event_callback
 .text.RFM70_RX_EVENT
                0x00000344       0x58 ..\obj\rfm70.o
                0x00000344                RFM70_RX_EVENT
 .text.SPI_RW   0x0000039c       0xa8 ..\obj\rfm70.o
 .text.SPI_Write_Reg
                0x00000444       0x58 ..\obj\rfm70.o
                0x00000444                SPI_Write_Reg
 .text.SPI_Read_Reg
                0x0000049c       0x5c ..\obj\rfm70.o
                0x0000049c                SPI_Read_Reg
 .text.SPI_Read_Buf
                0x000004f8       0x90 ..\obj\rfm70.o
                0x000004f8                SPI_Read_Buf
 .text.SPI_Write_Buf
                0x00000588       0x84 ..\obj\rfm70.o
                0x00000588                SPI_Write_Buf
 .text.SwitchToRxMode
                0x0000060c       0x7c ..\obj\rfm70.o
                0x0000060c                SwitchToRxMode
 .text.SwitchCFG
                0x00000688       0x5c ..\obj\rfm70.o
                0x00000688                SwitchCFG
 .text.SetChannelNum
                0x000006e4       0x20 ..\obj\rfm70.o
                0x000006e4                SetChannelNum
 .text.EXTI0_1_IRQHandler
                0x00000704       0x44 ..\obj\rfm70.o
                0x00000704                EXTI0_1_IRQHandler
 .text.RFM70_Init
                0x00000748      0x428 ..\obj\rfm70.o
                0x00000748                RFM70_Init
 .text.Receive_Packet
                0x00000b70       0xa8 ..\obj\rfm70.o
                0x00000b70                Receive_Packet
 .text.EXTI_Config
                0x00000c18       0x6c ..\obj\rfm70.o
                0x00000c18                EXTI_Config
 .text.main     0x00000c84       0x88 ..\obj\main.o
                0x00000c84                main
 .text.my_receive_packet
                0x00000d0c       0x34 ..\obj\main.o
                0x00000d0c                my_receive_packet
 .text.USART_SendString
                0x00000d40       0x68 ..\obj\main.o
                0x00000d40                USART_SendString
 .text.Reset_Handler
                0x00000da8       0x44 ..\obj\startup_stm32f0xx.o
                0x00000da8                Reset_Handler
 .text.Default_Handler
                0x00000dec        0x2 ..\obj\startup_stm32f0xx.o
                0x00000dec                TIM1_CC_IRQHandler
                0x00000dec                HardFault_Handler
                0x00000dec                ADC1_COMP_IRQHandler
                0x00000dec                SysTick_Handler
                0x00000dec                PVD_IRQHandler
                0x00000dec                PendSV_Handler
                0x00000dec                NMI_Handler
                0x00000dec                I2C1_IRQHandler
                0x00000dec                SPI1_IRQHandler
                0x00000dec                TIM6_DAC_IRQHandler
                0x00000dec                EXTI2_3_IRQHandler
                0x00000dec                I2C2_IRQHandler
                0x00000dec                TIM17_IRQHandler
                0x00000dec                RTC_IRQHandler
                0x00000dec                TIM16_IRQHandler
                0x00000dec                TIM3_IRQHandler
                0x00000dec                EXTI4_15_IRQHandler
                0x00000dec                RCC_IRQHandler
                0x00000dec                DMA1_Channel1_IRQHandler
                0x00000dec                Default_Handler
                0x00000dec                CEC_IRQHandler
                0x00000dec                TIM14_IRQHandler
                0x00000dec                DMA1_Channel4_5_IRQHandler
                0x00000dec                TIM15_IRQHandler
                0x00000dec                SPI2_IRQHandler
                0x00000dec                SVC_Handler
                0x00000dec                TS_IRQHandler
                0x00000dec                WWDG_IRQHandler
                0x00000dec                TIM2_IRQHandler
                0x00000dec                DMA1_Channel2_3_IRQHandler
                0x00000dec                USART2_IRQHandler
                0x00000dec                FLASH_IRQHandler
                0x00000dec                USART1_IRQHandler
                0x00000dec                TIM1_BRK_UP_TRG_COM_IRQHandler
 *fill*         0x00000dee        0x2 00
 .text.GPIO_Init
                0x00000df0      0x13c ..\obj\stm32f0xx_gpio.o
                0x00000df0                GPIO_Init
 .text.GPIO_PinAFConfig
                0x00000f2c       0x9c ..\obj\stm32f0xx_gpio.o
                0x00000f2c                GPIO_PinAFConfig
 .text.USART_Init
                0x00000fc8      0x164 ..\obj\stm32f0xx_usart.o
                0x00000fc8                USART_Init
 .text.USART_Cmd
                0x0000112c       0x3c ..\obj\stm32f0xx_usart.o
                0x0000112c                USART_Cmd
 .text.USART_SendData
                0x00001168       0x24 ..\obj\stm32f0xx_usart.o
                0x00001168                USART_SendData
 .text.SystemInit
                0x0000118c       0x94 ..\obj\system_stm32f0xx.o
                0x0000118c                SystemInit
 .text.SetSysClock
                0x00001220       0x28 ..\obj\system_stm32f0xx.o
 .text.NVIC_Init
                0x00001248       0xac ..\obj\stm32f0xx_misc.o
                0x00001248                NVIC_Init
 .text.HyperTerminal_Interrupt
                0x000012f4        0xc ..\obj\usart.o
                0x000012f4                HyperTerminal_Interrupt
 .text.USARTInit
                0x00001300       0xbc ..\obj\usart.o
                0x00001300                USARTInit
 .text          0x000013bc       0x9c c:/coocox/coide/bin/../lib/gcc/arm-none-eabi/4.6.2/armv6-m\libgcc.a(_udivsi3.o)
                0x000013bc                __aeabi_uidiv
                0x000013bc                __udivsi3
                0x00001444                __aeabi_uidivmod
 .text          0x00001458        0x4 c:/coocox/coide/bin/../lib/gcc/arm-none-eabi/4.6.2/armv6-m\libgcc.a(_dvmd_tls.o)
                0x00001458                __aeabi_idiv0
                0x00001458                __aeabi_ldiv0
 *(.glue_7t)
 .glue_7t       0x00000000        0x0 linker stubs
 *(.glue_7)
 .glue_7        0x00000000        0x0 linker stubs
 *(.rodata .rodata* .gnu.linkonce.r.*)
 .rodata        0x0000145c       0x84 ..\obj\rfm70.o
                0x0000145c                Bank1_Reg0_13
                0x00001494                Bank1_Reg14
                0x000014a0                Bank0_Reg
                0x000014d0                RX0_Address
                0x000014d8                RX1_Address
 .rodata        0x000014e0       0x30 ..\obj\main.o

.vfp11_veneer   0x00001510        0x0
 .vfp11_veneer  0x00000000        0x0 linker stubs

.v4_bx          0x00001510        0x0
 .v4_bx         0x00000000        0x0 linker stubs

.ARM.extab
 *(.ARM.extab* .gnu.linkonce.armextab.*)

.ARM.exidx
 *(.ARM.exidx* .gnu.linkonce.armexidx.*)
                0x00001510                . = ALIGN (0x4)
                0x00001510                _etext = .
                0x00001510                _sidata = .

.data           0x20000000       0x10 load address 0x00001510
                0x20000000                _sdata = .
 *(.data .data.*)
 .data          0x20000000       0x10 ..\obj\stm32f0xx_rcc.o
                0x20000010                . = ALIGN (0x4)
                0x20000010                _edata = .

.bss            0x20000010       0x2c load address 0x00001520
                0x20000010                _sbss = .
 *(.bss .bss.*)
 .bss           0x20000010        0x4 ..\obj\rfm70.o
 *(COMMON)
 COMMON         0x20000014       0x25 ..\obj\rfm70.o
                0x20000014                rf70_rx_flag
                0x20000018                rf70_rx_buf
                0x2000003c                . = ALIGN (0x4)
 *fill*         0x20000039        0x3 00
                0x2000003c                _ebss = .

.co_stack       0x2000003c        0x4 load address 0x0000154c
                0x20000040                . = ALIGN (0x8)
 *fill*         0x2000003c        0x4 00
 *(.co_stack .co_stack.*)
                0x20000040                . = ALIGN (0x4)
                0x20000040                _end = .
LOAD ..\obj\stm32f0xx_rcc.o
LOAD ..\obj\rfm70.o
LOAD ..\obj\main.o
LOAD ..\obj\startup_stm32f0xx.o
LOAD ..\obj\stm32f0xx_gpio.o
LOAD ..\obj\syscalls.o
LOAD ..\obj\stm32f0xx_usart.o
LOAD ..\obj\system_stm32f0xx.o
LOAD ..\obj\stm32f0xx_exti.o
LOAD ..\obj\stm32f0xx_syscfg.o
LOAD ..\obj\stm32f0xx_misc.o
LOAD ..\obj\usart.o
LOAD ..\obj\core_cm0.o
START GROUP
LOAD c:/coocox/coide/bin/../lib/gcc/arm-none-eabi/4.6.2/armv6-m\libgcc.a
LOAD c:/coocox/coide/bin/../lib/gcc/arm-none-eabi/4.6.2/../../../../arm-none-eabi/lib/armv6-m\libg.a
LOAD c:/coocox/coide/bin/../lib/gcc/arm-none-eabi/4.6.2/../../../../arm-none-eabi/lib/armv6-m\libc.a
END GROUP
OUTPUT(domofon_test_rx.elf elf32-littlearm)

.debug_info     0x00000000     0x4f4f
 .debug_info    0x00000000      0xa35 ..\obj\stm32f0xx_rcc.o
 .debug_info    0x00000a35      0xa27 ..\obj\rfm70.o
 .debug_info    0x0000145c      0x37a ..\obj\main.o
 .debug_info    0x000017d6       0xa9 ..\obj\startup_stm32f0xx.o
 .debug_info    0x0000187f      0x604 ..\obj\stm32f0xx_gpio.o
 .debug_info    0x00001e83      0x440 ..\obj\syscalls.o
 .debug_info    0x000022c3      0xf0b ..\obj\stm32f0xx_usart.o
 .debug_info    0x000031ce      0x2e6 ..\obj\system_stm32f0xx.o
 .debug_info    0x000034b4      0x33d ..\obj\stm32f0xx_exti.o
 .debug_info    0x000037f1      0x2b1 ..\obj\stm32f0xx_syscfg.o
 .debug_info    0x00003aa2      0x391 ..\obj\stm32f0xx_misc.o
 .debug_info    0x00003e33      0xe79 ..\obj\usart.o
 .debug_info    0x00004cac      0x2a3 ..\obj\core_cm0.o

.debug_abbrev   0x00000000     0x1034
 .debug_abbrev  0x00000000      0x1bf ..\obj\stm32f0xx_rcc.o
 .debug_abbrev  0x000001bf      0x215 ..\obj\rfm70.o
 .debug_abbrev  0x000003d4      0x114 ..\obj\main.o
 .debug_abbrev  0x000004e8       0x12 ..\obj\startup_stm32f0xx.o
 .debug_abbrev  0x000004fa      0x16a ..\obj\stm32f0xx_gpio.o
 .debug_abbrev  0x00000664       0xde ..\obj\syscalls.o
 .debug_abbrev  0x00000742      0x152 ..\obj\stm32f0xx_usart.o
 .debug_abbrev  0x00000894      0x10e ..\obj\system_stm32f0xx.o
 .debug_abbrev  0x000009a2      0x178 ..\obj\stm32f0xx_exti.o
 .debug_abbrev  0x00000b1a      0x12e ..\obj\stm32f0xx_syscfg.o
 .debug_abbrev  0x00000c48       0xf8 ..\obj\stm32f0xx_misc.o
 .debug_abbrev  0x00000d40      0x228 ..\obj\usart.o
 .debug_abbrev  0x00000f68       0xcc ..\obj\core_cm0.o

.debug_loc      0x00000000     0x22fa
 .debug_loc     0x00000000      0x864 ..\obj\stm32f0xx_rcc.o
 .debug_loc     0x00000864      0x374 ..\obj\rfm70.o
 .debug_loc     0x00000bd8       0xaa ..\obj\main.o
 .debug_loc     0x00000c82      0x2d8 ..\obj\stm32f0xx_gpio.o
 .debug_loc     0x00000f5a      0x1ec ..\obj\syscalls.o
 .debug_loc     0x00001146      0xab8 ..\obj\stm32f0xx_usart.o
 .debug_loc     0x00001bfe       0x90 ..\obj\system_stm32f0xx.o
 .debug_loc     0x00001c8e      0x1b4 ..\obj\stm32f0xx_exti.o
 .debug_loc     0x00001e42      0x1b4 ..\obj\stm32f0xx_syscfg.o
 .debug_loc     0x00001ff6       0xa8 ..\obj\stm32f0xx_misc.o
 .debug_loc     0x0000209e       0xd4 ..\obj\usart.o
 .debug_loc     0x00002172      0x188 ..\obj\core_cm0.o

.debug_aranges  0x00000000      0x678
 .debug_aranges
                0x00000000      0x150 ..\obj\stm32f0xx_rcc.o
 .debug_aranges
                0x00000150       0x98 ..\obj\rfm70.o
 .debug_aranges
                0x000001e8       0x30 ..\obj\main.o
 .debug_aranges
                0x00000218       0x28 ..\obj\startup_stm32f0xx.o
 .debug_aranges
                0x00000240       0x80 ..\obj\stm32f0xx_gpio.o
 .debug_aranges
                0x000002c0       0x60 ..\obj\syscalls.o
 .debug_aranges
                0x00000320      0x1a0 ..\obj\stm32f0xx_usart.o
 .debug_aranges
                0x000004c0       0x30 ..\obj\system_stm32f0xx.o
 .debug_aranges
                0x000004f0       0x58 ..\obj\stm32f0xx_exti.o
 .debug_aranges
                0x00000548       0x58 ..\obj\stm32f0xx_syscfg.o
 .debug_aranges
                0x000005a0       0x30 ..\obj\stm32f0xx_misc.o
 .debug_aranges
                0x000005d0       0x38 ..\obj\usart.o
 .debug_aranges
                0x00000608       0x70 ..\obj\core_cm0.o

.debug_ranges   0x00000000      0x5b0
 .debug_ranges  0x00000000      0x140 ..\obj\stm32f0xx_rcc.o
 .debug_ranges  0x00000140       0x88 ..\obj\rfm70.o
 .debug_ranges  0x000001c8       0x20 ..\obj\main.o
 .debug_ranges  0x000001e8       0x20 ..\obj\startup_stm32f0xx.o
 .debug_ranges  0x00000208       0x70 ..\obj\stm32f0xx_gpio.o
 .debug_ranges  0x00000278       0x50 ..\obj\syscalls.o
 .debug_ranges  0x000002c8      0x190 ..\obj\stm32f0xx_usart.o
 .debug_ranges  0x00000458       0x20 ..\obj\system_stm32f0xx.o
 .debug_ranges  0x00000478       0x48 ..\obj\stm32f0xx_exti.o
 .debug_ranges  0x000004c0       0x48 ..\obj\stm32f0xx_syscfg.o
 .debug_ranges  0x00000508       0x20 ..\obj\stm32f0xx_misc.o
 .debug_ranges  0x00000528       0x28 ..\obj\usart.o
 .debug_ranges  0x00000550       0x60 ..\obj\core_cm0.o

.debug_line     0x00000000     0x1f9e
 .debug_line    0x00000000      0x4af ..\obj\stm32f0xx_rcc.o
 .debug_line    0x000004af      0x428 ..\obj\rfm70.o
 .debug_line    0x000008d7      0x14f ..\obj\main.o
 .debug_line    0x00000a26       0xa6 ..\obj\startup_stm32f0xx.o
 .debug_line    0x00000acc      0x28a ..\obj\stm32f0xx_gpio.o
 .debug_line    0x00000d56      0x17a ..\obj\syscalls.o
 .debug_line    0x00000ed0      0x575 ..\obj\stm32f0xx_usart.o
 .debug_line    0x00001445      0x178 ..\obj\system_stm32f0xx.o
 .debug_line    0x000015bd      0x20e ..\obj\stm32f0xx_exti.o
 .debug_line    0x000017cb      0x1b4 ..\obj\stm32f0xx_syscfg.o
 .debug_line    0x0000197f      0x1db ..\obj\stm32f0xx_misc.o
 .debug_line    0x00001b5a      0x2ab ..\obj\usart.o
 .debug_line    0x00001e05      0x199 ..\obj\core_cm0.o

.debug_str      0x00000000     0x2070
 .debug_str     0x00000000      0x645 ..\obj\stm32f0xx_rcc.o
                                0x6c4 (size before relaxing)
 .debug_str     0x00000645      0x443 ..\obj\rfm70.o
                                0x5d4 (size before relaxing)
 .debug_str     0x00000a88       0x8c ..\obj\main.o
                                0x1e6 (size before relaxing)
 .debug_str     0x00000b14      0x2cb ..\obj\stm32f0xx_gpio.o
                                0x42b (size before relaxing)
 .debug_str     0x00000ddf      0x194 ..\obj\syscalls.o
                                0x292 (size before relaxing)
 .debug_str     0x00000f73      0x6da ..\obj\stm32f0xx_usart.o
                                0x8f2 (size before relaxing)
 .debug_str     0x0000164d       0xa0 ..\obj\system_stm32f0xx.o
                                0x20d (size before relaxing)
 .debug_str     0x000016ed      0x1ba ..\obj\stm32f0xx_exti.o
                                0x2f0 (size before relaxing)
 .debug_str     0x000018a7      0x179 ..\obj\stm32f0xx_syscfg.o
                                0x2c5 (size before relaxing)
 .debug_str     0x00001a20      0x121 ..\obj\stm32f0xx_misc.o
                                0x2a5 (size before relaxing)
 .debug_str     0x00001b41      0x44b ..\obj\usart.o
                                0x7ef (size before relaxing)
 .debug_str     0x00001f8c       0xe4 ..\obj\core_cm0.o
                                0x1e0 (size before relaxing)

.comment        0x00000000       0x70
 .comment       0x00000000       0x70 ..\obj\stm32f0xx_rcc.o
                                 0x71 (size before relaxing)
 .comment       0x00000000       0x71 ..\obj\rfm70.o
 .comment       0x00000000       0x71 ..\obj\main.o
 .comment       0x00000000       0x71 ..\obj\stm32f0xx_gpio.o
 .comment       0x00000000       0x71 ..\obj\syscalls.o
 .comment       0x00000000       0x71 ..\obj\stm32f0xx_usart.o
 .comment       0x00000000       0x71 ..\obj\system_stm32f0xx.o
 .comment       0x00000000       0x71 ..\obj\stm32f0xx_exti.o
 .comment       0x00000000       0x71 ..\obj\stm32f0xx_syscfg.o
 .comment       0x00000000       0x71 ..\obj\stm32f0xx_misc.o
 .comment       0x00000000       0x71 ..\obj\usart.o
 .comment       0x00000000       0x71 ..\obj\core_cm0.o

.ARM.attributes
                0x00000000       0x2f
 .ARM.attributes
                0x00000000       0x31 ..\obj\stm32f0xx_rcc.o
 .ARM.attributes
                0x00000031       0x31 ..\obj\rfm70.o
 .ARM.attributes
                0x00000062       0x31 ..\obj\main.o
 .ARM.attributes
                0x00000093       0x21 ..\obj\startup_stm32f0xx.o
 .ARM.attributes
                0x000000b4       0x31 ..\obj\stm32f0xx_gpio.o
 .ARM.attributes
                0x000000e5       0x31 ..\obj\syscalls.o
 .ARM.attributes
                0x00000116       0x31 ..\obj\stm32f0xx_usart.o
 .ARM.attributes
                0x00000147       0x31 ..\obj\system_stm32f0xx.o
 .ARM.attributes
                0x00000178       0x31 ..\obj\stm32f0xx_exti.o
 .ARM.attributes
                0x000001a9       0x31 ..\obj\stm32f0xx_syscfg.o
 .ARM.attributes
                0x000001da       0x31 ..\obj\stm32f0xx_misc.o
 .ARM.attributes
                0x0000020b       0x31 ..\obj\usart.o
 .ARM.attributes
                0x0000023c       0x31 ..\obj\core_cm0.o
 .ARM.attributes
                0x0000026d       0x1e c:/coocox/coide/bin/../lib/gcc/arm-none-eabi/4.6.2/armv6-m\libgcc.a(_udivsi3.o)
 .ARM.attributes
                0x0000028b       0x1e c:/coocox/coide/bin/../lib/gcc/arm-none-eabi/4.6.2/armv6-m\libgcc.a(_divsi3.o)
 .ARM.attributes
                0x000002a9       0x1e c:/coocox/coide/bin/../lib/gcc/arm-none-eabi/4.6.2/armv6-m\libgcc.a(_dvmd_tls.o)

.debug_frame    0x00000000     0x1560
 .debug_frame   0x00000000      0x4e4 ..\obj\stm32f0xx_rcc.o
 .debug_frame   0x000004e4      0x210 ..\obj\rfm70.o
 .debug_frame   0x000006f4       0x70 ..\obj\main.o
 .debug_frame   0x00000764      0x1b0 ..\obj\stm32f0xx_gpio.o
 .debug_frame   0x00000914      0x12c ..\obj\syscalls.o
 .debug_frame   0x00000a40      0x630 ..\obj\stm32f0xx_usart.o
 .debug_frame   0x00001070       0x68 ..\obj\system_stm32f0xx.o
 .debug_frame   0x000010d8      0x10c ..\obj\stm32f0xx_exti.o
 .debug_frame   0x000011e4      0x110 ..\obj\stm32f0xx_syscfg.o
 .debug_frame   0x000012f4       0x70 ..\obj\stm32f0xx_misc.o
 .debug_frame   0x00001364       0x8c ..\obj\usart.o
 .debug_frame   0x000013f0      0x130 ..\obj\core_cm0.o
 .debug_frame   0x00001520       0x20 c:/coocox/coide/bin/../lib/gcc/arm-none-eabi/4.6.2/armv6-m\libgcc.a(_udivsi3.o)
 .debug_frame   0x00001540       0x20 c:/coocox/coide/bin/../lib/gcc/arm-none-eabi/4.6.2/armv6-m\libgcc.a(_divsi3.o)
