Archive member included because of file (symbol)

c:/coocox/coide/bin/../lib/gcc/arm-none-eabi/4.6.2/armv6-m\libgcc.a(_udivsi3.o)
                              ..\obj\stm32f0xx_rcc.o (__aeabi_uidiv)
c:/coocox/coide/bin/../lib/gcc/arm-none-eabi/4.6.2/armv6-m\libgcc.a(_divsi3.o)
                              ..\obj\usart.o (__aeabi_idiv)
c:/coocox/coide/bin/../lib/gcc/arm-none-eabi/4.6.2/armv6-m\libgcc.a(_dvmd_tls.o)
                              c:/coocox/coide/bin/../lib/gcc/arm-none-eabi/4.6.2/armv6-m\libgcc.a(_udivsi3.o) (__aeabi_idiv0)
c:/coocox/coide/bin/../lib/gcc/arm-none-eabi/4.6.2/../../../../arm-none-eabi/lib/armv6-m\libg.a(lib_a-sprintf.o)
                              ..\obj\main.o (sprintf)
c:/coocox/coide/bin/../lib/gcc/arm-none-eabi/4.6.2/../../../../arm-none-eabi/lib/armv6-m\libg.a(lib_a-strlen.o)
                              ..\obj\main.o (strlen)
c:/coocox/coide/bin/../lib/gcc/arm-none-eabi/4.6.2/../../../../arm-none-eabi/lib/armv6-m\libg.a(lib_a-svfprintf.o)
                              c:/coocox/coide/bin/../lib/gcc/arm-none-eabi/4.6.2/../../../../arm-none-eabi/lib/armv6-m\libg.a(lib_a-sprintf.o) (_svfprintf_r)
c:/coocox/coide/bin/../lib/gcc/arm-none-eabi/4.6.2/../../../../arm-none-eabi/lib/armv6-m\libg.a(lib_a-dtoa.o)
                              c:/coocox/coide/bin/../lib/gcc/arm-none-eabi/4.6.2/../../../../arm-none-eabi/lib/armv6-m\libg.a(lib_a-svfprintf.o) (_dtoa_r)
c:/coocox/coide/bin/../lib/gcc/arm-none-eabi/4.6.2/../../../../arm-none-eabi/lib/armv6-m\libg.a(lib_a-impure.o)
                              c:/coocox/coide/bin/../lib/gcc/arm-none-eabi/4.6.2/../../../../arm-none-eabi/lib/armv6-m\libg.a(lib_a-sprintf.o) (_impure_ptr)
c:/coocox/coide/bin/../lib/gcc/arm-none-eabi/4.6.2/../../../../arm-none-eabi/lib/armv6-m\libg.a(lib_a-locale.o)
                              c:/coocox/coide/bin/../lib/gcc/arm-none-eabi/4.6.2/../../../../arm-none-eabi/lib/armv6-m\libg.a(lib_a-svfprintf.o) (_localeconv_r)
c:/coocox/coide/bin/../lib/gcc/arm-none-eabi/4.6.2/../../../../arm-none-eabi/lib/armv6-m\libg.a(lib_a-mallocr.o)
                              c:/coocox/coide/bin/../lib/gcc/arm-none-eabi/4.6.2/../../../../arm-none-eabi/lib/armv6-m\libg.a(lib_a-svfprintf.o) (_malloc_r)
c:/coocox/coide/bin/../lib/gcc/arm-none-eabi/4.6.2/../../../../arm-none-eabi/lib/armv6-m\libg.a(lib_a-memchr.o)
                              c:/coocox/coide/bin/../lib/gcc/arm-none-eabi/4.6.2/../../../../arm-none-eabi/lib/armv6-m\libg.a(lib_a-svfprintf.o) (memchr)
c:/coocox/coide/bin/../lib/gcc/arm-none-eabi/4.6.2/../../../../arm-none-eabi/lib/armv6-m\libg.a(lib_a-memcpy.o)
                              c:/coocox/coide/bin/../lib/gcc/arm-none-eabi/4.6.2/../../../../arm-none-eabi/lib/armv6-m\libg.a(lib_a-dtoa.o) (memcpy)
c:/coocox/coide/bin/../lib/gcc/arm-none-eabi/4.6.2/../../../../arm-none-eabi/lib/armv6-m\libg.a(lib_a-mlock.o)
                              c:/coocox/coide/bin/../lib/gcc/arm-none-eabi/4.6.2/../../../../arm-none-eabi/lib/armv6-m\libg.a(lib_a-mallocr.o) (__malloc_lock)
c:/coocox/coide/bin/../lib/gcc/arm-none-eabi/4.6.2/../../../../arm-none-eabi/lib/armv6-m\libg.a(lib_a-mprec.o)
                              c:/coocox/coide/bin/../lib/gcc/arm-none-eabi/4.6.2/../../../../arm-none-eabi/lib/armv6-m\libg.a(lib_a-dtoa.o) (_Balloc)
c:/coocox/coide/bin/../lib/gcc/arm-none-eabi/4.6.2/../../../../arm-none-eabi/lib/armv6-m\libg.a(lib_a-s_fpclassify.o)
                              c:/coocox/coide/bin/../lib/gcc/arm-none-eabi/4.6.2/../../../../arm-none-eabi/lib/armv6-m\libg.a(lib_a-svfprintf.o) (__fpclassifyd)
c:/coocox/coide/bin/../lib/gcc/arm-none-eabi/4.6.2/../../../../arm-none-eabi/lib/armv6-m\libg.a(lib_a-sbrkr.o)
                              c:/coocox/coide/bin/../lib/gcc/arm-none-eabi/4.6.2/../../../../arm-none-eabi/lib/armv6-m\libg.a(lib_a-mallocr.o) (_sbrk_r)
c:/coocox/coide/bin/../lib/gcc/arm-none-eabi/4.6.2/../../../../arm-none-eabi/lib/armv6-m\libg.a(lib_a-strcmp.o)
                              c:/coocox/coide/bin/../lib/gcc/arm-none-eabi/4.6.2/../../../../arm-none-eabi/lib/armv6-m\libg.a(lib_a-locale.o) (strcmp)
c:/coocox/coide/bin/../lib/gcc/arm-none-eabi/4.6.2/../../../../arm-none-eabi/lib/armv6-m\libg.a(lib_a-svfiprintf.o)
                              c:/coocox/coide/bin/../lib/gcc/arm-none-eabi/4.6.2/../../../../arm-none-eabi/lib/armv6-m\libg.a(lib_a-svfprintf.o) (__ssprint_r)
c:/coocox/coide/bin/../lib/gcc/arm-none-eabi/4.6.2/../../../../arm-none-eabi/lib/armv6-m\libg.a(lib_a-callocr.o)
                              c:/coocox/coide/bin/../lib/gcc/arm-none-eabi/4.6.2/../../../../arm-none-eabi/lib/armv6-m\libg.a(lib_a-mprec.o) (_calloc_r)
c:/coocox/coide/bin/../lib/gcc/arm-none-eabi/4.6.2/../../../../arm-none-eabi/lib/armv6-m\libg.a(lib_a-freer.o)
                              c:/coocox/coide/bin/../lib/gcc/arm-none-eabi/4.6.2/../../../../arm-none-eabi/lib/armv6-m\libg.a(lib_a-mallocr.o) (_free_r)
c:/coocox/coide/bin/../lib/gcc/arm-none-eabi/4.6.2/../../../../arm-none-eabi/lib/armv6-m\libg.a(lib_a-memmove.o)
                              c:/coocox/coide/bin/../lib/gcc/arm-none-eabi/4.6.2/../../../../arm-none-eabi/lib/armv6-m\libg.a(lib_a-svfiprintf.o) (memmove)
c:/coocox/coide/bin/../lib/gcc/arm-none-eabi/4.6.2/../../../../arm-none-eabi/lib/armv6-m\libg.a(lib_a-memset.o)
                              c:/coocox/coide/bin/../lib/gcc/arm-none-eabi/4.6.2/../../../../arm-none-eabi/lib/armv6-m\libg.a(lib_a-callocr.o) (memset)
c:/coocox/coide/bin/../lib/gcc/arm-none-eabi/4.6.2/../../../../arm-none-eabi/lib/armv6-m\libg.a(lib_a-reallocr.o)
                              c:/coocox/coide/bin/../lib/gcc/arm-none-eabi/4.6.2/../../../../arm-none-eabi/lib/armv6-m\libg.a(lib_a-svfiprintf.o) (_realloc_r)
c:/coocox/coide/bin/../lib/gcc/arm-none-eabi/4.6.2/../../../../arm-none-eabi/lib/armv6-m\libg.a(lib_a-reent.o)
                              c:/coocox/coide/bin/../lib/gcc/arm-none-eabi/4.6.2/../../../../arm-none-eabi/lib/armv6-m\libg.a(lib_a-sbrkr.o) (errno)
c:/coocox/coide/bin/../lib/gcc/arm-none-eabi/4.6.2/armv6-m\libgcc.a(_arm_cmpdf2.o)
                              c:/coocox/coide/bin/../lib/gcc/arm-none-eabi/4.6.2/../../../../arm-none-eabi/lib/armv6-m\libg.a(lib_a-svfprintf.o) (__aeabi_dcmpeq)
c:/coocox/coide/bin/../lib/gcc/arm-none-eabi/4.6.2/armv6-m\libgcc.a(_aeabi_uldivmod.o)
                              c:/coocox/coide/bin/../lib/gcc/arm-none-eabi/4.6.2/../../../../arm-none-eabi/lib/armv6-m\libg.a(lib_a-svfprintf.o) (__aeabi_uldivmod)
c:/coocox/coide/bin/../lib/gcc/arm-none-eabi/4.6.2/armv6-m\libgcc.a(bpabi.o)
                              c:/coocox/coide/bin/../lib/gcc/arm-none-eabi/4.6.2/armv6-m\libgcc.a(_aeabi_uldivmod.o) (__gnu_uldivmod_helper)
c:/coocox/coide/bin/../lib/gcc/arm-none-eabi/4.6.2/armv6-m\libgcc.a(adddf3.o)
                              c:/coocox/coide/bin/../lib/gcc/arm-none-eabi/4.6.2/../../../../arm-none-eabi/lib/armv6-m\libg.a(lib_a-dtoa.o) (__aeabi_dadd)
c:/coocox/coide/bin/../lib/gcc/arm-none-eabi/4.6.2/armv6-m\libgcc.a(divdf3.o)
                              c:/coocox/coide/bin/../lib/gcc/arm-none-eabi/4.6.2/../../../../arm-none-eabi/lib/armv6-m\libg.a(lib_a-dtoa.o) (__aeabi_ddiv)
c:/coocox/coide/bin/../lib/gcc/arm-none-eabi/4.6.2/armv6-m\libgcc.a(eqdf2.o)
                              c:/coocox/coide/bin/../lib/gcc/arm-none-eabi/4.6.2/armv6-m\libgcc.a(_arm_cmpdf2.o) (__eqdf2)
c:/coocox/coide/bin/../lib/gcc/arm-none-eabi/4.6.2/armv6-m\libgcc.a(gedf2.o)
                              c:/coocox/coide/bin/../lib/gcc/arm-none-eabi/4.6.2/armv6-m\libgcc.a(_arm_cmpdf2.o) (__gedf2)
c:/coocox/coide/bin/../lib/gcc/arm-none-eabi/4.6.2/armv6-m\libgcc.a(ledf2.o)
                              c:/coocox/coide/bin/../lib/gcc/arm-none-eabi/4.6.2/armv6-m\libgcc.a(_arm_cmpdf2.o) (__ledf2)
c:/coocox/coide/bin/../lib/gcc/arm-none-eabi/4.6.2/armv6-m\libgcc.a(muldf3.o)
                              c:/coocox/coide/bin/../lib/gcc/arm-none-eabi/4.6.2/../../../../arm-none-eabi/lib/armv6-m\libg.a(lib_a-dtoa.o) (__aeabi_dmul)
c:/coocox/coide/bin/../lib/gcc/arm-none-eabi/4.6.2/armv6-m\libgcc.a(subdf3.o)
                              c:/coocox/coide/bin/../lib/gcc/arm-none-eabi/4.6.2/../../../../arm-none-eabi/lib/armv6-m\libg.a(lib_a-dtoa.o) (__aeabi_dsub)
c:/coocox/coide/bin/../lib/gcc/arm-none-eabi/4.6.2/armv6-m\libgcc.a(fixdfsi.o)
                              c:/coocox/coide/bin/../lib/gcc/arm-none-eabi/4.6.2/../../../../arm-none-eabi/lib/armv6-m\libg.a(lib_a-dtoa.o) (__aeabi_d2iz)
c:/coocox/coide/bin/../lib/gcc/arm-none-eabi/4.6.2/armv6-m\libgcc.a(floatsidf.o)
                              c:/coocox/coide/bin/../lib/gcc/arm-none-eabi/4.6.2/../../../../arm-none-eabi/lib/armv6-m\libg.a(lib_a-dtoa.o) (__aeabi_i2d)
c:/coocox/coide/bin/../lib/gcc/arm-none-eabi/4.6.2/armv6-m\libgcc.a(floatunsidf.o)
                              c:/coocox/coide/bin/../lib/gcc/arm-none-eabi/4.6.2/../../../../arm-none-eabi/lib/armv6-m\libg.a(lib_a-dtoa.o) (__aeabi_ui2d)
c:/coocox/coide/bin/../lib/gcc/arm-none-eabi/4.6.2/armv6-m\libgcc.a(unwind-arm.o)
                              c:/coocox/coide/bin/../lib/gcc/arm-none-eabi/4.6.2/armv6-m\libgcc.a(bpabi.o) (__aeabi_unwind_cpp_pr0)
c:/coocox/coide/bin/../lib/gcc/arm-none-eabi/4.6.2/armv6-m\libgcc.a(libunwind.o)
                              c:/coocox/coide/bin/../lib/gcc/arm-none-eabi/4.6.2/armv6-m\libgcc.a(unwind-arm.o) (restore_core_regs)
c:/coocox/coide/bin/../lib/gcc/arm-none-eabi/4.6.2/armv6-m\libgcc.a(pr-support.o)
                              c:/coocox/coide/bin/../lib/gcc/arm-none-eabi/4.6.2/armv6-m\libgcc.a(unwind-arm.o) (__gnu_unwind_execute)
c:/coocox/coide/bin/../lib/gcc/arm-none-eabi/4.6.2/armv6-m\libgcc.a(_clzsi2.o)
                              c:/coocox/coide/bin/../lib/gcc/arm-none-eabi/4.6.2/armv6-m\libgcc.a(adddf3.o) (__clzsi2)
c:/coocox/coide/bin/../lib/gcc/arm-none-eabi/4.6.2/armv6-m\libgcc.a(_muldi3.o)
                              c:/coocox/coide/bin/../lib/gcc/arm-none-eabi/4.6.2/armv6-m\libgcc.a(bpabi.o) (__aeabi_lmul)
c:/coocox/coide/bin/../lib/gcc/arm-none-eabi/4.6.2/armv6-m\libgcc.a(_divdi3.o)
                              c:/coocox/coide/bin/../lib/gcc/arm-none-eabi/4.6.2/armv6-m\libgcc.a(bpabi.o) (__divdi3)
c:/coocox/coide/bin/../lib/gcc/arm-none-eabi/4.6.2/armv6-m\libgcc.a(_udivdi3.o)
                              c:/coocox/coide/bin/../lib/gcc/arm-none-eabi/4.6.2/armv6-m\libgcc.a(bpabi.o) (__udivdi3)

Allocating common symbols
Common symbol       size              file

rf70_rx_flag        0x1               ..\obj\rfm70.o
errno               0x4               c:/coocox/coide/bin/../lib/gcc/arm-none-eabi/4.6.2/../../../../arm-none-eabi/lib/armv6-m\libg.a(lib_a-reent.o)
i                   0x1               ..\obj\main.o
RxBuffer            0x20              ..\obj\usart.o
rf70_rx_buf         0x21              ..\obj\rfm70.o
USART_InitStructure
                    0x18              ..\obj\usart.o

Discarded input sections

 .text          0x00000000        0x0 ..\obj\stm32f0xx_rcc.o
 .bss           0x00000000        0x0 ..\obj\stm32f0xx_rcc.o
 .text.RCC_DeInit
                0x00000000       0x90 ..\obj\stm32f0xx_rcc.o
 .text.RCC_HSEConfig
                0x00000000       0x48 ..\obj\stm32f0xx_rcc.o
 .text.RCC_WaitForHSEStartUp
                0x00000000       0x60 ..\obj\stm32f0xx_rcc.o
 .text.RCC_AdjustHSICalibrationValue
                0x00000000       0x4c ..\obj\stm32f0xx_rcc.o
 .text.RCC_HSICmd
                0x00000000       0x54 ..\obj\stm32f0xx_rcc.o
 .text.RCC_AdjustHSI14CalibrationValue
                0x00000000       0x4c ..\obj\stm32f0xx_rcc.o
 .text.RCC_HSI14Cmd
                0x00000000       0x54 ..\obj\stm32f0xx_rcc.o
 .text.RCC_HSI14ADCRequestCmd
                0x00000000       0x54 ..\obj\stm32f0xx_rcc.o
 .text.RCC_LSEConfig
                0x00000000       0x58 ..\obj\stm32f0xx_rcc.o
 .text.RCC_LSEDriveConfig
                0x00000000       0x50 ..\obj\stm32f0xx_rcc.o
 .text.RCC_LSICmd
                0x00000000       0x54 ..\obj\stm32f0xx_rcc.o
 .text.RCC_PLLConfig
                0x00000000       0xf4 ..\obj\stm32f0xx_rcc.o
 .text.RCC_PLLCmd
                0x00000000       0x5c ..\obj\stm32f0xx_rcc.o
 .text.RCC_PREDIV1Config
                0x00000000       0xa0 ..\obj\stm32f0xx_rcc.o
 .text.RCC_ClockSecuritySystemCmd
                0x00000000       0x5c ..\obj\stm32f0xx_rcc.o
 .text.RCC_MCOConfig
                0x00000000       0x6c ..\obj\stm32f0xx_rcc.o
 .text.RCC_SYSCLKConfig
                0x00000000       0x50 ..\obj\stm32f0xx_rcc.o
 .text.RCC_GetSYSCLKSource
                0x00000000       0x1c ..\obj\stm32f0xx_rcc.o
 .text.RCC_HCLKConfig
                0x00000000       0x74 ..\obj\stm32f0xx_rcc.o
 .text.RCC_PCLKConfig
                0x00000000       0x70 ..\obj\stm32f0xx_rcc.o
 .text.RCC_ADCCLKConfig
                0x00000000       0x80 ..\obj\stm32f0xx_rcc.o
 .text.RCC_CECCLKConfig
                0x00000000       0x44 ..\obj\stm32f0xx_rcc.o
 .text.RCC_I2CCLKConfig
                0x00000000       0x44 ..\obj\stm32f0xx_rcc.o
 .text.RCC_USARTCLKConfig
                0x00000000       0x50 ..\obj\stm32f0xx_rcc.o
 .text.RCC_RTCCLKConfig
                0x00000000       0x4c ..\obj\stm32f0xx_rcc.o
 .text.RCC_RTCCLKCmd
                0x00000000       0x5c ..\obj\stm32f0xx_rcc.o
 .text.RCC_BackupResetCmd
                0x00000000       0x5c ..\obj\stm32f0xx_rcc.o
 .text.RCC_APB1PeriphClockCmd
                0x00000000       0x78 ..\obj\stm32f0xx_rcc.o
 .text.RCC_AHBPeriphResetCmd
                0x00000000       0x78 ..\obj\stm32f0xx_rcc.o
 .text.RCC_APB2PeriphResetCmd
                0x00000000       0x78 ..\obj\stm32f0xx_rcc.o
 .text.RCC_APB1PeriphResetCmd
                0x00000000       0x78 ..\obj\stm32f0xx_rcc.o
 .text.RCC_ITConfig
                0x00000000       0x88 ..\obj\stm32f0xx_rcc.o
 .text.RCC_GetFlagStatus
                0x00000000      0x118 ..\obj\stm32f0xx_rcc.o
 .text.RCC_ClearFlag
                0x00000000       0x1c ..\obj\stm32f0xx_rcc.o
 .text.RCC_GetITStatus
                0x00000000       0x88 ..\obj\stm32f0xx_rcc.o
 .text.RCC_ClearITPendingBit
                0x00000000       0x3c ..\obj\stm32f0xx_rcc.o
 .text          0x00000000        0x0 ..\obj\rfm70.o
 .data          0x00000000        0x0 ..\obj\rfm70.o
 .text          0x00000000        0x0 ..\obj\main.o
 .data          0x00000000        0x0 ..\obj\main.o
 .bss           0x00000000        0x0 ..\obj\main.o
 .text          0x00000000       0x14 ..\obj\startup_stm32f0xx.o
 .data          0x00000000        0x0 ..\obj\startup_stm32f0xx.o
 .bss           0x00000000        0x0 ..\obj\startup_stm32f0xx.o
 .text          0x00000000        0x0 ..\obj\stm32f0xx_gpio.o
 .data          0x00000000        0x0 ..\obj\stm32f0xx_gpio.o
 .bss           0x00000000        0x0 ..\obj\stm32f0xx_gpio.o
 .text.GPIO_DeInit
                0x00000000      0x100 ..\obj\stm32f0xx_gpio.o
 .text.GPIO_StructInit
                0x00000000       0x30 ..\obj\stm32f0xx_gpio.o
 .text.GPIO_PinLockConfig
                0x00000000       0x74 ..\obj\stm32f0xx_gpio.o
 .text.GPIO_ReadInputDataBit
                0x00000000      0x13c ..\obj\stm32f0xx_gpio.o
 .text.GPIO_ReadInputData
                0x00000000       0x5c ..\obj\stm32f0xx_gpio.o
 .text.GPIO_ReadOutputDataBit
                0x00000000      0x13c ..\obj\stm32f0xx_gpio.o
 .text.GPIO_ReadOutputData
                0x00000000       0x5c ..\obj\stm32f0xx_gpio.o
 .text.GPIO_SetBits
                0x00000000       0x70 ..\obj\stm32f0xx_gpio.o
 .text.GPIO_ResetBits
                0x00000000       0x70 ..\obj\stm32f0xx_gpio.o
 .text.GPIO_WriteBit
                0x00000000      0x140 ..\obj\stm32f0xx_gpio.o
 .text.GPIO_Write
                0x00000000       0x64 ..\obj\stm32f0xx_gpio.o
 .text          0x00000000        0x0 ..\obj\syscalls.o
 .data          0x00000000        0x0 ..\obj\syscalls.o
 .text.link     0x00000000       0x18 ..\obj\syscalls.o
 .text._close   0x00000000       0x14 ..\obj\syscalls.o
 .text._fstat   0x00000000       0x1c ..\obj\syscalls.o
 .text._isatty  0x00000000       0x14 ..\obj\syscalls.o
 .text._lseek   0x00000000       0x18 ..\obj\syscalls.o
 .text._read    0x00000000       0x18 ..\obj\syscalls.o
 .text._write   0x00000000       0x18 ..\obj\syscalls.o
 .text          0x00000000        0x0 ..\obj\stm32f0xx_usart.o
 .data          0x00000000        0x0 ..\obj\stm32f0xx_usart.o
 .bss           0x00000000        0x0 ..\obj\stm32f0xx_usart.o
 .text.USART_DeInit
                0x00000000       0x74 ..\obj\stm32f0xx_usart.o
 .text.USART_StructInit
                0x00000000       0x34 ..\obj\stm32f0xx_usart.o
 .text.USART_ClockInit
                0x00000000       0xec ..\obj\stm32f0xx_usart.o
 .text.USART_ClockStructInit
                0x00000000       0x28 ..\obj\stm32f0xx_usart.o
 .text.USART_DirectionModeCmd
                0x00000000       0x94 ..\obj\stm32f0xx_usart.o
 .text.USART_OverSampling8Cmd
                0x00000000       0x80 ..\obj\stm32f0xx_usart.o
 .text.USART_OneBitMethodCmd
                0x00000000       0x80 ..\obj\stm32f0xx_usart.o
 .text.USART_MSBFirstCmd
                0x00000000       0x80 ..\obj\stm32f0xx_usart.o
 .text.USART_DataInvCmd
                0x00000000       0x80 ..\obj\stm32f0xx_usart.o
 .text.USART_InvPinCmd
                0x00000000       0x98 ..\obj\stm32f0xx_usart.o
 .text.USART_SWAPPinCmd
                0x00000000       0x80 ..\obj\stm32f0xx_usart.o
 .text.USART_ReceiverTimeOutCmd
                0x00000000       0x70 ..\obj\stm32f0xx_usart.o
 .text.USART_SetReceiverTimeOut
                0x00000000       0x54 ..\obj\stm32f0xx_usart.o
 .text.USART_SetPrescaler
                0x00000000       0x4c ..\obj\stm32f0xx_usart.o
 .text.USART_STOPModeCmd
                0x00000000       0x6c ..\obj\stm32f0xx_usart.o
 .text.USART_StopModeWakeUpSourceConfig
                0x00000000       0x6c ..\obj\stm32f0xx_usart.o
 .text.USART_AutoBaudRateCmd
                0x00000000       0x70 ..\obj\stm32f0xx_usart.o
 .text.USART_AutoBaudRateConfig
                0x00000000       0x60 ..\obj\stm32f0xx_usart.o
 .text.USART_ReceiveData
                0x00000000       0x40 ..\obj\stm32f0xx_usart.o
 .text.USART_SetAddress
                0x00000000       0x58 ..\obj\stm32f0xx_usart.o
 .text.USART_MuteModeCmd
                0x00000000       0x80 ..\obj\stm32f0xx_usart.o
 .text.USART_MuteModeWakeUpConfig
                0x00000000       0x70 ..\obj\stm32f0xx_usart.o
 .text.USART_AddressDetectionConfig
                0x00000000       0x6c ..\obj\stm32f0xx_usart.o
 .text.USART_LINBreakDetectLengthConfig
                0x00000000       0x5c ..\obj\stm32f0xx_usart.o
 .text.USART_LINCmd
                0x00000000       0x70 ..\obj\stm32f0xx_usart.o
 .text.USART_HalfDuplexCmd
                0x00000000       0x7c ..\obj\stm32f0xx_usart.o
 .text.USART_SetGuardTime
                0x00000000       0x50 ..\obj\stm32f0xx_usart.o
 .text.USART_SmartCardCmd
                0x00000000       0x6c ..\obj\stm32f0xx_usart.o
 .text.USART_SmartCardNACKCmd
                0x00000000       0x6c ..\obj\stm32f0xx_usart.o
 .text.USART_SetAutoRetryCount
                0x00000000       0x60 ..\obj\stm32f0xx_usart.o
 .text.USART_SetBlockLength
                0x00000000       0x48 ..\obj\stm32f0xx_usart.o
 .text.USART_IrDAConfig
                0x00000000       0x5c ..\obj\stm32f0xx_usart.o
 .text.USART_IrDACmd
                0x00000000       0x6c ..\obj\stm32f0xx_usart.o
 .text.USART_DECmd
                0x00000000       0x80 ..\obj\stm32f0xx_usart.o
 .text.USART_DEPolarityConfig
                0x00000000       0x70 ..\obj\stm32f0xx_usart.o
 .text.USART_SetDEAssertionTime
                0x00000000       0x68 ..\obj\stm32f0xx_usart.o
 .text.USART_SetDEDeassertionTime
                0x00000000       0x68 ..\obj\stm32f0xx_usart.o
 .text.USART_DMACmd
                0x00000000       0x94 ..\obj\stm32f0xx_usart.o
 .text.USART_DMAReceptionErrorConfig
                0x00000000       0x70 ..\obj\stm32f0xx_usart.o
 .text.USART_ITConfig
                0x00000000      0x15c ..\obj\stm32f0xx_usart.o
 .text.USART_RequestCmd
                0x00000000       0xb0 ..\obj\stm32f0xx_usart.o
 .text.USART_OverrunDetectionConfig
                0x00000000       0x70 ..\obj\stm32f0xx_usart.o
 .text.USART_GetFlagStatus
                0x00000000      0x12c ..\obj\stm32f0xx_usart.o
 .text.USART_ClearFlag
                0x00000000       0xa8 ..\obj\stm32f0xx_usart.o
 .text.USART_GetITStatus
                0x00000000      0x190 ..\obj\stm32f0xx_usart.o
 .text.USART_ClearITPendingBit
                0x00000000       0xf0 ..\obj\stm32f0xx_usart.o
 .text          0x00000000        0x0 ..\obj\system_stm32f0xx.o
 .data          0x00000000       0x14 ..\obj\system_stm32f0xx.o
 .bss           0x00000000        0x0 ..\obj\system_stm32f0xx.o
 .text.SystemCoreClockUpdate
                0x00000000       0xdc ..\obj\system_stm32f0xx.o
 .text          0x00000000        0x0 ..\obj\stm32f0xx_exti.o
 .data          0x00000000        0x0 ..\obj\stm32f0xx_exti.o
 .bss           0x00000000        0x0 ..\obj\stm32f0xx_exti.o
 .text.EXTI_DeInit
                0x00000000       0x34 ..\obj\stm32f0xx_exti.o
 .text.EXTI_Init
                0x00000000      0x164 ..\obj\stm32f0xx_exti.o
 .text.EXTI_StructInit
                0x00000000       0x28 ..\obj\stm32f0xx_exti.o
 .text.EXTI_GenerateSWInterrupt
                0x00000000       0x40 ..\obj\stm32f0xx_exti.o
 .text.EXTI_GetFlagStatus
                0x00000000       0xfc ..\obj\stm32f0xx_exti.o
 .text.EXTI_ClearFlag
                0x00000000       0x38 ..\obj\stm32f0xx_exti.o
 .text.EXTI_GetITStatus
                0x00000000      0x110 ..\obj\stm32f0xx_exti.o
 .text.EXTI_ClearITPendingBit
                0x00000000       0x38 ..\obj\stm32f0xx_exti.o
 .text          0x00000000        0x0 ..\obj\stm32f0xx_syscfg.o
 .data          0x00000000        0x0 ..\obj\stm32f0xx_syscfg.o
 .bss           0x00000000        0x0 ..\obj\stm32f0xx_syscfg.o
 .text.SYSCFG_DeInit
                0x00000000       0x40 ..\obj\stm32f0xx_syscfg.o
 .text.SYSCFG_MemoryRemapConfig
                0x00000000       0x50 ..\obj\stm32f0xx_syscfg.o
 .text.SYSCFG_DMAChannelRemapConfig
                0x00000000       0x98 ..\obj\stm32f0xx_syscfg.o
 .text.SYSCFG_I2CFastModePlusConfig
                0x00000000       0x90 ..\obj\stm32f0xx_syscfg.o
 .text.SYSCFG_EXTILineConfig
                0x00000000      0x154 ..\obj\stm32f0xx_syscfg.o
 .text.SYSCFG_BreakConfig
                0x00000000       0x40 ..\obj\stm32f0xx_syscfg.o
 .text.SYSCFG_GetFlagStatus
                0x00000000       0x54 ..\obj\stm32f0xx_syscfg.o
 .text.SYSCFG_ClearFlag
                0x00000000       0x30 ..\obj\stm32f0xx_syscfg.o
 .text          0x00000000        0x0 ..\obj\stm32f0xx_misc.o
 .data          0x00000000        0x0 ..\obj\stm32f0xx_misc.o
 .bss           0x00000000        0x0 ..\obj\stm32f0xx_misc.o
 .text.NVIC_SystemLPConfig
                0x00000000       0x88 ..\obj\stm32f0xx_misc.o
 .text.SysTick_CLKSourceConfig
                0x00000000       0x4c ..\obj\stm32f0xx_misc.o
 .text          0x00000000        0x0 ..\obj\usart.o
 .data          0x00000000       0x2c ..\obj\usart.o
 .bss           0x00000000        0xc ..\obj\usart.o
 .text.fputc    0x00000000       0x38 ..\obj\usart.o
 .text.itoa     0x00000000       0x94 ..\obj\usart.o
 COMMON         0x00000000       0x38 ..\obj\usart.o
 .text          0x00000000        0x0 ..\obj\core_cm0.o
 .data          0x00000000        0x0 ..\obj\core_cm0.o
 .bss           0x00000000        0x0 ..\obj\core_cm0.o
 .text.__get_PSP
                0x00000000       0x10 ..\obj\core_cm0.o
 .text.__set_PSP
                0x00000000        0x8 ..\obj\core_cm0.o
 .text.__get_MSP
                0x00000000       0x10 ..\obj\core_cm0.o
 .text.__set_MSP
                0x00000000        0x8 ..\obj\core_cm0.o
 .text.__get_PRIMASK
                0x00000000       0x1c ..\obj\core_cm0.o
 .text.__set_PRIMASK
                0x00000000       0x14 ..\obj\core_cm0.o
 .text.__get_CONTROL
                0x00000000       0x1c ..\obj\core_cm0.o
 .text.__set_CONTROL
                0x00000000       0x14 ..\obj\core_cm0.o
 .text.__REV    0x00000000       0x1c ..\obj\core_cm0.o
 .text.__REV16  0x00000000       0x24 ..\obj\core_cm0.o
 .text.__REVSH  0x00000000       0x24 ..\obj\core_cm0.o
 .data          0x00000000        0x0 c:/coocox/coide/bin/../lib/gcc/arm-none-eabi/4.6.2/armv6-m\libgcc.a(_udivsi3.o)
 .bss           0x00000000        0x0 c:/coocox/coide/bin/../lib/gcc/arm-none-eabi/4.6.2/armv6-m\libgcc.a(_udivsi3.o)
 .data          0x00000000        0x0 c:/coocox/coide/bin/../lib/gcc/arm-none-eabi/4.6.2/armv6-m\libgcc.a(_divsi3.o)
 .bss           0x00000000        0x0 c:/coocox/coide/bin/../lib/gcc/arm-none-eabi/4.6.2/armv6-m\libgcc.a(_divsi3.o)
 .data          0x00000000        0x0 c:/coocox/coide/bin/../lib/gcc/arm-none-eabi/4.6.2/armv6-m\libgcc.a(_dvmd_tls.o)
 .bss           0x00000000        0x0 c:/coocox/coide/bin/../lib/gcc/arm-none-eabi/4.6.2/armv6-m\libgcc.a(_dvmd_tls.o)
 .text          0x00000000        0x0 c:/coocox/coide/bin/../lib/gcc/arm-none-eabi/4.6.2/../../../../arm-none-eabi/lib/armv6-m\libg.a(lib_a-sprintf.o)
 .data          0x00000000        0x0 c:/coocox/coide/bin/../lib/gcc/arm-none-eabi/4.6.2/../../../../arm-none-eabi/lib/armv6-m\libg.a(lib_a-sprintf.o)
 .bss           0x00000000        0x0 c:/coocox/coide/bin/../lib/gcc/arm-none-eabi/4.6.2/../../../../arm-none-eabi/lib/armv6-m\libg.a(lib_a-sprintf.o)
 .text._sprintf_r
                0x00000000       0x40 c:/coocox/coide/bin/../lib/gcc/arm-none-eabi/4.6.2/../../../../arm-none-eabi/lib/armv6-m\libg.a(lib_a-sprintf.o)
 .text          0x00000000        0x0 c:/coocox/coide/bin/../lib/gcc/arm-none-eabi/4.6.2/../../../../arm-none-eabi/lib/armv6-m\libg.a(lib_a-strlen.o)
 .data          0x00000000        0x0 c:/coocox/coide/bin/../lib/gcc/arm-none-eabi/4.6.2/../../../../arm-none-eabi/lib/armv6-m\libg.a(lib_a-strlen.o)
 .bss           0x00000000        0x0 c:/coocox/coide/bin/../lib/gcc/arm-none-eabi/4.6.2/../../../../arm-none-eabi/lib/armv6-m\libg.a(lib_a-strlen.o)
 .text          0x00000000        0x0 c:/coocox/coide/bin/../lib/gcc/arm-none-eabi/4.6.2/../../../../arm-none-eabi/lib/armv6-m\libg.a(lib_a-svfprintf.o)
 .data          0x00000000        0x0 c:/coocox/coide/bin/../lib/gcc/arm-none-eabi/4.6.2/../../../../arm-none-eabi/lib/armv6-m\libg.a(lib_a-svfprintf.o)
 .bss           0x00000000        0x0 c:/coocox/coide/bin/../lib/gcc/arm-none-eabi/4.6.2/../../../../arm-none-eabi/lib/armv6-m\libg.a(lib_a-svfprintf.o)
 .text          0x00000000        0x0 c:/coocox/coide/bin/../lib/gcc/arm-none-eabi/4.6.2/../../../../arm-none-eabi/lib/armv6-m\libg.a(lib_a-dtoa.o)
 .data          0x00000000        0x0 c:/coocox/coide/bin/../lib/gcc/arm-none-eabi/4.6.2/../../../../arm-none-eabi/lib/armv6-m\libg.a(lib_a-dtoa.o)
 .bss           0x00000000        0x0 c:/coocox/coide/bin/../lib/gcc/arm-none-eabi/4.6.2/../../../../arm-none-eabi/lib/armv6-m\libg.a(lib_a-dtoa.o)
 .text          0x00000000        0x0 c:/coocox/coide/bin/../lib/gcc/arm-none-eabi/4.6.2/../../../../arm-none-eabi/lib/armv6-m\libg.a(lib_a-impure.o)
 .data          0x00000000        0x0 c:/coocox/coide/bin/../lib/gcc/arm-none-eabi/4.6.2/../../../../arm-none-eabi/lib/armv6-m\libg.a(lib_a-impure.o)
 .bss           0x00000000        0x0 c:/coocox/coide/bin/../lib/gcc/arm-none-eabi/4.6.2/../../../../arm-none-eabi/lib/armv6-m\libg.a(lib_a-impure.o)
 .rodata._global_impure_ptr
                0x00000000        0x4 c:/coocox/coide/bin/../lib/gcc/arm-none-eabi/4.6.2/../../../../arm-none-eabi/lib/armv6-m\libg.a(lib_a-impure.o)
 .text          0x00000000        0x0 c:/coocox/coide/bin/../lib/gcc/arm-none-eabi/4.6.2/../../../../arm-none-eabi/lib/armv6-m\libg.a(lib_a-locale.o)
 .data          0x00000000        0x0 c:/coocox/coide/bin/../lib/gcc/arm-none-eabi/4.6.2/../../../../arm-none-eabi/lib/armv6-m\libg.a(lib_a-locale.o)
 .bss           0x00000000        0x0 c:/coocox/coide/bin/../lib/gcc/arm-none-eabi/4.6.2/../../../../arm-none-eabi/lib/armv6-m\libg.a(lib_a-locale.o)
 .text._setlocale_r
                0x00000000       0x48 c:/coocox/coide/bin/../lib/gcc/arm-none-eabi/4.6.2/../../../../arm-none-eabi/lib/armv6-m\libg.a(lib_a-locale.o)
 .text.__locale_charset
                0x00000000        0x8 c:/coocox/coide/bin/../lib/gcc/arm-none-eabi/4.6.2/../../../../arm-none-eabi/lib/armv6-m\libg.a(lib_a-locale.o)
 .text.__locale_mb_cur_max
                0x00000000        0xc c:/coocox/coide/bin/../lib/gcc/arm-none-eabi/4.6.2/../../../../arm-none-eabi/lib/armv6-m\libg.a(lib_a-locale.o)
 .text.__locale_msgcharset
                0x00000000        0x8 c:/coocox/coide/bin/../lib/gcc/arm-none-eabi/4.6.2/../../../../arm-none-eabi/lib/armv6-m\libg.a(lib_a-locale.o)
 .text.__locale_cjk_lang
                0x00000000        0x4 c:/coocox/coide/bin/../lib/gcc/arm-none-eabi/4.6.2/../../../../arm-none-eabi/lib/armv6-m\libg.a(lib_a-locale.o)
 .text.setlocale
                0x00000000       0x18 c:/coocox/coide/bin/../lib/gcc/arm-none-eabi/4.6.2/../../../../arm-none-eabi/lib/armv6-m\libg.a(lib_a-locale.o)
 .text.localeconv
                0x00000000        0x8 c:/coocox/coide/bin/../lib/gcc/arm-none-eabi/4.6.2/../../../../arm-none-eabi/lib/armv6-m\libg.a(lib_a-locale.o)
 .data.lc_message_charset
                0x00000000       0x20 c:/coocox/coide/bin/../lib/gcc/arm-none-eabi/4.6.2/../../../../arm-none-eabi/lib/armv6-m\libg.a(lib_a-locale.o)
 .bss._PathLocale
                0x00000000        0x4 c:/coocox/coide/bin/../lib/gcc/arm-none-eabi/4.6.2/../../../../arm-none-eabi/lib/armv6-m\libg.a(lib_a-locale.o)
 .bss.__nlocale_changed
                0x00000000        0x4 c:/coocox/coide/bin/../lib/gcc/arm-none-eabi/4.6.2/../../../../arm-none-eabi/lib/armv6-m\libg.a(lib_a-locale.o)
 .bss.__mlocale_changed
                0x00000000        0x4 c:/coocox/coide/bin/../lib/gcc/arm-none-eabi/4.6.2/../../../../arm-none-eabi/lib/armv6-m\libg.a(lib_a-locale.o)
 .data.lc_ctype_charset
                0x00000000       0x20 c:/coocox/coide/bin/../lib/gcc/arm-none-eabi/4.6.2/../../../../arm-none-eabi/lib/armv6-m\libg.a(lib_a-locale.o)
 .data.__mb_cur_max
                0x00000000        0x4 c:/coocox/coide/bin/../lib/gcc/arm-none-eabi/4.6.2/../../../../arm-none-eabi/lib/armv6-m\libg.a(lib_a-locale.o)
 .text          0x00000000        0x0 c:/coocox/coide/bin/../lib/gcc/arm-none-eabi/4.6.2/../../../../arm-none-eabi/lib/armv6-m\libg.a(lib_a-mallocr.o)
 .data          0x00000000        0x0 c:/coocox/coide/bin/../lib/gcc/arm-none-eabi/4.6.2/../../../../arm-none-eabi/lib/armv6-m\libg.a(lib_a-mallocr.o)
 .bss           0x00000000        0x0 c:/coocox/coide/bin/../lib/gcc/arm-none-eabi/4.6.2/../../../../arm-none-eabi/lib/armv6-m\libg.a(lib_a-mallocr.o)
 .text          0x00000000        0x0 c:/coocox/coide/bin/../lib/gcc/arm-none-eabi/4.6.2/../../../../arm-none-eabi/lib/armv6-m\libg.a(lib_a-memchr.o)
 .data          0x00000000        0x0 c:/coocox/coide/bin/../lib/gcc/arm-none-eabi/4.6.2/../../../../arm-none-eabi/lib/armv6-m\libg.a(lib_a-memchr.o)
 .bss           0x00000000        0x0 c:/coocox/coide/bin/../lib/gcc/arm-none-eabi/4.6.2/../../../../arm-none-eabi/lib/armv6-m\libg.a(lib_a-memchr.o)
 .text          0x00000000        0x0 c:/coocox/coide/bin/../lib/gcc/arm-none-eabi/4.6.2/../../../../arm-none-eabi/lib/armv6-m\libg.a(lib_a-memcpy.o)
 .data          0x00000000        0x0 c:/coocox/coide/bin/../lib/gcc/arm-none-eabi/4.6.2/../../../../arm-none-eabi/lib/armv6-m\libg.a(lib_a-memcpy.o)
 .bss           0x00000000        0x0 c:/coocox/coide/bin/../lib/gcc/arm-none-eabi/4.6.2/../../../../arm-none-eabi/lib/armv6-m\libg.a(lib_a-memcpy.o)
 .text          0x00000000        0x0 c:/coocox/coide/bin/../lib/gcc/arm-none-eabi/4.6.2/../../../../arm-none-eabi/lib/armv6-m\libg.a(lib_a-mlock.o)
 .data          0x00000000        0x0 c:/coocox/coide/bin/../lib/gcc/arm-none-eabi/4.6.2/../../../../arm-none-eabi/lib/armv6-m\libg.a(lib_a-mlock.o)
 .bss           0x00000000        0x0 c:/coocox/coide/bin/../lib/gcc/arm-none-eabi/4.6.2/../../../../arm-none-eabi/lib/armv6-m\libg.a(lib_a-mlock.o)
 .text          0x00000000        0x0 c:/coocox/coide/bin/../lib/gcc/arm-none-eabi/4.6.2/../../../../arm-none-eabi/lib/armv6-m\libg.a(lib_a-mprec.o)
 .data          0x00000000        0x0 c:/coocox/coide/bin/../lib/gcc/arm-none-eabi/4.6.2/../../../../arm-none-eabi/lib/armv6-m\libg.a(lib_a-mprec.o)
 .bss           0x00000000        0x0 c:/coocox/coide/bin/../lib/gcc/arm-none-eabi/4.6.2/../../../../arm-none-eabi/lib/armv6-m\libg.a(lib_a-mprec.o)
 .text.__s2b    0x00000000       0x90 c:/coocox/coide/bin/../lib/gcc/arm-none-eabi/4.6.2/../../../../arm-none-eabi/lib/armv6-m\libg.a(lib_a-mprec.o)
 .text.__ulp    0x00000000       0x44 c:/coocox/coide/bin/../lib/gcc/arm-none-eabi/4.6.2/../../../../arm-none-eabi/lib/armv6-m\libg.a(lib_a-mprec.o)
 .text.__b2d    0x00000000       0xb8 c:/coocox/coide/bin/../lib/gcc/arm-none-eabi/4.6.2/../../../../arm-none-eabi/lib/armv6-m\libg.a(lib_a-mprec.o)
 .text.__ratio  0x00000000       0x68 c:/coocox/coide/bin/../lib/gcc/arm-none-eabi/4.6.2/../../../../arm-none-eabi/lib/armv6-m\libg.a(lib_a-mprec.o)
 .text._mprec_log10
                0x00000000       0x40 c:/coocox/coide/bin/../lib/gcc/arm-none-eabi/4.6.2/../../../../arm-none-eabi/lib/armv6-m\libg.a(lib_a-mprec.o)
 .text.__copybits
                0x00000000       0x44 c:/coocox/coide/bin/../lib/gcc/arm-none-eabi/4.6.2/../../../../arm-none-eabi/lib/armv6-m\libg.a(lib_a-mprec.o)
 .text.__any_on
                0x00000000       0x60 c:/coocox/coide/bin/../lib/gcc/arm-none-eabi/4.6.2/../../../../arm-none-eabi/lib/armv6-m\libg.a(lib_a-mprec.o)
 .rodata.__mprec_tinytens
                0x00000000       0x28 c:/coocox/coide/bin/../lib/gcc/arm-none-eabi/4.6.2/../../../../arm-none-eabi/lib/armv6-m\libg.a(lib_a-mprec.o)
 .text          0x00000000        0x0 c:/coocox/coide/bin/../lib/gcc/arm-none-eabi/4.6.2/../../../../arm-none-eabi/lib/armv6-m\libg.a(lib_a-s_fpclassify.o)
 .data          0x00000000        0x0 c:/coocox/coide/bin/../lib/gcc/arm-none-eabi/4.6.2/../../../../arm-none-eabi/lib/armv6-m\libg.a(lib_a-s_fpclassify.o)
 .bss           0x00000000        0x0 c:/coocox/coide/bin/../lib/gcc/arm-none-eabi/4.6.2/../../../../arm-none-eabi/lib/armv6-m\libg.a(lib_a-s_fpclassify.o)
 .text          0x00000000        0x0 c:/coocox/coide/bin/../lib/gcc/arm-none-eabi/4.6.2/../../../../arm-none-eabi/lib/armv6-m\libg.a(lib_a-sbrkr.o)
 .data          0x00000000        0x0 c:/coocox/coide/bin/../lib/gcc/arm-none-eabi/4.6.2/../../../../arm-none-eabi/lib/armv6-m\libg.a(lib_a-sbrkr.o)
 .bss           0x00000000        0x0 c:/coocox/coide/bin/../lib/gcc/arm-none-eabi/4.6.2/../../../../arm-none-eabi/lib/armv6-m\libg.a(lib_a-sbrkr.o)
 .text          0x00000000        0x0 c:/coocox/coide/bin/../lib/gcc/arm-none-eabi/4.6.2/../../../../arm-none-eabi/lib/armv6-m\libg.a(lib_a-strcmp.o)
 .data          0x00000000        0x0 c:/coocox/coide/bin/../lib/gcc/arm-none-eabi/4.6.2/../../../../arm-none-eabi/lib/armv6-m\libg.a(lib_a-strcmp.o)
 .bss           0x00000000        0x0 c:/coocox/coide/bin/../lib/gcc/arm-none-eabi/4.6.2/../../../../arm-none-eabi/lib/armv6-m\libg.a(lib_a-strcmp.o)
 .text.strcmp   0x00000000       0x14 c:/coocox/coide/bin/../lib/gcc/arm-none-eabi/4.6.2/../../../../arm-none-eabi/lib/armv6-m\libg.a(lib_a-strcmp.o)
 .text          0x00000000        0x0 c:/coocox/coide/bin/../lib/gcc/arm-none-eabi/4.6.2/../../../../arm-none-eabi/lib/armv6-m\libg.a(lib_a-svfiprintf.o)
 .data          0x00000000        0x0 c:/coocox/coide/bin/../lib/gcc/arm-none-eabi/4.6.2/../../../../arm-none-eabi/lib/armv6-m\libg.a(lib_a-svfiprintf.o)
 .bss           0x00000000        0x0 c:/coocox/coide/bin/../lib/gcc/arm-none-eabi/4.6.2/../../../../arm-none-eabi/lib/armv6-m\libg.a(lib_a-svfiprintf.o)
 .text._svfiprintf_r
                0x00000000      0xa54 c:/coocox/coide/bin/../lib/gcc/arm-none-eabi/4.6.2/../../../../arm-none-eabi/lib/armv6-m\libg.a(lib_a-svfiprintf.o)
 .rodata._svfiprintf_r
                0x00000000      0x164 c:/coocox/coide/bin/../lib/gcc/arm-none-eabi/4.6.2/../../../../arm-none-eabi/lib/armv6-m\libg.a(lib_a-svfiprintf.o)
 .rodata.zeroes.6534
                0x00000000       0x10 c:/coocox/coide/bin/../lib/gcc/arm-none-eabi/4.6.2/../../../../arm-none-eabi/lib/armv6-m\libg.a(lib_a-svfiprintf.o)
 .rodata.str1.4
                0x00000000       0x30 c:/coocox/coide/bin/../lib/gcc/arm-none-eabi/4.6.2/../../../../arm-none-eabi/lib/armv6-m\libg.a(lib_a-svfiprintf.o)
 .rodata.blanks.6533
                0x00000000       0x10 c:/coocox/coide/bin/../lib/gcc/arm-none-eabi/4.6.2/../../../../arm-none-eabi/lib/armv6-m\libg.a(lib_a-svfiprintf.o)
 .text          0x00000000        0x0 c:/coocox/coide/bin/../lib/gcc/arm-none-eabi/4.6.2/../../../../arm-none-eabi/lib/armv6-m\libg.a(lib_a-callocr.o)
 .data          0x00000000        0x0 c:/coocox/coide/bin/../lib/gcc/arm-none-eabi/4.6.2/../../../../arm-none-eabi/lib/armv6-m\libg.a(lib_a-callocr.o)
 .bss           0x00000000        0x0 c:/coocox/coide/bin/../lib/gcc/arm-none-eabi/4.6.2/../../../../arm-none-eabi/lib/armv6-m\libg.a(lib_a-callocr.o)
 .text          0x00000000        0x0 c:/coocox/coide/bin/../lib/gcc/arm-none-eabi/4.6.2/../../../../arm-none-eabi/lib/armv6-m\libg.a(lib_a-freer.o)
 .data          0x00000000        0x0 c:/coocox/coide/bin/../lib/gcc/arm-none-eabi/4.6.2/../../../../arm-none-eabi/lib/armv6-m\libg.a(lib_a-freer.o)
 .bss           0x00000000        0x0 c:/coocox/coide/bin/../lib/gcc/arm-none-eabi/4.6.2/../../../../arm-none-eabi/lib/armv6-m\libg.a(lib_a-freer.o)
 .text          0x00000000        0x0 c:/coocox/coide/bin/../lib/gcc/arm-none-eabi/4.6.2/../../../../arm-none-eabi/lib/armv6-m\libg.a(lib_a-memmove.o)
 .data          0x00000000        0x0 c:/coocox/coide/bin/../lib/gcc/arm-none-eabi/4.6.2/../../../../arm-none-eabi/lib/armv6-m\libg.a(lib_a-memmove.o)
 .bss           0x00000000        0x0 c:/coocox/coide/bin/../lib/gcc/arm-none-eabi/4.6.2/../../../../arm-none-eabi/lib/armv6-m\libg.a(lib_a-memmove.o)
 .text          0x00000000        0x0 c:/coocox/coide/bin/../lib/gcc/arm-none-eabi/4.6.2/../../../../arm-none-eabi/lib/armv6-m\libg.a(lib_a-memset.o)
 .data          0x00000000        0x0 c:/coocox/coide/bin/../lib/gcc/arm-none-eabi/4.6.2/../../../../arm-none-eabi/lib/armv6-m\libg.a(lib_a-memset.o)
 .bss           0x00000000        0x0 c:/coocox/coide/bin/../lib/gcc/arm-none-eabi/4.6.2/../../../../arm-none-eabi/lib/armv6-m\libg.a(lib_a-memset.o)
 .text          0x00000000        0x0 c:/coocox/coide/bin/../lib/gcc/arm-none-eabi/4.6.2/../../../../arm-none-eabi/lib/armv6-m\libg.a(lib_a-reallocr.o)
 .data          0x00000000        0x0 c:/coocox/coide/bin/../lib/gcc/arm-none-eabi/4.6.2/../../../../arm-none-eabi/lib/armv6-m\libg.a(lib_a-reallocr.o)
 .bss           0x00000000        0x0 c:/coocox/coide/bin/../lib/gcc/arm-none-eabi/4.6.2/../../../../arm-none-eabi/lib/armv6-m\libg.a(lib_a-reallocr.o)
 .text          0x00000000        0x0 c:/coocox/coide/bin/../lib/gcc/arm-none-eabi/4.6.2/../../../../arm-none-eabi/lib/armv6-m\libg.a(lib_a-reent.o)
 .data          0x00000000        0x0 c:/coocox/coide/bin/../lib/gcc/arm-none-eabi/4.6.2/../../../../arm-none-eabi/lib/armv6-m\libg.a(lib_a-reent.o)
 .bss           0x00000000        0x0 c:/coocox/coide/bin/../lib/gcc/arm-none-eabi/4.6.2/../../../../arm-none-eabi/lib/armv6-m\libg.a(lib_a-reent.o)
 .text.cleanup_glue
                0x00000000       0x1c c:/coocox/coide/bin/../lib/gcc/arm-none-eabi/4.6.2/../../../../arm-none-eabi/lib/armv6-m\libg.a(lib_a-reent.o)
 .text._reclaim_reent
                0x00000000       0xa0 c:/coocox/coide/bin/../lib/gcc/arm-none-eabi/4.6.2/../../../../arm-none-eabi/lib/armv6-m\libg.a(lib_a-reent.o)
 .text._wrapup_reent
                0x00000000       0x44 c:/coocox/coide/bin/../lib/gcc/arm-none-eabi/4.6.2/../../../../arm-none-eabi/lib/armv6-m\libg.a(lib_a-reent.o)
 .data          0x00000000        0x0 c:/coocox/coide/bin/../lib/gcc/arm-none-eabi/4.6.2/armv6-m\libgcc.a(_arm_cmpdf2.o)
 .bss           0x00000000        0x0 c:/coocox/coide/bin/../lib/gcc/arm-none-eabi/4.6.2/armv6-m\libgcc.a(_arm_cmpdf2.o)
 .data          0x00000000        0x0 c:/coocox/coide/bin/../lib/gcc/arm-none-eabi/4.6.2/armv6-m\libgcc.a(_aeabi_uldivmod.o)
 .bss           0x00000000        0x0 c:/coocox/coide/bin/../lib/gcc/arm-none-eabi/4.6.2/armv6-m\libgcc.a(_aeabi_uldivmod.o)
 .data          0x00000000        0x0 c:/coocox/coide/bin/../lib/gcc/arm-none-eabi/4.6.2/armv6-m\libgcc.a(bpabi.o)
 .bss           0x00000000        0x0 c:/coocox/coide/bin/../lib/gcc/arm-none-eabi/4.6.2/armv6-m\libgcc.a(bpabi.o)
 .ARM.extab     0x00000000        0x0 c:/coocox/coide/bin/../lib/gcc/arm-none-eabi/4.6.2/armv6-m\libgcc.a(bpabi.o)
 .data          0x00000000        0x0 c:/coocox/coide/bin/../lib/gcc/arm-none-eabi/4.6.2/armv6-m\libgcc.a(adddf3.o)
 .bss           0x00000000        0x0 c:/coocox/coide/bin/../lib/gcc/arm-none-eabi/4.6.2/armv6-m\libgcc.a(adddf3.o)
 .ARM.extab     0x00000000        0x0 c:/coocox/coide/bin/../lib/gcc/arm-none-eabi/4.6.2/armv6-m\libgcc.a(adddf3.o)
 .data          0x00000000        0x0 c:/coocox/coide/bin/../lib/gcc/arm-none-eabi/4.6.2/armv6-m\libgcc.a(divdf3.o)
 .bss           0x00000000        0x0 c:/coocox/coide/bin/../lib/gcc/arm-none-eabi/4.6.2/armv6-m\libgcc.a(divdf3.o)
 .ARM.extab     0x00000000        0x0 c:/coocox/coide/bin/../lib/gcc/arm-none-eabi/4.6.2/armv6-m\libgcc.a(divdf3.o)
 .data          0x00000000        0x0 c:/coocox/coide/bin/../lib/gcc/arm-none-eabi/4.6.2/armv6-m\libgcc.a(eqdf2.o)
 .bss           0x00000000        0x0 c:/coocox/coide/bin/../lib/gcc/arm-none-eabi/4.6.2/armv6-m\libgcc.a(eqdf2.o)
 .ARM.extab     0x00000000        0x0 c:/coocox/coide/bin/../lib/gcc/arm-none-eabi/4.6.2/armv6-m\libgcc.a(eqdf2.o)
 .data          0x00000000        0x0 c:/coocox/coide/bin/../lib/gcc/arm-none-eabi/4.6.2/armv6-m\libgcc.a(gedf2.o)
 .bss           0x00000000        0x0 c:/coocox/coide/bin/../lib/gcc/arm-none-eabi/4.6.2/armv6-m\libgcc.a(gedf2.o)
 .ARM.extab     0x00000000        0x0 c:/coocox/coide/bin/../lib/gcc/arm-none-eabi/4.6.2/armv6-m\libgcc.a(gedf2.o)
 .data          0x00000000        0x0 c:/coocox/coide/bin/../lib/gcc/arm-none-eabi/4.6.2/armv6-m\libgcc.a(ledf2.o)
 .bss           0x00000000        0x0 c:/coocox/coide/bin/../lib/gcc/arm-none-eabi/4.6.2/armv6-m\libgcc.a(ledf2.o)
 .ARM.extab     0x00000000        0x0 c:/coocox/coide/bin/../lib/gcc/arm-none-eabi/4.6.2/armv6-m\libgcc.a(ledf2.o)
 .data          0x00000000        0x0 c:/coocox/coide/bin/../lib/gcc/arm-none-eabi/4.6.2/armv6-m\libgcc.a(muldf3.o)
 .bss           0x00000000        0x0 c:/coocox/coide/bin/../lib/gcc/arm-none-eabi/4.6.2/armv6-m\libgcc.a(muldf3.o)
 .ARM.extab     0x00000000        0x0 c:/coocox/coide/bin/../lib/gcc/arm-none-eabi/4.6.2/armv6-m\libgcc.a(muldf3.o)
 .data          0x00000000        0x0 c:/coocox/coide/bin/../lib/gcc/arm-none-eabi/4.6.2/armv6-m\libgcc.a(subdf3.o)
 .bss           0x00000000        0x0 c:/coocox/coide/bin/../lib/gcc/arm-none-eabi/4.6.2/armv6-m\libgcc.a(subdf3.o)
 .ARM.extab     0x00000000        0x0 c:/coocox/coide/bin/../lib/gcc/arm-none-eabi/4.6.2/armv6-m\libgcc.a(subdf3.o)
 .data          0x00000000        0x0 c:/coocox/coide/bin/../lib/gcc/arm-none-eabi/4.6.2/armv6-m\libgcc.a(fixdfsi.o)
 .bss           0x00000000        0x0 c:/coocox/coide/bin/../lib/gcc/arm-none-eabi/4.6.2/armv6-m\libgcc.a(fixdfsi.o)
 .ARM.extab     0x00000000        0x0 c:/coocox/coide/bin/../lib/gcc/arm-none-eabi/4.6.2/armv6-m\libgcc.a(fixdfsi.o)
 .data          0x00000000        0x0 c:/coocox/coide/bin/../lib/gcc/arm-none-eabi/4.6.2/armv6-m\libgcc.a(floatsidf.o)
 .bss           0x00000000        0x0 c:/coocox/coide/bin/../lib/gcc/arm-none-eabi/4.6.2/armv6-m\libgcc.a(floatsidf.o)
 .ARM.extab     0x00000000        0x0 c:/coocox/coide/bin/../lib/gcc/arm-none-eabi/4.6.2/armv6-m\libgcc.a(floatsidf.o)
 .data          0x00000000        0x0 c:/coocox/coide/bin/../lib/gcc/arm-none-eabi/4.6.2/armv6-m\libgcc.a(floatunsidf.o)
 .bss           0x00000000        0x0 c:/coocox/coide/bin/../lib/gcc/arm-none-eabi/4.6.2/armv6-m\libgcc.a(floatunsidf.o)
 .ARM.extab     0x00000000        0x0 c:/coocox/coide/bin/../lib/gcc/arm-none-eabi/4.6.2/armv6-m\libgcc.a(floatunsidf.o)
 .data          0x00000000        0x0 c:/coocox/coide/bin/../lib/gcc/arm-none-eabi/4.6.2/armv6-m\libgcc.a(unwind-arm.o)
 .bss           0x00000000        0x0 c:/coocox/coide/bin/../lib/gcc/arm-none-eabi/4.6.2/armv6-m\libgcc.a(unwind-arm.o)
 .data          0x00000000        0x0 c:/coocox/coide/bin/../lib/gcc/arm-none-eabi/4.6.2/armv6-m\libgcc.a(libunwind.o)
 .bss           0x00000000        0x0 c:/coocox/coide/bin/../lib/gcc/arm-none-eabi/4.6.2/armv6-m\libgcc.a(libunwind.o)
 .data          0x00000000        0x0 c:/coocox/coide/bin/../lib/gcc/arm-none-eabi/4.6.2/armv6-m\libgcc.a(pr-support.o)
 .bss           0x00000000        0x0 c:/coocox/coide/bin/../lib/gcc/arm-none-eabi/4.6.2/armv6-m\libgcc.a(pr-support.o)
 .data          0x00000000        0x0 c:/coocox/coide/bin/../lib/gcc/arm-none-eabi/4.6.2/armv6-m\libgcc.a(_clzsi2.o)
 .bss           0x00000000        0x0 c:/coocox/coide/bin/../lib/gcc/arm-none-eabi/4.6.2/armv6-m\libgcc.a(_clzsi2.o)
 .data          0x00000000        0x0 c:/coocox/coide/bin/../lib/gcc/arm-none-eabi/4.6.2/armv6-m\libgcc.a(_muldi3.o)
 .bss           0x00000000        0x0 c:/coocox/coide/bin/../lib/gcc/arm-none-eabi/4.6.2/armv6-m\libgcc.a(_muldi3.o)
 .data          0x00000000        0x0 c:/coocox/coide/bin/../lib/gcc/arm-none-eabi/4.6.2/armv6-m\libgcc.a(_divdi3.o)
 .bss           0x00000000        0x0 c:/coocox/coide/bin/../lib/gcc/arm-none-eabi/4.6.2/armv6-m\libgcc.a(_divdi3.o)
 .data          0x00000000        0x0 c:/coocox/coide/bin/../lib/gcc/arm-none-eabi/4.6.2/armv6-m\libgcc.a(_udivdi3.o)
 .bss           0x00000000        0x0 c:/coocox/coide/bin/../lib/gcc/arm-none-eabi/4.6.2/armv6-m\libgcc.a(_udivdi3.o)

Memory Configuration

Name             Origin             Length             Attributes
rom              0x00000000         0x00010000         xr
ram              0x20000000         0x00002000         xrw
*default*        0x00000000         0xffffffff

Linker script and memory map

                0x20002000                _eram = 0x20002000

.text           0x00000000     0x8df8
 *(.isr_vector .isr_vector.*)
 .isr_vector    0x00000000       0xc4 ..\obj\startup_stm32f0xx.o
                0x00000000                g_pfnVectors
 *(.text .text.* .gnu.linkonce.t.*)
 .text.RCC_GetClocksFreq
                0x000000c4      0x1e8 ..\obj\stm32f0xx_rcc.o
                0x000000c4                RCC_GetClocksFreq
 .text.RCC_AHBPeriphClockCmd
                0x000002ac       0x78 ..\obj\stm32f0xx_rcc.o
                0x000002ac                RCC_AHBPeriphClockCmd
 .text.RCC_APB2PeriphClockCmd
                0x00000324       0x78 ..\obj\stm32f0xx_rcc.o
                0x00000324                RCC_APB2PeriphClockCmd
 .text.register_rfm70_rx_event_callback
                0x0000039c       0x18 ..\obj\rfm70.o
                0x0000039c                register_rfm70_rx_event_callback
 .text.RFM70_RX_EVENT
                0x000003b4       0x58 ..\obj\rfm70.o
                0x000003b4                RFM70_RX_EVENT
 .text.SPI_RW   0x0000040c       0xa8 ..\obj\rfm70.o
 .text.SPI_Write_Reg
                0x000004b4       0x58 ..\obj\rfm70.o
                0x000004b4                SPI_Write_Reg
 .text.SPI_Read_Reg
                0x0000050c       0x5c ..\obj\rfm70.o
                0x0000050c                SPI_Read_Reg
 .text.SPI_Read_Buf
                0x00000568       0x90 ..\obj\rfm70.o
                0x00000568                SPI_Read_Buf
 .text.SPI_Write_Buf
                0x000005f8       0x84 ..\obj\rfm70.o
                0x000005f8                SPI_Write_Buf
 .text.SwitchToRxMode
                0x0000067c       0x7c ..\obj\rfm70.o
                0x0000067c                SwitchToRxMode
 .text.SwitchToTxMode
                0x000006f8       0x64 ..\obj\rfm70.o
                0x000006f8                SwitchToTxMode
 .text.SwitchCFG
                0x0000075c       0x5c ..\obj\rfm70.o
                0x0000075c                SwitchCFG
 .text.SetChannelNum
                0x000007b8       0x20 ..\obj\rfm70.o
                0x000007b8                SetChannelNum
 .text.EXTI0_1_IRQHandler
                0x000007d8       0x44 ..\obj\rfm70.o
                0x000007d8                EXTI0_1_IRQHandler
 .text.RFM70_Init
                0x0000081c      0x42c ..\obj\rfm70.o
                0x0000081c                RFM70_Init
 .text.Send_Packet
                0x00000c48       0xbc ..\obj\rfm70.o
                0x00000c48                Send_Packet
 .text.Receive_Packet
                0x00000d04       0xa8 ..\obj\rfm70.o
                0x00000d04                Receive_Packet
 .text.EXTI_Config
                0x00000dac       0x6c ..\obj\rfm70.o
                0x00000dac                EXTI_Config
 .text.main     0x00000e18       0xdc ..\obj\main.o
                0x00000e18                main
 .text.my_receive_packet
                0x00000ef4       0x34 ..\obj\main.o
                0x00000ef4                my_receive_packet
 .text.USART_SendString
                0x00000f28       0x68 ..\obj\main.o
                0x00000f28                USART_SendString
 .text.Reset_Handler
                0x00000f90       0x44 ..\obj\startup_stm32f0xx.o
                0x00000f90                Reset_Handler
 .text.Default_Handler
                0x00000fd4        0x2 ..\obj\startup_stm32f0xx.o
                0x00000fd4                TIM1_CC_IRQHandler
                0x00000fd4                HardFault_Handler
                0x00000fd4                ADC1_COMP_IRQHandler
                0x00000fd4                SysTick_Handler
                0x00000fd4                PVD_IRQHandler
                0x00000fd4                PendSV_Handler
                0x00000fd4                NMI_Handler
                0x00000fd4                I2C1_IRQHandler
                0x00000fd4                SPI1_IRQHandler
                0x00000fd4                TIM6_DAC_IRQHandler
                0x00000fd4                EXTI2_3_IRQHandler
                0x00000fd4                I2C2_IRQHandler
                0x00000fd4                TIM17_IRQHandler
                0x00000fd4                RTC_IRQHandler
                0x00000fd4                TIM16_IRQHandler
                0x00000fd4                TIM3_IRQHandler
                0x00000fd4                EXTI4_15_IRQHandler
                0x00000fd4                RCC_IRQHandler
                0x00000fd4                DMA1_Channel1_IRQHandler
                0x00000fd4                Default_Handler
                0x00000fd4                CEC_IRQHandler
                0x00000fd4                TIM14_IRQHandler
                0x00000fd4                DMA1_Channel4_5_IRQHandler
                0x00000fd4                TIM15_IRQHandler
                0x00000fd4                SPI2_IRQHandler
                0x00000fd4                SVC_Handler
                0x00000fd4                TS_IRQHandler
                0x00000fd4                WWDG_IRQHandler
                0x00000fd4                TIM2_IRQHandler
                0x00000fd4                DMA1_Channel2_3_IRQHandler
                0x00000fd4                USART2_IRQHandler
                0x00000fd4                FLASH_IRQHandler
                0x00000fd4                USART1_IRQHandler
                0x00000fd4                TIM1_BRK_UP_TRG_COM_IRQHandler
 *fill*         0x00000fd6        0x2 00
 .text.GPIO_Init
                0x00000fd8      0x224 ..\obj\stm32f0xx_gpio.o
                0x00000fd8                GPIO_Init
 .text.GPIO_PinAFConfig
                0x000011fc      0x198 ..\obj\stm32f0xx_gpio.o
                0x000011fc                GPIO_PinAFConfig
 .text._sbrk    0x00001394       0x3c ..\obj\syscalls.o
                0x00001394                _sbrk
 .text.abort    0x000013d0        0x8 ..\obj\syscalls.o
                0x000013d0                abort
 .text.USART_Init
                0x000013d8      0x274 ..\obj\stm32f0xx_usart.o
                0x000013d8                USART_Init
 .text.USART_Cmd
                0x0000164c       0x7c ..\obj\stm32f0xx_usart.o
                0x0000164c                USART_Cmd
 .text.USART_SendData
                0x000016c8       0x5c ..\obj\stm32f0xx_usart.o
                0x000016c8                USART_SendData
 .text.SystemInit
                0x00001724       0x94 ..\obj\system_stm32f0xx.o
                0x00001724                SystemInit
 .text.SetSysClock
                0x000017b8       0x28 ..\obj\system_stm32f0xx.o
 .text.NVIC_Init
                0x000017e0       0xdc ..\obj\stm32f0xx_misc.o
                0x000017e0                NVIC_Init
 .text.HyperTerminal_Interrupt
                0x000018bc        0xc ..\obj\usart.o
                0x000018bc                HyperTerminal_Interrupt
 .text.USARTInit
                0x000018c8       0xbc ..\obj\usart.o
                0x000018c8                USARTInit
 .text          0x00001984       0x9c c:/coocox/coide/bin/../lib/gcc/arm-none-eabi/4.6.2/armv6-m\libgcc.a(_udivsi3.o)
                0x00001984                __aeabi_uidiv
                0x00001984                __udivsi3
                0x00001a0c                __aeabi_uidivmod
 .text          0x00001a20       0xc0 c:/coocox/coide/bin/../lib/gcc/arm-none-eabi/4.6.2/armv6-m\libgcc.a(_divsi3.o)
                0x00001a20                __divsi3
                0x00001a20                __aeabi_idiv
                0x00001acc                __aeabi_idivmod
 .text          0x00001ae0        0x4 c:/coocox/coide/bin/../lib/gcc/arm-none-eabi/4.6.2/armv6-m\libgcc.a(_dvmd_tls.o)
                0x00001ae0                __aeabi_idiv0
                0x00001ae0                __aeabi_ldiv0
 .text.sprintf  0x00001ae4       0x44 c:/coocox/coide/bin/../lib/gcc/arm-none-eabi/4.6.2/../../../../arm-none-eabi/lib/armv6-m\libg.a(lib_a-sprintf.o)
                0x00001ae4                sprintf
 .text.strlen   0x00001b28       0x10 c:/coocox/coide/bin/../lib/gcc/arm-none-eabi/4.6.2/../../../../arm-none-eabi/lib/armv6-m\libg.a(lib_a-strlen.o)
                0x00001b28                strlen
 .text._svfprintf_r
                0x00001b38     0x13a8 c:/coocox/coide/bin/../lib/gcc/arm-none-eabi/4.6.2/../../../../arm-none-eabi/lib/armv6-m\libg.a(lib_a-svfprintf.o)
                0x00001b38                _svfprintf_r
 .text.quorem   0x00002ee0      0x158 c:/coocox/coide/bin/../lib/gcc/arm-none-eabi/4.6.2/../../../../arm-none-eabi/lib/armv6-m\libg.a(lib_a-dtoa.o)
 .text._dtoa_r  0x00003038      0xea8 c:/coocox/coide/bin/../lib/gcc/arm-none-eabi/4.6.2/../../../../arm-none-eabi/lib/armv6-m\libg.a(lib_a-dtoa.o)
                0x00003038                _dtoa_r
 .text._localeconv_r
                0x00003ee0        0x8 c:/coocox/coide/bin/../lib/gcc/arm-none-eabi/4.6.2/../../../../arm-none-eabi/lib/armv6-m\libg.a(lib_a-locale.o)
                0x00003ee0                _localeconv_r
 .text._malloc_r
                0x00003ee8      0x520 c:/coocox/coide/bin/../lib/gcc/arm-none-eabi/4.6.2/../../../../arm-none-eabi/lib/armv6-m\libg.a(lib_a-mallocr.o)
                0x00003ee8                _malloc_r
 .text.memchr   0x00004408       0x90 c:/coocox/coide/bin/../lib/gcc/arm-none-eabi/4.6.2/../../../../arm-none-eabi/lib/armv6-m\libg.a(lib_a-memchr.o)
                0x00004408                memchr
 .text.memcpy   0x00004498       0x7c c:/coocox/coide/bin/../lib/gcc/arm-none-eabi/4.6.2/../../../../arm-none-eabi/lib/armv6-m\libg.a(lib_a-memcpy.o)
                0x00004498                memcpy
 .text.__malloc_lock
                0x00004514        0x4 c:/coocox/coide/bin/../lib/gcc/arm-none-eabi/4.6.2/../../../../arm-none-eabi/lib/armv6-m\libg.a(lib_a-mlock.o)
                0x00004514                __malloc_lock
 .text.__malloc_unlock
                0x00004518        0x4 c:/coocox/coide/bin/../lib/gcc/arm-none-eabi/4.6.2/../../../../arm-none-eabi/lib/armv6-m\libg.a(lib_a-mlock.o)
                0x00004518                __malloc_unlock
 .text._Balloc  0x0000451c       0x50 c:/coocox/coide/bin/../lib/gcc/arm-none-eabi/4.6.2/../../../../arm-none-eabi/lib/armv6-m\libg.a(lib_a-mprec.o)
                0x0000451c                _Balloc
 .text._Bfree   0x0000456c       0x18 c:/coocox/coide/bin/../lib/gcc/arm-none-eabi/4.6.2/../../../../arm-none-eabi/lib/armv6-m\libg.a(lib_a-mprec.o)
                0x0000456c                _Bfree
 .text.__multadd
                0x00004584       0x90 c:/coocox/coide/bin/../lib/gcc/arm-none-eabi/4.6.2/../../../../arm-none-eabi/lib/armv6-m\libg.a(lib_a-mprec.o)
                0x00004584                __multadd
 .text.__hi0bits
                0x00004614       0x38 c:/coocox/coide/bin/../lib/gcc/arm-none-eabi/4.6.2/../../../../arm-none-eabi/lib/armv6-m\libg.a(lib_a-mprec.o)
                0x00004614                __hi0bits
 .text.__lo0bits
                0x0000464c       0x5c c:/coocox/coide/bin/../lib/gcc/arm-none-eabi/4.6.2/../../../../arm-none-eabi/lib/armv6-m\libg.a(lib_a-mprec.o)
                0x0000464c                __lo0bits
 .text.__i2b    0x000046a8       0x14 c:/coocox/coide/bin/../lib/gcc/arm-none-eabi/4.6.2/../../../../arm-none-eabi/lib/armv6-m\libg.a(lib_a-mprec.o)
                0x000046a8                __i2b
 .text.__multiply
                0x000046bc      0x16c c:/coocox/coide/bin/../lib/gcc/arm-none-eabi/4.6.2/../../../../arm-none-eabi/lib/armv6-m\libg.a(lib_a-mprec.o)
                0x000046bc                __multiply
 .text.__pow5mult
                0x00004828       0xac c:/coocox/coide/bin/../lib/gcc/arm-none-eabi/4.6.2/../../../../arm-none-eabi/lib/armv6-m\libg.a(lib_a-mprec.o)
                0x00004828                __pow5mult
 .text.__lshift
                0x000048d4       0xcc c:/coocox/coide/bin/../lib/gcc/arm-none-eabi/4.6.2/../../../../arm-none-eabi/lib/armv6-m\libg.a(lib_a-mprec.o)
                0x000048d4                __lshift
 .text.__mcmp   0x000049a0       0x38 c:/coocox/coide/bin/../lib/gcc/arm-none-eabi/4.6.2/../../../../arm-none-eabi/lib/armv6-m\libg.a(lib_a-mprec.o)
                0x000049a0                __mcmp
 .text.__mdiff  0x000049d8       0xe8 c:/coocox/coide/bin/../lib/gcc/arm-none-eabi/4.6.2/../../../../arm-none-eabi/lib/armv6-m\libg.a(lib_a-mprec.o)
                0x000049d8                __mdiff
 .text.__d2b    0x00004ac0       0xcc c:/coocox/coide/bin/../lib/gcc/arm-none-eabi/4.6.2/../../../../arm-none-eabi/lib/armv6-m\libg.a(lib_a-mprec.o)
                0x00004ac0                __d2b
 .text.__fpclassifyd
                0x00004b8c       0x8c c:/coocox/coide/bin/../lib/gcc/arm-none-eabi/4.6.2/../../../../arm-none-eabi/lib/armv6-m\libg.a(lib_a-s_fpclassify.o)
                0x00004b8c                __fpclassifyd
 .text._sbrk_r  0x00004c18       0x24 c:/coocox/coide/bin/../lib/gcc/arm-none-eabi/4.6.2/../../../../arm-none-eabi/lib/armv6-m\libg.a(lib_a-sbrkr.o)
                0x00004c18                _sbrk_r
 .text.__ssprint_r
                0x00004c3c      0x12c c:/coocox/coide/bin/../lib/gcc/arm-none-eabi/4.6.2/../../../../arm-none-eabi/lib/armv6-m\libg.a(lib_a-svfiprintf.o)
                0x00004c3c                __ssprint_r
 .text._calloc_r
                0x00004d68       0x60 c:/coocox/coide/bin/../lib/gcc/arm-none-eabi/4.6.2/../../../../arm-none-eabi/lib/armv6-m\libg.a(lib_a-callocr.o)
                0x00004d68                _calloc_r
 .text._malloc_trim_r
                0x00004dc8       0xa8 c:/coocox/coide/bin/../lib/gcc/arm-none-eabi/4.6.2/../../../../arm-none-eabi/lib/armv6-m\libg.a(lib_a-freer.o)
                0x00004dc8                _malloc_trim_r
 .text._free_r  0x00004e70      0x198 c:/coocox/coide/bin/../lib/gcc/arm-none-eabi/4.6.2/../../../../arm-none-eabi/lib/armv6-m\libg.a(lib_a-freer.o)
                0x00004e70                _free_r
 .text.memmove  0x00005008       0xa4 c:/coocox/coide/bin/../lib/gcc/arm-none-eabi/4.6.2/../../../../arm-none-eabi/lib/armv6-m\libg.a(lib_a-memmove.o)
                0x00005008                memmove
 .text.memset   0x000050ac       0x90 c:/coocox/coide/bin/../lib/gcc/arm-none-eabi/4.6.2/../../../../arm-none-eabi/lib/armv6-m\libg.a(lib_a-memset.o)
                0x000050ac                memset
 .text._realloc_r
                0x0000513c      0x3c0 c:/coocox/coide/bin/../lib/gcc/arm-none-eabi/4.6.2/../../../../arm-none-eabi/lib/armv6-m\libg.a(lib_a-reallocr.o)
                0x0000513c                _realloc_r
 .text          0x000054fc       0x7c c:/coocox/coide/bin/../lib/gcc/arm-none-eabi/4.6.2/armv6-m\libgcc.a(_arm_cmpdf2.o)
                0x000054fc                __aeabi_cdrcmple
                0x0000550c                __aeabi_cdcmple
                0x0000550c                __aeabi_cdcmpeq
                0x0000551c                __aeabi_dcmpeq
                0x00005528                __aeabi_dcmplt
                0x0000553c                __aeabi_dcmple
                0x00005550                __aeabi_dcmpgt
                0x00005564                __aeabi_dcmpge
 .text          0x00005578       0x40 c:/coocox/coide/bin/../lib/gcc/arm-none-eabi/4.6.2/armv6-m\libgcc.a(_aeabi_uldivmod.o)
                0x00005578                __aeabi_uldivmod
 .text          0x000055b8       0x6c c:/coocox/coide/bin/../lib/gcc/arm-none-eabi/4.6.2/armv6-m\libgcc.a(bpabi.o)
                0x000055b8                __gnu_ldivmod_helper
                0x000055f0                __gnu_uldivmod_helper
 .text          0x00005624      0x6d4 c:/coocox/coide/bin/../lib/gcc/arm-none-eabi/4.6.2/armv6-m\libgcc.a(adddf3.o)
                0x00005624                __aeabi_dadd
 .text          0x00005cf8      0x5e4 c:/coocox/coide/bin/../lib/gcc/arm-none-eabi/4.6.2/armv6-m\libgcc.a(divdf3.o)
                0x00005cf8                __aeabi_ddiv
 .text          0x000062dc       0x80 c:/coocox/coide/bin/../lib/gcc/arm-none-eabi/4.6.2/armv6-m\libgcc.a(eqdf2.o)
                0x000062dc                __nedf2
                0x000062dc                __eqdf2
 .text          0x0000635c       0xec c:/coocox/coide/bin/../lib/gcc/arm-none-eabi/4.6.2/armv6-m\libgcc.a(gedf2.o)
                0x0000635c                __gedf2
                0x0000635c                __gtdf2
 .text          0x00006448       0xc0 c:/coocox/coide/bin/../lib/gcc/arm-none-eabi/4.6.2/armv6-m\libgcc.a(ledf2.o)
                0x00006448                __ledf2
                0x00006448                __ltdf2
 .text          0x00006508      0x4a4 c:/coocox/coide/bin/../lib/gcc/arm-none-eabi/4.6.2/armv6-m\libgcc.a(muldf3.o)
                0x00006508                __aeabi_dmul
 .text          0x000069ac      0x72c c:/coocox/coide/bin/../lib/gcc/arm-none-eabi/4.6.2/armv6-m\libgcc.a(subdf3.o)
                0x000069ac                __aeabi_dsub
 .text          0x000070d8       0x68 c:/coocox/coide/bin/../lib/gcc/arm-none-eabi/4.6.2/armv6-m\libgcc.a(fixdfsi.o)
                0x000070d8                __aeabi_d2iz
 .text          0x00007140       0x78 c:/coocox/coide/bin/../lib/gcc/arm-none-eabi/4.6.2/armv6-m\libgcc.a(floatsidf.o)
                0x00007140                __aeabi_i2d
 .text          0x000071b8       0x68 c:/coocox/coide/bin/../lib/gcc/arm-none-eabi/4.6.2/armv6-m\libgcc.a(floatunsidf.o)
                0x000071b8                __aeabi_ui2d
 .text          0x00007220      0xb5c c:/coocox/coide/bin/../lib/gcc/arm-none-eabi/4.6.2/armv6-m\libgcc.a(unwind-arm.o)
                0x000074e0                _Unwind_VRS_Get
                0x00007524                _Unwind_VRS_Set
                0x00007888                __aeabi_unwind_cpp_pr2
                0x00007894                __aeabi_unwind_cpp_pr1
                0x000078a0                __aeabi_unwind_cpp_pr0
                0x000078ac                _Unwind_VRS_Pop
                0x00007c30                _Unwind_GetCFA
                0x00007c34                __gnu_Unwind_RaiseException
                0x00007c8c                __gnu_Unwind_ForcedUnwind
                0x00007ca0                __gnu_Unwind_Resume
                0x00007ce0                __gnu_Unwind_Resume_or_Rethrow
                0x00007cfc                _Unwind_Complete
                0x00007d00                _Unwind_DeleteException
                0x00007d10                __gnu_Unwind_Backtrace
 .text          0x00007d7c      0x144 c:/coocox/coide/bin/../lib/gcc/arm-none-eabi/4.6.2/armv6-m\libgcc.a(libunwind.o)
                0x00007d7c                __restore_core_regs
                0x00007d7c                restore_core_regs
                0x00007da8                __gnu_Unwind_Restore_VFP
                0x00007dac                __gnu_Unwind_Save_VFP
                0x00007db0                __gnu_Unwind_Restore_VFP_D
                0x00007db4                __gnu_Unwind_Save_VFP_D
                0x00007db8                __gnu_Unwind_Restore_VFP_D_16_to_31
                0x00007dbc                __gnu_Unwind_Save_VFP_D_16_to_31
                0x00007dc0                __gnu_Unwind_Restore_WMMXD
                0x00007dc4                __gnu_Unwind_Save_WMMXD
                0x00007dc8                __gnu_Unwind_Restore_WMMXC
                0x00007dcc                __gnu_Unwind_Save_WMMXC
                0x00007dd0                ___Unwind_RaiseException
                0x00007dd0                _Unwind_RaiseException
                0x00007e00                _Unwind_Resume
                0x00007e00                ___Unwind_Resume
                0x00007e30                _Unwind_Resume_or_Rethrow
                0x00007e30                ___Unwind_Resume_or_Rethrow
                0x00007e60                _Unwind_ForcedUnwind
                0x00007e60                ___Unwind_ForcedUnwind
                0x00007e90                ___Unwind_Backtrace
                0x00007e90                _Unwind_Backtrace
 .text          0x00007ec0      0x38c c:/coocox/coide/bin/../lib/gcc/arm-none-eabi/4.6.2/armv6-m\libgcc.a(pr-support.o)
                0x00007f14                __gnu_unwind_execute
                0x000081f4                __gnu_unwind_frame
                0x0000821c                _Unwind_GetRegionStart
                0x00008228                _Unwind_GetLanguageSpecificData
                0x0000823c                _Unwind_GetDataRelBase
                0x00008244                _Unwind_GetTextRelBase
 .text          0x0000824c       0x3c c:/coocox/coide/bin/../lib/gcc/arm-none-eabi/4.6.2/armv6-m\libgcc.a(_clzsi2.o)
                0x0000824c                __clzsi2
 .text          0x00008288       0x44 c:/coocox/coide/bin/../lib/gcc/arm-none-eabi/4.6.2/armv6-m\libgcc.a(_muldi3.o)
                0x00008288                __muldi3
                0x00008288                __aeabi_lmul
 .text          0x000082cc      0x390 c:/coocox/coide/bin/../lib/gcc/arm-none-eabi/4.6.2/armv6-m\libgcc.a(_divdi3.o)
                0x000082cc                __divdi3
 .text          0x0000865c      0x354 c:/coocox/coide/bin/../lib/gcc/arm-none-eabi/4.6.2/armv6-m\libgcc.a(_udivdi3.o)
                0x0000865c                __udivdi3
 *(.glue_7t)
 .glue_7t       0x00000000        0x0 linker stubs
 *(.glue_7)
 .glue_7        0x00000000        0x0 linker stubs
 *(.rodata .rodata* .gnu.linkonce.r.*)
 .rodata        0x000089b0       0x84 ..\obj\rfm70.o
                0x000089b0                Bank1_Reg0_13
                0x000089e8                Bank1_Reg14
                0x000089f4                Bank0_Reg
                0x00008a24                RX0_Address
                0x00008a2c                RX1_Address
 .rodata        0x00008a34       0x48 ..\obj\main.o
 .rodata._svfprintf_r
                0x00008a7c      0x164 c:/coocox/coide/bin/../lib/gcc/arm-none-eabi/4.6.2/../../../../arm-none-eabi/lib/armv6-m\libg.a(lib_a-svfprintf.o)
 .rodata.zeroes.6590
                0x00008be0       0x10 c:/coocox/coide/bin/../lib/gcc/arm-none-eabi/4.6.2/../../../../arm-none-eabi/lib/armv6-m\libg.a(lib_a-svfprintf.o)
 .rodata.str1.4
                0x00008bf0       0x42 c:/coocox/coide/bin/../lib/gcc/arm-none-eabi/4.6.2/../../../../arm-none-eabi/lib/armv6-m\libg.a(lib_a-svfprintf.o)
                                 0x44 (size before relaxing)
 *fill*         0x00008c32        0x2 00
 .rodata.blanks.6589
                0x00008c34       0x10 c:/coocox/coide/bin/../lib/gcc/arm-none-eabi/4.6.2/../../../../arm-none-eabi/lib/armv6-m\libg.a(lib_a-svfprintf.o)
 .rodata.str1.4
                0x00008c44       0x10 c:/coocox/coide/bin/../lib/gcc/arm-none-eabi/4.6.2/../../../../arm-none-eabi/lib/armv6-m\libg.a(lib_a-dtoa.o)
                                 0x14 (size before relaxing)
 .rodata.str1.4
                0x00008c54        0x2 c:/coocox/coide/bin/../lib/gcc/arm-none-eabi/4.6.2/../../../../arm-none-eabi/lib/armv6-m\libg.a(lib_a-impure.o)
                                  0x4 (size before relaxing)
 *fill*         0x00008c56        0x2 00
 .rodata.str1.4
                0x00008c58        0xc c:/coocox/coide/bin/../lib/gcc/arm-none-eabi/4.6.2/../../../../arm-none-eabi/lib/armv6-m\libg.a(lib_a-locale.o)
                                 0x14 (size before relaxing)
 *fill*         0x00008c64        0x4 00
 .rodata.__mprec_tens
                0x00008c68       0xc8 c:/coocox/coide/bin/../lib/gcc/arm-none-eabi/4.6.2/../../../../arm-none-eabi/lib/armv6-m\libg.a(lib_a-mprec.o)
                0x00008c68                __mprec_tens
 .rodata.__mprec_bigtens
                0x00008d30       0x28 c:/coocox/coide/bin/../lib/gcc/arm-none-eabi/4.6.2/../../../../arm-none-eabi/lib/armv6-m\libg.a(lib_a-mprec.o)
                0x00008d30                __mprec_bigtens
 .rodata.p05.5111
                0x00008d58        0xc c:/coocox/coide/bin/../lib/gcc/arm-none-eabi/4.6.2/../../../../arm-none-eabi/lib/armv6-m\libg.a(lib_a-mprec.o)
 .rodata        0x00008d64       0x40 c:/coocox/coide/bin/../lib/gcc/arm-none-eabi/4.6.2/armv6-m\libgcc.a(divdf3.o)
 .rodata        0x00008da4       0x40 c:/coocox/coide/bin/../lib/gcc/arm-none-eabi/4.6.2/armv6-m\libgcc.a(muldf3.o)
 .rodata        0x00008de4       0x14 c:/coocox/coide/bin/../lib/gcc/arm-none-eabi/4.6.2/armv6-m\libgcc.a(unwind-arm.o)

.vfp11_veneer   0x00008df8        0x0
 .vfp11_veneer  0x00000000        0x0 linker stubs

.v4_bx          0x00008df8        0x0
 .v4_bx         0x00000000        0x0 linker stubs

.ARM.extab      0x00008df8       0xb4
 *(.ARM.extab* .gnu.linkonce.armextab.*)
 .ARM.extab     0x00008df8       0x6c c:/coocox/coide/bin/../lib/gcc/arm-none-eabi/4.6.2/armv6-m\libgcc.a(unwind-arm.o)
 .ARM.extab     0x00008e64       0x30 c:/coocox/coide/bin/../lib/gcc/arm-none-eabi/4.6.2/armv6-m\libgcc.a(pr-support.o)
 .ARM.extab     0x00008e94        0xc c:/coocox/coide/bin/../lib/gcc/arm-none-eabi/4.6.2/armv6-m\libgcc.a(_divdi3.o)
 .ARM.extab     0x00008ea0        0xc c:/coocox/coide/bin/../lib/gcc/arm-none-eabi/4.6.2/armv6-m\libgcc.a(_udivdi3.o)

.ARM.exidx      0x00008eac       0xf8
 *(.ARM.exidx* .gnu.linkonce.armexidx.*)
 .ARM.exidx     0x00008eac        0x8 c:/coocox/coide/bin/../lib/gcc/arm-none-eabi/4.6.2/armv6-m\libgcc.a(bpabi.o)
                                 0x10 (size before relaxing)
 .ARM.exidx     0x00008eb4        0x8 c:/coocox/coide/bin/../lib/gcc/arm-none-eabi/4.6.2/armv6-m\libgcc.a(adddf3.o)
 .ARM.exidx     0x00008ebc        0x0 c:/coocox/coide/bin/../lib/gcc/arm-none-eabi/4.6.2/armv6-m\libgcc.a(divdf3.o)
                                  0x8 (size before relaxing)
 .ARM.exidx     0x00008ebc        0x0 c:/coocox/coide/bin/../lib/gcc/arm-none-eabi/4.6.2/armv6-m\libgcc.a(eqdf2.o)
                                  0x8 (size before relaxing)
 .ARM.exidx     0x00008ebc        0x0 c:/coocox/coide/bin/../lib/gcc/arm-none-eabi/4.6.2/armv6-m\libgcc.a(gedf2.o)
                                  0x8 (size before relaxing)
 .ARM.exidx     0x00008ebc        0x0 c:/coocox/coide/bin/../lib/gcc/arm-none-eabi/4.6.2/armv6-m\libgcc.a(ledf2.o)
                                  0x8 (size before relaxing)
 .ARM.exidx     0x00008ebc        0x0 c:/coocox/coide/bin/../lib/gcc/arm-none-eabi/4.6.2/armv6-m\libgcc.a(muldf3.o)
                                  0x8 (size before relaxing)
 .ARM.exidx     0x00008ebc        0x0 c:/coocox/coide/bin/../lib/gcc/arm-none-eabi/4.6.2/armv6-m\libgcc.a(subdf3.o)
                                  0x8 (size before relaxing)
 .ARM.exidx     0x00008ebc        0x0 c:/coocox/coide/bin/../lib/gcc/arm-none-eabi/4.6.2/armv6-m\libgcc.a(fixdfsi.o)
                                  0x8 (size before relaxing)
 .ARM.exidx     0x00008ebc        0x0 c:/coocox/coide/bin/../lib/gcc/arm-none-eabi/4.6.2/armv6-m\libgcc.a(floatsidf.o)
                                  0x8 (size before relaxing)
 .ARM.exidx     0x00008ebc        0x0 c:/coocox/coide/bin/../lib/gcc/arm-none-eabi/4.6.2/armv6-m\libgcc.a(floatunsidf.o)
                                  0x8 (size before relaxing)
 .ARM.exidx     0x00008ebc       0x98 c:/coocox/coide/bin/../lib/gcc/arm-none-eabi/4.6.2/armv6-m\libgcc.a(unwind-arm.o)
                                 0xc0 (size before relaxing)
 .ARM.exidx     0x00008f54       0x38 c:/coocox/coide/bin/../lib/gcc/arm-none-eabi/4.6.2/armv6-m\libgcc.a(pr-support.o)
                                 0x48 (size before relaxing)
 .ARM.exidx     0x00008f8c        0x8 c:/coocox/coide/bin/../lib/gcc/arm-none-eabi/4.6.2/armv6-m\libgcc.a(_divdi3.o)
 .ARM.exidx     0x00008f94       0x10 c:/coocox/coide/bin/../lib/gcc/arm-none-eabi/4.6.2/armv6-m\libgcc.a(_udivdi3.o)
                                  0x8 (size before relaxing)
                0x00008fa4                . = ALIGN (0x4)
                0x00008fa4                _etext = .
                0x00008fa4                _sidata = .

.data           0x20000000      0x884 load address 0x00008fa4
                0x20000000                _sdata = .
 *(.data .data.*)
 .data          0x20000000       0x10 ..\obj\stm32f0xx_rcc.o
 .data.impure_data
                0x20000010      0x428 c:/coocox/coide/bin/../lib/gcc/arm-none-eabi/4.6.2/../../../../arm-none-eabi/lib/armv6-m\libg.a(lib_a-impure.o)
 .data._impure_ptr
                0x20000438        0x4 c:/coocox/coide/bin/../lib/gcc/arm-none-eabi/4.6.2/../../../../arm-none-eabi/lib/armv6-m\libg.a(lib_a-impure.o)
                0x20000438                _impure_ptr
 .data.lconv    0x2000043c       0x38 c:/coocox/coide/bin/../lib/gcc/arm-none-eabi/4.6.2/../../../../arm-none-eabi/lib/armv6-m\libg.a(lib_a-locale.o)
 .data.__malloc_av_
                0x20000474      0x408 c:/coocox/coide/bin/../lib/gcc/arm-none-eabi/4.6.2/../../../../arm-none-eabi/lib/armv6-m\libg.a(lib_a-mallocr.o)
                0x20000474                __malloc_av_
 .data.__malloc_trim_threshold
                0x2000087c        0x4 c:/coocox/coide/bin/../lib/gcc/arm-none-eabi/4.6.2/../../../../arm-none-eabi/lib/armv6-m\libg.a(lib_a-mallocr.o)
                0x2000087c                __malloc_trim_threshold
 .data.__malloc_sbrk_base
                0x20000880        0x4 c:/coocox/coide/bin/../lib/gcc/arm-none-eabi/4.6.2/../../../../arm-none-eabi/lib/armv6-m\libg.a(lib_a-mallocr.o)
                0x20000880                __malloc_sbrk_base
                0x20000884                . = ALIGN (0x4)
                0x20000884                _edata = .

.bss            0x20000884       0x68 load address 0x00009828
                0x20000884                _sbss = .
 *(.bss .bss.*)
 .bss           0x20000884        0x4 ..\obj\rfm70.o
 .bss           0x20000888        0x4 ..\obj\syscalls.o
 .bss.__malloc_max_total_mem
                0x2000088c        0x4 c:/coocox/coide/bin/../lib/gcc/arm-none-eabi/4.6.2/../../../../arm-none-eabi/lib/armv6-m\libg.a(lib_a-mallocr.o)
                0x2000088c                __malloc_max_total_mem
 .bss.__malloc_max_sbrked_mem
                0x20000890        0x4 c:/coocox/coide/bin/../lib/gcc/arm-none-eabi/4.6.2/../../../../arm-none-eabi/lib/armv6-m\libg.a(lib_a-mallocr.o)
                0x20000890                __malloc_max_sbrked_mem
 .bss.__malloc_top_pad
                0x20000894        0x4 c:/coocox/coide/bin/../lib/gcc/arm-none-eabi/4.6.2/../../../../arm-none-eabi/lib/armv6-m\libg.a(lib_a-mallocr.o)
                0x20000894                __malloc_top_pad
 .bss.__malloc_current_mallinfo
                0x20000898       0x28 c:/coocox/coide/bin/../lib/gcc/arm-none-eabi/4.6.2/../../../../arm-none-eabi/lib/armv6-m\libg.a(lib_a-mallocr.o)
                0x20000898                __malloc_current_mallinfo
 *(COMMON)
 COMMON         0x200008c0       0x25 ..\obj\rfm70.o
                0x200008c0                rf70_rx_flag
                0x200008c4                rf70_rx_buf
 COMMON         0x200008e5        0x1 ..\obj\main.o
                0x200008e5                i
 *fill*         0x200008e6        0x2 00
 COMMON         0x200008e8        0x4 c:/coocox/coide/bin/../lib/gcc/arm-none-eabi/4.6.2/../../../../arm-none-eabi/lib/armv6-m\libg.a(lib_a-reent.o)
                0x200008e8                errno
                0x200008ec                . = ALIGN (0x4)
                0x200008ec                _ebss = .

.co_stack       0x200008ec        0x4 load address 0x00009890
                0x200008f0                . = ALIGN (0x8)
 *fill*         0x200008ec        0x4 00
 *(.co_stack .co_stack.*)
                0x200008f0                . = ALIGN (0x4)
                0x200008f0                _end = .
LOAD ..\obj\stm32f0xx_rcc.o
LOAD ..\obj\rfm70.o
LOAD ..\obj\main.o
LOAD ..\obj\startup_stm32f0xx.o
LOAD ..\obj\stm32f0xx_gpio.o
LOAD ..\obj\syscalls.o
LOAD ..\obj\stm32f0xx_usart.o
LOAD ..\obj\system_stm32f0xx.o
LOAD ..\obj\stm32f0xx_exti.o
LOAD ..\obj\stm32f0xx_syscfg.o
LOAD ..\obj\stm32f0xx_misc.o
LOAD ..\obj\usart.o
LOAD ..\obj\core_cm0.o
START GROUP
LOAD c:/coocox/coide/bin/../lib/gcc/arm-none-eabi/4.6.2/armv6-m\libgcc.a
LOAD c:/coocox/coide/bin/../lib/gcc/arm-none-eabi/4.6.2/../../../../arm-none-eabi/lib/armv6-m\libg.a
LOAD c:/coocox/coide/bin/../lib/gcc/arm-none-eabi/4.6.2/../../../../arm-none-eabi/lib/armv6-m\libc.a
END GROUP
OUTPUT(domofon_test_rx_Target_RAM.elf elf32-littlearm)

.debug_info     0x00000000     0x562f
 .debug_info    0x00000000      0xc33 ..\obj\stm32f0xx_rcc.o
 .debug_info    0x00000c33      0x9f5 ..\obj\rfm70.o
 .debug_info    0x00001628      0x403 ..\obj\main.o
 .debug_info    0x00001a2b       0xc4 ..\obj\startup_stm32f0xx.o
 .debug_info    0x00001aef      0x6b8 ..\obj\stm32f0xx_gpio.o
 .debug_info    0x000021a7      0x440 ..\obj\syscalls.o
 .debug_info    0x000025e7     0x11cc ..\obj\stm32f0xx_usart.o
 .debug_info    0x000037b3      0x2e6 ..\obj\system_stm32f0xx.o
 .debug_info    0x00003a99      0x3a2 ..\obj\stm32f0xx_exti.o
 .debug_info    0x00003e3b      0x31a ..\obj\stm32f0xx_syscfg.o
 .debug_info    0x00004155      0x3be ..\obj\stm32f0xx_misc.o
 .debug_info    0x00004513      0xe79 ..\obj\usart.o
 .debug_info    0x0000538c      0x2a3 ..\obj\core_cm0.o

.debug_abbrev   0x00000000     0x111b
 .debug_abbrev  0x00000000      0x1d5 ..\obj\stm32f0xx_rcc.o
 .debug_abbrev  0x000001d5      0x20a ..\obj\rfm70.o
 .debug_abbrev  0x000003df      0x182 ..\obj\main.o
 .debug_abbrev  0x00000561       0x12 ..\obj\startup_stm32f0xx.o
 .debug_abbrev  0x00000573      0x180 ..\obj\stm32f0xx_gpio.o
 .debug_abbrev  0x000006f3       0xde ..\obj\syscalls.o
 .debug_abbrev  0x000007d1      0x168 ..\obj\stm32f0xx_usart.o
 .debug_abbrev  0x00000939      0x10e ..\obj\system_stm32f0xx.o
 .debug_abbrev  0x00000a47      0x18e ..\obj\stm32f0xx_exti.o
 .debug_abbrev  0x00000bd5      0x144 ..\obj\stm32f0xx_syscfg.o
 .debug_abbrev  0x00000d19      0x10e ..\obj\stm32f0xx_misc.o
 .debug_abbrev  0x00000e27      0x228 ..\obj\usart.o
 .debug_abbrev  0x0000104f       0xcc ..\obj\core_cm0.o

.debug_loc      0x00000000     0x22fa
 .debug_loc     0x00000000      0x864 ..\obj\stm32f0xx_rcc.o
 .debug_loc     0x00000864      0x374 ..\obj\rfm70.o
 .debug_loc     0x00000bd8       0xaa ..\obj\main.o
 .debug_loc     0x00000c82      0x2d8 ..\obj\stm32f0xx_gpio.o
 .debug_loc     0x00000f5a      0x1ec ..\obj\syscalls.o
 .debug_loc     0x00001146      0xab8 ..\obj\stm32f0xx_usart.o
 .debug_loc     0x00001bfe       0x90 ..\obj\system_stm32f0xx.o
 .debug_loc     0x00001c8e      0x1b4 ..\obj\stm32f0xx_exti.o
 .debug_loc     0x00001e42      0x1b4 ..\obj\stm32f0xx_syscfg.o
 .debug_loc     0x00001ff6       0xa8 ..\obj\stm32f0xx_misc.o
 .debug_loc     0x0000209e       0xd4 ..\obj\usart.o
 .debug_loc     0x00002172      0x188 ..\obj\core_cm0.o

.debug_aranges  0x00000000      0x678
 .debug_aranges
                0x00000000      0x150 ..\obj\stm32f0xx_rcc.o
 .debug_aranges
                0x00000150       0x98 ..\obj\rfm70.o
 .debug_aranges
                0x000001e8       0x30 ..\obj\main.o
 .debug_aranges
                0x00000218       0x28 ..\obj\startup_stm32f0xx.o
 .debug_aranges
                0x00000240       0x80 ..\obj\stm32f0xx_gpio.o
 .debug_aranges
                0x000002c0       0x60 ..\obj\syscalls.o
 .debug_aranges
                0x00000320      0x1a0 ..\obj\stm32f0xx_usart.o
 .debug_aranges
                0x000004c0       0x30 ..\obj\system_stm32f0xx.o
 .debug_aranges
                0x000004f0       0x58 ..\obj\stm32f0xx_exti.o
 .debug_aranges
                0x00000548       0x58 ..\obj\stm32f0xx_syscfg.o
 .debug_aranges
                0x000005a0       0x30 ..\obj\stm32f0xx_misc.o
 .debug_aranges
                0x000005d0       0x38 ..\obj\usart.o
 .debug_aranges
                0x00000608       0x70 ..\obj\core_cm0.o

.debug_ranges   0x00000000      0x5b0
 .debug_ranges  0x00000000      0x140 ..\obj\stm32f0xx_rcc.o
 .debug_ranges  0x00000140       0x88 ..\obj\rfm70.o
 .debug_ranges  0x000001c8       0x20 ..\obj\main.o
 .debug_ranges  0x000001e8       0x20 ..\obj\startup_stm32f0xx.o
 .debug_ranges  0x00000208       0x70 ..\obj\stm32f0xx_gpio.o
 .debug_ranges  0x00000278       0x50 ..\obj\syscalls.o
 .debug_ranges  0x000002c8      0x190 ..\obj\stm32f0xx_usart.o
 .debug_ranges  0x00000458       0x20 ..\obj\system_stm32f0xx.o
 .debug_ranges  0x00000478       0x48 ..\obj\stm32f0xx_exti.o
 .debug_ranges  0x000004c0       0x48 ..\obj\stm32f0xx_syscfg.o
 .debug_ranges  0x00000508       0x20 ..\obj\stm32f0xx_misc.o
 .debug_ranges  0x00000528       0x28 ..\obj\usart.o
 .debug_ranges  0x00000550       0x60 ..\obj\core_cm0.o

.debug_line     0x00000000     0x38c1
 .debug_line    0x00000000      0xac5 ..\obj\stm32f0xx_rcc.o
 .debug_line    0x00000ac5      0x428 ..\obj\rfm70.o
 .debug_line    0x00000eed      0x16a ..\obj\main.o
 .debug_line    0x00001057       0xa6 ..\obj\startup_stm32f0xx.o
 .debug_line    0x000010fd      0x70c ..\obj\stm32f0xx_gpio.o
 .debug_line    0x00001809      0x17a ..\obj\syscalls.o
 .debug_line    0x00001983     0x1047 ..\obj\stm32f0xx_usart.o
 .debug_line    0x000029ca      0x178 ..\obj\system_stm32f0xx.o
 .debug_line    0x00002b42      0x3d3 ..\obj\stm32f0xx_exti.o
 .debug_line    0x00002f15      0x31c ..\obj\stm32f0xx_syscfg.o
 .debug_line    0x00003231      0x24c ..\obj\stm32f0xx_misc.o
 .debug_line    0x0000347d      0x2ab ..\obj\usart.o
 .debug_line    0x00003728      0x199 ..\obj\core_cm0.o

.debug_str      0x00000000     0x20ac
 .debug_str     0x00000000      0x652 ..\obj\stm32f0xx_rcc.o
                                0x6d1 (size before relaxing)
 .debug_str     0x00000652      0x443 ..\obj\rfm70.o
                                0x5d4 (size before relaxing)
 .debug_str     0x00000a95       0xef ..\obj\main.o
                                0x249 (size before relaxing)
 .debug_str     0x00000b84      0x2cb ..\obj\stm32f0xx_gpio.o
                                0x438 (size before relaxing)
 .debug_str     0x00000e4f      0x160 ..\obj\syscalls.o
                                0x2ad (size before relaxing)
 .debug_str     0x00000faf      0x6da ..\obj\stm32f0xx_usart.o
                                0x8ff (size before relaxing)
 .debug_str     0x00001689       0xa0 ..\obj\system_stm32f0xx.o
                                0x20d (size before relaxing)
 .debug_str     0x00001729      0x1ba ..\obj\stm32f0xx_exti.o
                                0x306 (size before relaxing)
 .debug_str     0x000018e3      0x179 ..\obj\stm32f0xx_syscfg.o
                                0x2d2 (size before relaxing)
 .debug_str     0x00001a5c      0x121 ..\obj\stm32f0xx_misc.o
                                0x2b2 (size before relaxing)
 .debug_str     0x00001b7d      0x44b ..\obj\usart.o
                                0x80a (size before relaxing)
 .debug_str     0x00001fc8       0xe4 ..\obj\core_cm0.o
                                0x1e0 (size before relaxing)

.comment        0x00000000       0x70
 .comment       0x00000000       0x70 ..\obj\stm32f0xx_rcc.o
                                 0x71 (size before relaxing)
 .comment       0x00000000       0x71 ..\obj\rfm70.o
 .comment       0x00000000       0x71 ..\obj\main.o
 .comment       0x00000000       0x71 ..\obj\stm32f0xx_gpio.o
 .comment       0x00000000       0x71 ..\obj\syscalls.o
 .comment       0x00000000       0x71 ..\obj\stm32f0xx_usart.o
 .comment       0x00000000       0x71 ..\obj\system_stm32f0xx.o
 .comment       0x00000000       0x71 ..\obj\stm32f0xx_exti.o
 .comment       0x00000000       0x71 ..\obj\stm32f0xx_syscfg.o
 .comment       0x00000000       0x71 ..\obj\stm32f0xx_misc.o
 .comment       0x00000000       0x71 ..\obj\usart.o
 .comment       0x00000000       0x71 ..\obj\core_cm0.o

.ARM.attributes
                0x00000000       0x2f
 .ARM.attributes
                0x00000000       0x31 ..\obj\stm32f0xx_rcc.o
 .ARM.attributes
                0x00000031       0x31 ..\obj\rfm70.o
 .ARM.attributes
                0x00000062       0x31 ..\obj\main.o
 .ARM.attributes
                0x00000093       0x21 ..\obj\startup_stm32f0xx.o
 .ARM.attributes
                0x000000b4       0x31 ..\obj\stm32f0xx_gpio.o
 .ARM.attributes
                0x000000e5       0x31 ..\obj\syscalls.o
 .ARM.attributes
                0x00000116       0x31 ..\obj\stm32f0xx_usart.o
 .ARM.attributes
                0x00000147       0x31 ..\obj\system_stm32f0xx.o
 .ARM.attributes
                0x00000178       0x31 ..\obj\stm32f0xx_exti.o
 .ARM.attributes
                0x000001a9       0x31 ..\obj\stm32f0xx_syscfg.o
 .ARM.attributes
                0x000001da       0x31 ..\obj\stm32f0xx_misc.o
 .ARM.attributes
                0x0000020b       0x31 ..\obj\usart.o
 .ARM.attributes
                0x0000023c       0x31 ..\obj\core_cm0.o
 .ARM.attributes
                0x0000026d       0x1e c:/coocox/coide/bin/../lib/gcc/arm-none-eabi/4.6.2/armv6-m\libgcc.a(_udivsi3.o)
 .ARM.attributes
                0x0000028b       0x1e c:/coocox/coide/bin/../lib/gcc/arm-none-eabi/4.6.2/armv6-m\libgcc.a(_divsi3.o)
 .ARM.attributes
                0x000002a9       0x1e c:/coocox/coide/bin/../lib/gcc/arm-none-eabi/4.6.2/armv6-m\libgcc.a(_dvmd_tls.o)
 .ARM.attributes
                0x000002c7       0x2c c:/coocox/coide/bin/../lib/gcc/arm-none-eabi/4.6.2/../../../../arm-none-eabi/lib/armv6-m\libg.a(lib_a-sprintf.o)
 .ARM.attributes
                0x000002f3       0x2c c:/coocox/coide/bin/../lib/gcc/arm-none-eabi/4.6.2/../../../../arm-none-eabi/lib/armv6-m\libg.a(lib_a-strlen.o)
 .ARM.attributes
                0x0000031f       0x2c c:/coocox/coide/bin/../lib/gcc/arm-none-eabi/4.6.2/../../../../arm-none-eabi/lib/armv6-m\libg.a(lib_a-svfprintf.o)
 .ARM.attributes
                0x0000034b       0x2c c:/coocox/coide/bin/../lib/gcc/arm-none-eabi/4.6.2/../../../../arm-none-eabi/lib/armv6-m\libg.a(lib_a-dtoa.o)
 .ARM.attributes
                0x00000377       0x2c c:/coocox/coide/bin/../lib/gcc/arm-none-eabi/4.6.2/../../../../arm-none-eabi/lib/armv6-m\libg.a(lib_a-impure.o)
 .ARM.attributes
                0x000003a3       0x2c c:/coocox/coide/bin/../lib/gcc/arm-none-eabi/4.6.2/../../../../arm-none-eabi/lib/armv6-m\libg.a(lib_a-locale.o)
 .ARM.attributes
                0x000003cf       0x2c c:/coocox/coide/bin/../lib/gcc/arm-none-eabi/4.6.2/../../../../arm-none-eabi/lib/armv6-m\libg.a(lib_a-mallocr.o)
 .ARM.attributes
                0x000003fb       0x2c c:/coocox/coide/bin/../lib/gcc/arm-none-eabi/4.6.2/../../../../arm-none-eabi/lib/armv6-m\libg.a(lib_a-memchr.o)
 .ARM.attributes
                0x00000427       0x2c c:/coocox/coide/bin/../lib/gcc/arm-none-eabi/4.6.2/../../../../arm-none-eabi/lib/armv6-m\libg.a(lib_a-memcpy.o)
 .ARM.attributes
                0x00000453       0x2c c:/coocox/coide/bin/../lib/gcc/arm-none-eabi/4.6.2/../../../../arm-none-eabi/lib/armv6-m\libg.a(lib_a-mlock.o)
 .ARM.attributes
                0x0000047f       0x2c c:/coocox/coide/bin/../lib/gcc/arm-none-eabi/4.6.2/../../../../arm-none-eabi/lib/armv6-m\libg.a(lib_a-mprec.o)
 .ARM.attributes
                0x000004ab       0x2c c:/coocox/coide/bin/../lib/gcc/arm-none-eabi/4.6.2/../../../../arm-none-eabi/lib/armv6-m\libg.a(lib_a-s_fpclassify.o)
 .ARM.attributes
                0x000004d7       0x2c c:/coocox/coide/bin/../lib/gcc/arm-none-eabi/4.6.2/../../../../arm-none-eabi/lib/armv6-m\libg.a(lib_a-sbrkr.o)
 .ARM.attributes
                0x00000503       0x2c c:/coocox/coide/bin/../lib/gcc/arm-none-eabi/4.6.2/../../../../arm-none-eabi/lib/armv6-m\libg.a(lib_a-strcmp.o)
 .ARM.attributes
                0x0000052f       0x2c c:/coocox/coide/bin/../lib/gcc/arm-none-eabi/4.6.2/../../../../arm-none-eabi/lib/armv6-m\libg.a(lib_a-svfiprintf.o)
 .ARM.attributes
                0x0000055b       0x2c c:/coocox/coide/bin/../lib/gcc/arm-none-eabi/4.6.2/../../../../arm-none-eabi/lib/armv6-m\libg.a(lib_a-callocr.o)
 .ARM.attributes
                0x00000587       0x2c c:/coocox/coide/bin/../lib/gcc/arm-none-eabi/4.6.2/../../../../arm-none-eabi/lib/armv6-m\libg.a(lib_a-freer.o)
 .ARM.attributes
                0x000005b3       0x2c c:/coocox/coide/bin/../lib/gcc/arm-none-eabi/4.6.2/../../../../arm-none-eabi/lib/armv6-m\libg.a(lib_a-memmove.o)
 .ARM.attributes
                0x000005df       0x2c c:/coocox/coide/bin/../lib/gcc/arm-none-eabi/4.6.2/../../../../arm-none-eabi/lib/armv6-m\libg.a(lib_a-memset.o)
 .ARM.attributes
                0x0000060b       0x2c c:/coocox/coide/bin/../lib/gcc/arm-none-eabi/4.6.2/../../../../arm-none-eabi/lib/armv6-m\libg.a(lib_a-reallocr.o)
 .ARM.attributes
                0x00000637       0x2c c:/coocox/coide/bin/../lib/gcc/arm-none-eabi/4.6.2/../../../../arm-none-eabi/lib/armv6-m\libg.a(lib_a-reent.o)
 .ARM.attributes
                0x00000663       0x1e c:/coocox/coide/bin/../lib/gcc/arm-none-eabi/4.6.2/armv6-m\libgcc.a(_arm_cmpdf2.o)
 .ARM.attributes
                0x00000681       0x1e c:/coocox/coide/bin/../lib/gcc/arm-none-eabi/4.6.2/armv6-m\libgcc.a(_aeabi_uldivmod.o)
 .ARM.attributes
                0x0000069f       0x2c c:/coocox/coide/bin/../lib/gcc/arm-none-eabi/4.6.2/armv6-m\libgcc.a(bpabi.o)
 .ARM.attributes
                0x000006cb       0x2c c:/coocox/coide/bin/../lib/gcc/arm-none-eabi/4.6.2/armv6-m\libgcc.a(adddf3.o)
 .ARM.attributes
                0x000006f7       0x2c c:/coocox/coide/bin/../lib/gcc/arm-none-eabi/4.6.2/armv6-m\libgcc.a(divdf3.o)
 .ARM.attributes
                0x00000723       0x2c c:/coocox/coide/bin/../lib/gcc/arm-none-eabi/4.6.2/armv6-m\libgcc.a(eqdf2.o)
 .ARM.attributes
                0x0000074f       0x2c c:/coocox/coide/bin/../lib/gcc/arm-none-eabi/4.6.2/armv6-m\libgcc.a(gedf2.o)
 .ARM.attributes
                0x0000077b       0x2c c:/coocox/coide/bin/../lib/gcc/arm-none-eabi/4.6.2/armv6-m\libgcc.a(ledf2.o)
 .ARM.attributes
                0x000007a7       0x2c c:/coocox/coide/bin/../lib/gcc/arm-none-eabi/4.6.2/armv6-m\libgcc.a(muldf3.o)
 .ARM.attributes
                0x000007d3       0x2c c:/coocox/coide/bin/../lib/gcc/arm-none-eabi/4.6.2/armv6-m\libgcc.a(subdf3.o)
 .ARM.attributes
                0x000007ff       0x2c c:/coocox/coide/bin/../lib/gcc/arm-none-eabi/4.6.2/armv6-m\libgcc.a(fixdfsi.o)
 .ARM.attributes
                0x0000082b       0x2c c:/coocox/coide/bin/../lib/gcc/arm-none-eabi/4.6.2/armv6-m\libgcc.a(floatsidf.o)
 .ARM.attributes
                0x00000857       0x2c c:/coocox/coide/bin/../lib/gcc/arm-none-eabi/4.6.2/armv6-m\libgcc.a(floatunsidf.o)
 .ARM.attributes
                0x00000883       0x2c c:/coocox/coide/bin/../lib/gcc/arm-none-eabi/4.6.2/armv6-m\libgcc.a(unwind-arm.o)
 .ARM.attributes
                0x000008af       0x1e c:/coocox/coide/bin/../lib/gcc/arm-none-eabi/4.6.2/armv6-m\libgcc.a(libunwind.o)
 .ARM.attributes
                0x000008cd       0x2c c:/coocox/coide/bin/../lib/gcc/arm-none-eabi/4.6.2/armv6-m\libgcc.a(pr-support.o)
 .ARM.attributes
                0x000008f9       0x1e c:/coocox/coide/bin/../lib/gcc/arm-none-eabi/4.6.2/armv6-m\libgcc.a(_clzsi2.o)
 .ARM.attributes
                0x00000917       0x2c c:/coocox/coide/bin/../lib/gcc/arm-none-eabi/4.6.2/armv6-m\libgcc.a(_muldi3.o)
 .ARM.attributes
                0x00000943       0x2c c:/coocox/coide/bin/../lib/gcc/arm-none-eabi/4.6.2/armv6-m\libgcc.a(_divdi3.o)
 .ARM.attributes
                0x0000096f       0x2c c:/coocox/coide/bin/../lib/gcc/arm-none-eabi/4.6.2/armv6-m\libgcc.a(_udivdi3.o)

.debug_frame    0x00000000     0x2364
 .debug_frame   0x00000000      0x4e4 ..\obj\stm32f0xx_rcc.o
 .debug_frame   0x000004e4      0x210 ..\obj\rfm70.o
 .debug_frame   0x000006f4       0x70 ..\obj\main.o
 .debug_frame   0x00000764      0x1b0 ..\obj\stm32f0xx_gpio.o
 .debug_frame   0x00000914      0x12c ..\obj\syscalls.o
 .debug_frame   0x00000a40      0x630 ..\obj\stm32f0xx_usart.o
 .debug_frame   0x00001070       0x68 ..\obj\system_stm32f0xx.o
 .debug_frame   0x000010d8      0x10c ..\obj\stm32f0xx_exti.o
 .debug_frame   0x000011e4      0x110 ..\obj\stm32f0xx_syscfg.o
 .debug_frame   0x000012f4       0x70 ..\obj\stm32f0xx_misc.o
 .debug_frame   0x00001364       0x8c ..\obj\usart.o
 .debug_frame   0x000013f0      0x130 ..\obj\core_cm0.o
 .debug_frame   0x00001520       0x20 c:/coocox/coide/bin/../lib/gcc/arm-none-eabi/4.6.2/armv6-m\libgcc.a(_udivsi3.o)
 .debug_frame   0x00001540       0x20 c:/coocox/coide/bin/../lib/gcc/arm-none-eabi/4.6.2/armv6-m\libgcc.a(_divsi3.o)
 .debug_frame   0x00001560       0x50 c:/coocox/coide/bin/../lib/gcc/arm-none-eabi/4.6.2/../../../../arm-none-eabi/lib/armv6-m\libg.a(lib_a-sprintf.o)
 .debug_frame   0x000015b0       0x20 c:/coocox/coide/bin/../lib/gcc/arm-none-eabi/4.6.2/../../../../arm-none-eabi/lib/armv6-m\libg.a(lib_a-strlen.o)
 .debug_frame   0x000015d0       0x3c c:/coocox/coide/bin/../lib/gcc/arm-none-eabi/4.6.2/../../../../arm-none-eabi/lib/armv6-m\libg.a(lib_a-svfprintf.o)
 .debug_frame   0x0000160c       0x68 c:/coocox/coide/bin/../lib/gcc/arm-none-eabi/4.6.2/../../../../arm-none-eabi/lib/armv6-m\libg.a(lib_a-dtoa.o)
 .debug_frame   0x00001674       0xa4 c:/coocox/coide/bin/../lib/gcc/arm-none-eabi/4.6.2/../../../../arm-none-eabi/lib/armv6-m\libg.a(lib_a-locale.o)
 .debug_frame   0x00001718       0x3c c:/coocox/coide/bin/../lib/gcc/arm-none-eabi/4.6.2/../../../../arm-none-eabi/lib/armv6-m\libg.a(lib_a-mallocr.o)
 .debug_frame   0x00001754       0x30 c:/coocox/coide/bin/../lib/gcc/arm-none-eabi/4.6.2/../../../../arm-none-eabi/lib/armv6-m\libg.a(lib_a-memchr.o)
 .debug_frame   0x00001784       0x30 c:/coocox/coide/bin/../lib/gcc/arm-none-eabi/4.6.2/../../../../arm-none-eabi/lib/armv6-m\libg.a(lib_a-memcpy.o)
 .debug_frame   0x000017b4       0x30 c:/coocox/coide/bin/../lib/gcc/arm-none-eabi/4.6.2/../../../../arm-none-eabi/lib/armv6-m\libg.a(lib_a-mlock.o)
 .debug_frame   0x000017e4      0x278 c:/coocox/coide/bin/../lib/gcc/arm-none-eabi/4.6.2/../../../../arm-none-eabi/lib/armv6-m\libg.a(lib_a-mprec.o)
 .debug_frame   0x00001a5c       0x2c c:/coocox/coide/bin/../lib/gcc/arm-none-eabi/4.6.2/../../../../arm-none-eabi/lib/armv6-m\libg.a(lib_a-s_fpclassify.o)
 .debug_frame   0x00001a88       0x2c c:/coocox/coide/bin/../lib/gcc/arm-none-eabi/4.6.2/../../../../arm-none-eabi/lib/armv6-m\libg.a(lib_a-sbrkr.o)
 .debug_frame   0x00001ab4       0x20 c:/coocox/coide/bin/../lib/gcc/arm-none-eabi/4.6.2/../../../../arm-none-eabi/lib/armv6-m\libg.a(lib_a-strcmp.o)
 .debug_frame   0x00001ad4       0x68 c:/coocox/coide/bin/../lib/gcc/arm-none-eabi/4.6.2/../../../../arm-none-eabi/lib/armv6-m\libg.a(lib_a-svfiprintf.o)
 .debug_frame   0x00001b3c       0x28 c:/coocox/coide/bin/../lib/gcc/arm-none-eabi/4.6.2/../../../../arm-none-eabi/lib/armv6-m\libg.a(lib_a-callocr.o)
 .debug_frame   0x00001b64       0x54 c:/coocox/coide/bin/../lib/gcc/arm-none-eabi/4.6.2/../../../../arm-none-eabi/lib/armv6-m\libg.a(lib_a-freer.o)
 .debug_frame   0x00001bb8       0x30 c:/coocox/coide/bin/../lib/gcc/arm-none-eabi/4.6.2/../../../../arm-none-eabi/lib/armv6-m\libg.a(lib_a-memmove.o)
 .debug_frame   0x00001be8       0x2c c:/coocox/coide/bin/../lib/gcc/arm-none-eabi/4.6.2/../../../../arm-none-eabi/lib/armv6-m\libg.a(lib_a-memset.o)
 .debug_frame   0x00001c14       0x3c c:/coocox/coide/bin/../lib/gcc/arm-none-eabi/4.6.2/../../../../arm-none-eabi/lib/armv6-m\libg.a(lib_a-reallocr.o)
 .debug_frame   0x00001c50       0x68 c:/coocox/coide/bin/../lib/gcc/arm-none-eabi/4.6.2/../../../../arm-none-eabi/lib/armv6-m\libg.a(lib_a-reent.o)
 .debug_frame   0x00001cb8       0x50 c:/coocox/coide/bin/../lib/gcc/arm-none-eabi/4.6.2/armv6-m\libgcc.a(bpabi.o)
 .debug_frame   0x00001d08       0x38 c:/coocox/coide/bin/../lib/gcc/arm-none-eabi/4.6.2/armv6-m\libgcc.a(adddf3.o)
 .debug_frame   0x00001d40       0x3c c:/coocox/coide/bin/../lib/gcc/arm-none-eabi/4.6.2/armv6-m\libgcc.a(divdf3.o)
 .debug_frame   0x00001d7c       0x34 c:/coocox/coide/bin/../lib/gcc/arm-none-eabi/4.6.2/armv6-m\libgcc.a(eqdf2.o)
 .debug_frame   0x00001db0       0x34 c:/coocox/coide/bin/../lib/gcc/arm-none-eabi/4.6.2/armv6-m\libgcc.a(gedf2.o)
 .debug_frame   0x00001de4       0x34 c:/coocox/coide/bin/../lib/gcc/arm-none-eabi/4.6.2/armv6-m\libgcc.a(ledf2.o)
 .debug_frame   0x00001e18       0x3c c:/coocox/coide/bin/../lib/gcc/arm-none-eabi/4.6.2/armv6-m\libgcc.a(muldf3.o)
 .debug_frame   0x00001e54       0x38 c:/coocox/coide/bin/../lib/gcc/arm-none-eabi/4.6.2/armv6-m\libgcc.a(subdf3.o)
 .debug_frame   0x00001e8c       0x2c c:/coocox/coide/bin/../lib/gcc/arm-none-eabi/4.6.2/armv6-m\libgcc.a(fixdfsi.o)
 .debug_frame   0x00001eb8       0x30 c:/coocox/coide/bin/../lib/gcc/arm-none-eabi/4.6.2/armv6-m\libgcc.a(floatsidf.o)
 .debug_frame   0x00001ee8       0x2c c:/coocox/coide/bin/../lib/gcc/arm-none-eabi/4.6.2/armv6-m\libgcc.a(floatunsidf.o)
 .debug_frame   0x00001f14      0x2ac c:/coocox/coide/bin/../lib/gcc/arm-none-eabi/4.6.2/armv6-m\libgcc.a(unwind-arm.o)
 .debug_frame   0x000021c0       0xfc c:/coocox/coide/bin/../lib/gcc/arm-none-eabi/4.6.2/armv6-m\libgcc.a(pr-support.o)
 .debug_frame   0x000022bc       0x30 c:/coocox/coide/bin/../lib/gcc/arm-none-eabi/4.6.2/armv6-m\libgcc.a(_muldi3.o)
 .debug_frame   0x000022ec       0x3c c:/coocox/coide/bin/../lib/gcc/arm-none-eabi/4.6.2/armv6-m\libgcc.a(_divdi3.o)
 .debug_frame   0x00002328       0x3c c:/coocox/coide/bin/../lib/gcc/arm-none-eabi/4.6.2/armv6-m\libgcc.a(_udivdi3.o)
