Archive member included because of file (symbol)

c:/coocox/coide/bin/../lib/gcc/arm-none-eabi/4.6.2/armv6-m\libgcc.a(_udivsi3.o)
                              ..\obj\stm32f0xx_rcc.o (__aeabi_uidiv)
c:/coocox/coide/bin/../lib/gcc/arm-none-eabi/4.6.2/armv6-m\libgcc.a(_divsi3.o)
                              ..\obj\usart.o (__aeabi_idiv)
c:/coocox/coide/bin/../lib/gcc/arm-none-eabi/4.6.2/armv6-m\libgcc.a(_dvmd_tls.o)
                              c:/coocox/coide/bin/../lib/gcc/arm-none-eabi/4.6.2/armv6-m\libgcc.a(_udivsi3.o) (__aeabi_idiv0)

Allocating common symbols
Common symbol       size              file

rf70_rx_flag        0x1               ..\obj\rfm70.o
i                   0x1               ..\obj\main.o
RxBuffer            0x20              ..\obj\usart.o
rf70_rx_buf         0x21              ..\obj\rfm70.o
delay               0x1               ..\obj\rfm70.o
USART_InitStructure
                    0x18              ..\obj\usart.o

Discarded input sections

 .text          0x00000000        0x0 ..\obj\stm32f0xx_rcc.o
 .bss           0x00000000        0x0 ..\obj\stm32f0xx_rcc.o
 .text.RCC_DeInit
                0x00000000       0x90 ..\obj\stm32f0xx_rcc.o
 .text.RCC_HSEConfig
                0x00000000       0x48 ..\obj\stm32f0xx_rcc.o
 .text.RCC_WaitForHSEStartUp
                0x00000000       0x60 ..\obj\stm32f0xx_rcc.o
 .text.RCC_AdjustHSICalibrationValue
                0x00000000       0x4c ..\obj\stm32f0xx_rcc.o
 .text.RCC_HSICmd
                0x00000000       0x54 ..\obj\stm32f0xx_rcc.o
 .text.RCC_AdjustHSI14CalibrationValue
                0x00000000       0x4c ..\obj\stm32f0xx_rcc.o
 .text.RCC_HSI14Cmd
                0x00000000       0x54 ..\obj\stm32f0xx_rcc.o
 .text.RCC_HSI14ADCRequestCmd
                0x00000000       0x54 ..\obj\stm32f0xx_rcc.o
 .text.RCC_LSEConfig
                0x00000000       0x58 ..\obj\stm32f0xx_rcc.o
 .text.RCC_LSEDriveConfig
                0x00000000       0x50 ..\obj\stm32f0xx_rcc.o
 .text.RCC_LSICmd
                0x00000000       0x54 ..\obj\stm32f0xx_rcc.o
 .text.RCC_PLLConfig
                0x00000000       0xf4 ..\obj\stm32f0xx_rcc.o
 .text.RCC_PLLCmd
                0x00000000       0x5c ..\obj\stm32f0xx_rcc.o
 .text.RCC_PREDIV1Config
                0x00000000       0xa0 ..\obj\stm32f0xx_rcc.o
 .text.RCC_ClockSecuritySystemCmd
                0x00000000       0x5c ..\obj\stm32f0xx_rcc.o
 .text.RCC_MCOConfig
                0x00000000       0x6c ..\obj\stm32f0xx_rcc.o
 .text.RCC_SYSCLKConfig
                0x00000000       0x50 ..\obj\stm32f0xx_rcc.o
 .text.RCC_GetSYSCLKSource
                0x00000000       0x1c ..\obj\stm32f0xx_rcc.o
 .text.RCC_HCLKConfig
                0x00000000       0x74 ..\obj\stm32f0xx_rcc.o
 .text.RCC_PCLKConfig
                0x00000000       0x70 ..\obj\stm32f0xx_rcc.o
 .text.RCC_ADCCLKConfig
                0x00000000       0x80 ..\obj\stm32f0xx_rcc.o
 .text.RCC_CECCLKConfig
                0x00000000       0x44 ..\obj\stm32f0xx_rcc.o
 .text.RCC_I2CCLKConfig
                0x00000000       0x44 ..\obj\stm32f0xx_rcc.o
 .text.RCC_USARTCLKConfig
                0x00000000       0x50 ..\obj\stm32f0xx_rcc.o
 .text.RCC_RTCCLKConfig
                0x00000000       0x4c ..\obj\stm32f0xx_rcc.o
 .text.RCC_RTCCLKCmd
                0x00000000       0x5c ..\obj\stm32f0xx_rcc.o
 .text.RCC_BackupResetCmd
                0x00000000       0x5c ..\obj\stm32f0xx_rcc.o
 .text.RCC_APB1PeriphClockCmd
                0x00000000       0x78 ..\obj\stm32f0xx_rcc.o
 .text.RCC_AHBPeriphResetCmd
                0x00000000       0x78 ..\obj\stm32f0xx_rcc.o
 .text.RCC_APB2PeriphResetCmd
                0x00000000       0x78 ..\obj\stm32f0xx_rcc.o
 .text.RCC_APB1PeriphResetCmd
                0x00000000       0x78 ..\obj\stm32f0xx_rcc.o
 .text.RCC_ITConfig
                0x00000000       0x88 ..\obj\stm32f0xx_rcc.o
 .text.RCC_GetFlagStatus
                0x00000000      0x118 ..\obj\stm32f0xx_rcc.o
 .text.RCC_ClearFlag
                0x00000000       0x1c ..\obj\stm32f0xx_rcc.o
 .text.RCC_GetITStatus
                0x00000000       0x88 ..\obj\stm32f0xx_rcc.o
 .text.RCC_ClearITPendingBit
                0x00000000       0x3c ..\obj\stm32f0xx_rcc.o
 .text          0x00000000        0x0 ..\obj\rfm70.o
 .data          0x00000000        0x0 ..\obj\rfm70.o
 .text.SwitchToTxMode
                0x00000000       0x64 ..\obj\rfm70.o
 .text.Send_Packet
                0x00000000       0xbc ..\obj\rfm70.o
 .text.SPI_Config
                0x00000000       0x64 ..\obj\rfm70.o
 .text          0x00000000        0x0 ..\obj\stm32f0xx_adc.o
 .data          0x00000000        0x0 ..\obj\stm32f0xx_adc.o
 .bss           0x00000000        0x0 ..\obj\stm32f0xx_adc.o
 .text.ADC_DeInit
                0x00000000       0x48 ..\obj\stm32f0xx_adc.o
 .text.ADC_Init
                0x00000000      0x15c ..\obj\stm32f0xx_adc.o
 .text.ADC_StructInit
                0x00000000       0x34 ..\obj\stm32f0xx_adc.o
 .text.ADC_Cmd  0x00000000       0x68 ..\obj\stm32f0xx_adc.o
 .text.ADC_JitterCmd
                0x00000000       0x7c ..\obj\stm32f0xx_adc.o
 .text.ADC_AutoPowerOffCmd
                0x00000000       0x70 ..\obj\stm32f0xx_adc.o
 .text.ADC_WaitModeCmd
                0x00000000       0x70 ..\obj\stm32f0xx_adc.o
 .text.ADC_AnalogWatchdogCmd
                0x00000000       0x70 ..\obj\stm32f0xx_adc.o
 .text.ADC_AnalogWatchdogThresholdsConfig
                0x00000000       0x64 ..\obj\stm32f0xx_adc.o
 .text.ADC_AnalogWatchdogSingleChannelConfig
                0x00000000      0x110 ..\obj\stm32f0xx_adc.o
 .text.ADC_AnalogWatchdogSingleChannelCmd
                0x00000000       0x70 ..\obj\stm32f0xx_adc.o
 .text.ADC_TempSensorCmd
                0x00000000       0x5c ..\obj\stm32f0xx_adc.o
 .text.ADC_VrefintCmd
                0x00000000       0x5c ..\obj\stm32f0xx_adc.o
 .text.ADC_VbatCmd
                0x00000000       0x5c ..\obj\stm32f0xx_adc.o
 .text.ADC_ChannelConfig
                0x00000000       0xa4 ..\obj\stm32f0xx_adc.o
 .text.ADC_ContinuousModeCmd
                0x00000000       0x70 ..\obj\stm32f0xx_adc.o
 .text.ADC_DiscModeCmd
                0x00000000       0x70 ..\obj\stm32f0xx_adc.o
 .text.ADC_OverrunModeCmd
                0x00000000       0x70 ..\obj\stm32f0xx_adc.o
 .text.ADC_GetCalibrationFactor
                0x00000000       0x74 ..\obj\stm32f0xx_adc.o
 .text.ADC_StopOfConversion
                0x00000000       0x30 ..\obj\stm32f0xx_adc.o
 .text.ADC_StartOfConversion
                0x00000000       0x30 ..\obj\stm32f0xx_adc.o
 .text.ADC_GetConversionValue
                0x00000000       0x2c ..\obj\stm32f0xx_adc.o
 .text.ADC_DMACmd
                0x00000000       0x6c ..\obj\stm32f0xx_adc.o
 .text.ADC_DMARequestModeConfig
                0x00000000       0x44 ..\obj\stm32f0xx_adc.o
 .text.ADC_ITConfig
                0x00000000       0x84 ..\obj\stm32f0xx_adc.o
 .text.ADC_GetFlagStatus
                0x00000000       0xe0 ..\obj\stm32f0xx_adc.o
 .text.ADC_ClearFlag
                0x00000000       0x48 ..\obj\stm32f0xx_adc.o
 .text.ADC_GetITStatus
                0x00000000       0x94 ..\obj\stm32f0xx_adc.o
 .text.ADC_ClearITPendingBit
                0x00000000       0x44 ..\obj\stm32f0xx_adc.o
 .text          0x00000000        0x0 ..\obj\main.o
 .data          0x00000000       0x30 ..\obj\main.o
 .bss           0x00000000        0x0 ..\obj\main.o
 .text          0x00000000       0x14 ..\obj\startup_stm32f0xx.o
 .data          0x00000000        0x0 ..\obj\startup_stm32f0xx.o
 .bss           0x00000000        0x0 ..\obj\startup_stm32f0xx.o
 .text          0x00000000        0x0 ..\obj\printf.o
 .data          0x00000000      0x430 ..\obj\printf.o
 .bss           0x00000000        0x0 ..\obj\printf.o
 .text.PrintChar
                0x00000000       0x14 ..\obj\printf.o
 .text.PutChar  0x00000000       0x20 ..\obj\printf.o
 .text.PutString
                0x00000000       0x3c ..\obj\printf.o
 .text.PutUnsignedInt
                0x00000000       0xa4 ..\obj\printf.o
 .text.PutSignedInt
                0x00000000      0x108 ..\obj\printf.o
 .text.PutHexa  0x00000000       0xec ..\obj\printf.o
 .text.vsnprintf
                0x00000000      0x230 ..\obj\printf.o
 .rodata        0x00000000       0xa8 ..\obj\printf.o
 .text.snprintf
                0x00000000       0x34 ..\obj\printf.o
 .text.vsprintf
                0x00000000       0x24 ..\obj\printf.o
 .text.vfprintf
                0x00000000       0x6c ..\obj\printf.o
 .text.vprintf  0x00000000       0x2c ..\obj\printf.o
 .text.fprintf  0x00000000       0x34 ..\obj\printf.o
 .text.printf   0x00000000       0x30 ..\obj\printf.o
 .text.sprintf  0x00000000       0x34 ..\obj\printf.o
 .text.puts     0x00000000       0x28 ..\obj\printf.o
 .text.fputc    0x00000000       0x40 ..\obj\printf.o
 .text.fputs    0x00000000       0x4c ..\obj\printf.o
 .text          0x00000000        0x0 ..\obj\stm32f0xx_spi.o
 .data          0x00000000        0x0 ..\obj\stm32f0xx_spi.o
 .bss           0x00000000        0x0 ..\obj\stm32f0xx_spi.o
 .text.SPI_I2S_DeInit
                0x00000000       0x74 ..\obj\stm32f0xx_spi.o
 .text.SPI_StructInit
                0x00000000       0x48 ..\obj\stm32f0xx_spi.o
 .text.SPI_Init
                0x00000000      0x2f8 ..\obj\stm32f0xx_spi.o
 .text.I2S_StructInit
                0x00000000       0x34 ..\obj\stm32f0xx_spi.o
 .text.I2S_Init
                0x00000000      0x2d8 ..\obj\stm32f0xx_spi.o
 .text.SPI_Cmd  0x00000000       0x80 ..\obj\stm32f0xx_spi.o
 .text.SPI_TIModeCmd
                0x00000000       0x70 ..\obj\stm32f0xx_spi.o
 .text.I2S_Cmd  0x00000000       0x74 ..\obj\stm32f0xx_spi.o
 .text.SPI_DataSizeConfig
                0x00000000      0x124 ..\obj\stm32f0xx_spi.o
 .text.SPI_RxFIFOThresholdConfig
                0x00000000       0x80 ..\obj\stm32f0xx_spi.o
 .text.SPI_BiDirectionalLineConfig
                0x00000000       0x94 ..\obj\stm32f0xx_spi.o
 .text.SPI_NSSInternalSoftwareConfig
                0x00000000       0x90 ..\obj\stm32f0xx_spi.o
 .text.SPI_SSOutputCmd
                0x00000000       0x80 ..\obj\stm32f0xx_spi.o
 .text.SPI_NSSPulseModeCmd
                0x00000000       0x80 ..\obj\stm32f0xx_spi.o
 .text.SPI_SendData8
                0x00000000       0x50 ..\obj\stm32f0xx_spi.o
 .text.SPI_I2S_SendData16
                0x00000000       0x40 ..\obj\stm32f0xx_spi.o
 .text.SPI_ReceiveData8
                0x00000000       0x24 ..\obj\stm32f0xx_spi.o
 .text.SPI_I2S_ReceiveData16
                0x00000000       0x18 ..\obj\stm32f0xx_spi.o
 .text.SPI_CRCLengthConfig
                0x00000000       0x80 ..\obj\stm32f0xx_spi.o
 .text.SPI_CalculateCRC
                0x00000000       0x84 ..\obj\stm32f0xx_spi.o
 .text.SPI_TransmitCRC
                0x00000000       0x44 ..\obj\stm32f0xx_spi.o
 .text.SPI_GetCRC
                0x00000000       0x84 ..\obj\stm32f0xx_spi.o
 .text.SPI_GetCRCPolynomial
                0x00000000       0x3c ..\obj\stm32f0xx_spi.o
 .text.SPI_I2S_DMACmd
                0x00000000       0xac ..\obj\stm32f0xx_spi.o
 .text.SPI_LastDMATransferCmd
                0x00000000       0x98 ..\obj\stm32f0xx_spi.o
 .text.SPI_I2S_ITConfig
                0x00000000       0xe0 ..\obj\stm32f0xx_spi.o
 .text.SPI_GetTransmissionFIFOStatus
                0x00000000       0x20 ..\obj\stm32f0xx_spi.o
 .text.SPI_GetReceptionFIFOStatus
                0x00000000       0x20 ..\obj\stm32f0xx_spi.o
 .text.SPI_I2S_GetFlagStatus
                0x00000000       0xc4 ..\obj\stm32f0xx_spi.o
 .text.SPI_I2S_ClearFlag
                0x00000000       0x54 ..\obj\stm32f0xx_spi.o
 .text.SPI_I2S_GetITStatus
                0x00000000      0x110 ..\obj\stm32f0xx_spi.o
 .text          0x00000000        0x0 ..\obj\stm32f0xx_gpio.o
 .data          0x00000000        0x0 ..\obj\stm32f0xx_gpio.o
 .bss           0x00000000        0x0 ..\obj\stm32f0xx_gpio.o
 .text.GPIO_DeInit
                0x00000000      0x100 ..\obj\stm32f0xx_gpio.o
 .text.GPIO_StructInit
                0x00000000       0x30 ..\obj\stm32f0xx_gpio.o
 .text.GPIO_PinLockConfig
                0x00000000       0x74 ..\obj\stm32f0xx_gpio.o
 .text.GPIO_ReadInputDataBit
                0x00000000      0x13c ..\obj\stm32f0xx_gpio.o
 .text.GPIO_ReadInputData
                0x00000000       0x5c ..\obj\stm32f0xx_gpio.o
 .text.GPIO_ReadOutputDataBit
                0x00000000      0x13c ..\obj\stm32f0xx_gpio.o
 .text.GPIO_ReadOutputData
                0x00000000       0x5c ..\obj\stm32f0xx_gpio.o
 .text.GPIO_SetBits
                0x00000000       0x70 ..\obj\stm32f0xx_gpio.o
 .text.GPIO_ResetBits
                0x00000000       0x70 ..\obj\stm32f0xx_gpio.o
 .text.GPIO_WriteBit
                0x00000000      0x140 ..\obj\stm32f0xx_gpio.o
 .text.GPIO_Write
                0x00000000       0x64 ..\obj\stm32f0xx_gpio.o
 .text          0x00000000        0x0 ..\obj\syscalls.o
 .data          0x00000000        0x0 ..\obj\syscalls.o
 .bss           0x00000000        0x4 ..\obj\syscalls.o
 .text._sbrk    0x00000000       0x3c ..\obj\syscalls.o
 .text.link     0x00000000       0x18 ..\obj\syscalls.o
 .text._close   0x00000000       0x14 ..\obj\syscalls.o
 .text._fstat   0x00000000       0x1c ..\obj\syscalls.o
 .text._isatty  0x00000000       0x14 ..\obj\syscalls.o
 .text._lseek   0x00000000       0x18 ..\obj\syscalls.o
 .text._read    0x00000000       0x18 ..\obj\syscalls.o
 .text._write   0x00000000       0x18 ..\obj\syscalls.o
 .text.abort    0x00000000        0x8 ..\obj\syscalls.o
 .text          0x00000000        0x0 ..\obj\stm32f0xx_usart.o
 .data          0x00000000        0x0 ..\obj\stm32f0xx_usart.o
 .bss           0x00000000        0x0 ..\obj\stm32f0xx_usart.o
 .text.USART_DeInit
                0x00000000       0x74 ..\obj\stm32f0xx_usart.o
 .text.USART_StructInit
                0x00000000       0x34 ..\obj\stm32f0xx_usart.o
 .text.USART_ClockInit
                0x00000000       0xec ..\obj\stm32f0xx_usart.o
 .text.USART_ClockStructInit
                0x00000000       0x28 ..\obj\stm32f0xx_usart.o
 .text.USART_DirectionModeCmd
                0x00000000       0x94 ..\obj\stm32f0xx_usart.o
 .text.USART_OverSampling8Cmd
                0x00000000       0x80 ..\obj\stm32f0xx_usart.o
 .text.USART_OneBitMethodCmd
                0x00000000       0x80 ..\obj\stm32f0xx_usart.o
 .text.USART_MSBFirstCmd
                0x00000000       0x80 ..\obj\stm32f0xx_usart.o
 .text.USART_DataInvCmd
                0x00000000       0x80 ..\obj\stm32f0xx_usart.o
 .text.USART_InvPinCmd
                0x00000000       0x98 ..\obj\stm32f0xx_usart.o
 .text.USART_SWAPPinCmd
                0x00000000       0x80 ..\obj\stm32f0xx_usart.o
 .text.USART_ReceiverTimeOutCmd
                0x00000000       0x70 ..\obj\stm32f0xx_usart.o
 .text.USART_SetReceiverTimeOut
                0x00000000       0x54 ..\obj\stm32f0xx_usart.o
 .text.USART_SetPrescaler
                0x00000000       0x4c ..\obj\stm32f0xx_usart.o
 .text.USART_STOPModeCmd
                0x00000000       0x6c ..\obj\stm32f0xx_usart.o
 .text.USART_StopModeWakeUpSourceConfig
                0x00000000       0x6c ..\obj\stm32f0xx_usart.o
 .text.USART_AutoBaudRateCmd
                0x00000000       0x70 ..\obj\stm32f0xx_usart.o
 .text.USART_AutoBaudRateConfig
                0x00000000       0x60 ..\obj\stm32f0xx_usart.o
 .text.USART_ReceiveData
                0x00000000       0x40 ..\obj\stm32f0xx_usart.o
 .text.USART_SetAddress
                0x00000000       0x58 ..\obj\stm32f0xx_usart.o
 .text.USART_MuteModeCmd
                0x00000000       0x80 ..\obj\stm32f0xx_usart.o
 .text.USART_MuteModeWakeUpConfig
                0x00000000       0x70 ..\obj\stm32f0xx_usart.o
 .text.USART_AddressDetectionConfig
                0x00000000       0x6c ..\obj\stm32f0xx_usart.o
 .text.USART_LINBreakDetectLengthConfig
                0x00000000       0x5c ..\obj\stm32f0xx_usart.o
 .text.USART_LINCmd
                0x00000000       0x70 ..\obj\stm32f0xx_usart.o
 .text.USART_HalfDuplexCmd
                0x00000000       0x7c ..\obj\stm32f0xx_usart.o
 .text.USART_SetGuardTime
                0x00000000       0x50 ..\obj\stm32f0xx_usart.o
 .text.USART_SmartCardCmd
                0x00000000       0x6c ..\obj\stm32f0xx_usart.o
 .text.USART_SmartCardNACKCmd
                0x00000000       0x6c ..\obj\stm32f0xx_usart.o
 .text.USART_SetAutoRetryCount
                0x00000000       0x60 ..\obj\stm32f0xx_usart.o
 .text.USART_SetBlockLength
                0x00000000       0x48 ..\obj\stm32f0xx_usart.o
 .text.USART_IrDAConfig
                0x00000000       0x5c ..\obj\stm32f0xx_usart.o
 .text.USART_IrDACmd
                0x00000000       0x6c ..\obj\stm32f0xx_usart.o
 .text.USART_DECmd
                0x00000000       0x80 ..\obj\stm32f0xx_usart.o
 .text.USART_DEPolarityConfig
                0x00000000       0x70 ..\obj\stm32f0xx_usart.o
 .text.USART_SetDEAssertionTime
                0x00000000       0x68 ..\obj\stm32f0xx_usart.o
 .text.USART_SetDEDeassertionTime
                0x00000000       0x68 ..\obj\stm32f0xx_usart.o
 .text.USART_DMACmd
                0x00000000       0x94 ..\obj\stm32f0xx_usart.o
 .text.USART_DMAReceptionErrorConfig
                0x00000000       0x70 ..\obj\stm32f0xx_usart.o
 .text.USART_ITConfig
                0x00000000      0x15c ..\obj\stm32f0xx_usart.o
 .text.USART_RequestCmd
                0x00000000       0xb0 ..\obj\stm32f0xx_usart.o
 .text.USART_OverrunDetectionConfig
                0x00000000       0x70 ..\obj\stm32f0xx_usart.o
 .text.USART_GetFlagStatus
                0x00000000      0x12c ..\obj\stm32f0xx_usart.o
 .text.USART_ClearFlag
                0x00000000       0xa8 ..\obj\stm32f0xx_usart.o
 .text.USART_GetITStatus
                0x00000000      0x190 ..\obj\stm32f0xx_usart.o
 .text.USART_ClearITPendingBit
                0x00000000       0xf0 ..\obj\stm32f0xx_usart.o
 .text          0x00000000        0x0 ..\obj\stm32f0xx_tim.o
 .data          0x00000000        0x0 ..\obj\stm32f0xx_tim.o
 .bss           0x00000000        0x0 ..\obj\stm32f0xx_tim.o
 .text.TIM_DeInit
                0x00000000      0x170 ..\obj\stm32f0xx_tim.o
 .text.TIM_TimeBaseInit
                0x00000000      0x1a0 ..\obj\stm32f0xx_tim.o
 .text.TIM_TimeBaseStructInit
                0x00000000       0x30 ..\obj\stm32f0xx_tim.o
 .text.TIM_PrescalerConfig
                0x00000000       0xac ..\obj\stm32f0xx_tim.o
 .text.TIM_CounterModeConfig
                0x00000000       0xb4 ..\obj\stm32f0xx_tim.o
 .text.TIM_SetCounter
                0x00000000       0x80 ..\obj\stm32f0xx_tim.o
 .text.TIM_SetAutoreload
                0x00000000       0x80 ..\obj\stm32f0xx_tim.o
 .text.TIM_GetCounter
                0x00000000       0x80 ..\obj\stm32f0xx_tim.o
 .text.TIM_GetPrescaler
                0x00000000       0x80 ..\obj\stm32f0xx_tim.o
 .text.TIM_UpdateDisableConfig
                0x00000000       0xc4 ..\obj\stm32f0xx_tim.o
 .text.TIM_UpdateRequestConfig
                0x00000000       0xc4 ..\obj\stm32f0xx_tim.o
 .text.TIM_ARRPreloadConfig
                0x00000000       0xc4 ..\obj\stm32f0xx_tim.o
 .text.TIM_SelectOnePulseMode
                0x00000000       0xbc ..\obj\stm32f0xx_tim.o
 .text.TIM_SetClockDivision
                0x00000000       0xc4 ..\obj\stm32f0xx_tim.o
 .text.TIM_Cmd  0x00000000       0xc4 ..\obj\stm32f0xx_tim.o
 .text.TIM_BDTRConfig
                0x00000000      0x160 ..\obj\stm32f0xx_tim.o
 .text.TIM_BDTRStructInit
                0x00000000       0x38 ..\obj\stm32f0xx_tim.o
 .text.TIM_CtrlPWMOutputs
                0x00000000       0xa4 ..\obj\stm32f0xx_tim.o
 .text.TIM_OC1Init
                0x00000000      0x2e0 ..\obj\stm32f0xx_tim.o
 .text.TIM_OC2Init
                0x00000000      0x2c8 ..\obj\stm32f0xx_tim.o
 .text.TIM_OC3Init
                0x00000000      0x2c0 ..\obj\stm32f0xx_tim.o
 .text.TIM_OC4Init
                0x00000000      0x1f4 ..\obj\stm32f0xx_tim.o
 .text.TIM_OCStructInit
                0x00000000       0x40 ..\obj\stm32f0xx_tim.o
 .text.TIM_SelectOCxM
                0x00000000      0x16c ..\obj\stm32f0xx_tim.o
 .text.TIM_SetCompare1
                0x00000000       0x74 ..\obj\stm32f0xx_tim.o
 .text.TIM_SetCompare2
                0x00000000       0x50 ..\obj\stm32f0xx_tim.o
 .text.TIM_SetCompare3
                0x00000000       0x44 ..\obj\stm32f0xx_tim.o
 .text.TIM_SetCompare4
                0x00000000       0x44 ..\obj\stm32f0xx_tim.o
 .text.TIM_ForcedOC1Config
                0x00000000       0xcc ..\obj\stm32f0xx_tim.o
 .text.TIM_ForcedOC2Config
                0x00000000       0xb0 ..\obj\stm32f0xx_tim.o
 .text.TIM_ForcedOC3Config
                0x00000000       0x9c ..\obj\stm32f0xx_tim.o
 .text.TIM_ForcedOC4Config
                0x00000000       0xa4 ..\obj\stm32f0xx_tim.o
 .text.TIM_CCPreloadControl
                0x00000000       0x94 ..\obj\stm32f0xx_tim.o
 .text.TIM_OC1PreloadConfig
                0x00000000       0xcc ..\obj\stm32f0xx_tim.o
 .text.TIM_OC2PreloadConfig
                0x00000000       0xb0 ..\obj\stm32f0xx_tim.o
 .text.TIM_OC3PreloadConfig
                0x00000000       0x9c ..\obj\stm32f0xx_tim.o
 .text.TIM_OC4PreloadConfig
                0x00000000       0xa4 ..\obj\stm32f0xx_tim.o
 .text.TIM_OC1FastConfig
                0x00000000       0xcc ..\obj\stm32f0xx_tim.o
 .text.TIM_OC2FastConfig
                0x00000000       0xb0 ..\obj\stm32f0xx_tim.o
 .text.TIM_OC3FastConfig
                0x00000000       0x9c ..\obj\stm32f0xx_tim.o
 .text.TIM_OC4FastConfig
                0x00000000       0xa4 ..\obj\stm32f0xx_tim.o
 .text.TIM_ClearOC1Ref
                0x00000000       0xcc ..\obj\stm32f0xx_tim.o
 .text.TIM_ClearOC2Ref
                0x00000000       0xac ..\obj\stm32f0xx_tim.o
 .text.TIM_ClearOC3Ref
                0x00000000       0x9c ..\obj\stm32f0xx_tim.o
 .text.TIM_ClearOC4Ref
                0x00000000       0xa0 ..\obj\stm32f0xx_tim.o
 .text.TIM_OC1PolarityConfig
                0x00000000       0xcc ..\obj\stm32f0xx_tim.o
 .text.TIM_OC1NPolarityConfig
                0x00000000       0xac ..\obj\stm32f0xx_tim.o
 .text.TIM_OC2PolarityConfig
                0x00000000       0xac ..\obj\stm32f0xx_tim.o
 .text.TIM_OC2NPolarityConfig
                0x00000000       0x88 ..\obj\stm32f0xx_tim.o
 .text.TIM_OC3PolarityConfig
                0x00000000       0xa4 ..\obj\stm32f0xx_tim.o
 .text.TIM_OC3NPolarityConfig
                0x00000000       0x8c ..\obj\stm32f0xx_tim.o
 .text.TIM_OC4PolarityConfig
                0x00000000       0xa4 ..\obj\stm32f0xx_tim.o
 .text.TIM_SelectOCREFClear
                0x00000000       0x80 ..\obj\stm32f0xx_tim.o
 .text.TIM_CCxCmd
                0x00000000       0xdc ..\obj\stm32f0xx_tim.o
 .text.TIM_CCxNCmd
                0x00000000       0xe0 ..\obj\stm32f0xx_tim.o
 .text.TIM_SelectCOM
                0x00000000       0x98 ..\obj\stm32f0xx_tim.o
 .text.TIM_ICInit
                0x00000000      0x280 ..\obj\stm32f0xx_tim.o
 .text.TIM_ICStructInit
                0x00000000       0x2c ..\obj\stm32f0xx_tim.o
 .text.TIM_PWMIConfig
                0x00000000      0x120 ..\obj\stm32f0xx_tim.o
 .text.TIM_GetCapture1
                0x00000000       0x74 ..\obj\stm32f0xx_tim.o
 .text.TIM_GetCapture2
                0x00000000       0x50 ..\obj\stm32f0xx_tim.o
 .text.TIM_GetCapture3
                0x00000000       0x44 ..\obj\stm32f0xx_tim.o
 .text.TIM_GetCapture4
                0x00000000       0x44 ..\obj\stm32f0xx_tim.o
 .text.TIM_SetIC1Prescaler
                0x00000000       0xc0 ..\obj\stm32f0xx_tim.o
 .text.TIM_SetIC2Prescaler
                0x00000000       0xa4 ..\obj\stm32f0xx_tim.o
 .text.TIM_SetIC3Prescaler
                0x00000000       0x90 ..\obj\stm32f0xx_tim.o
 .text.TIM_SetIC4Prescaler
                0x00000000       0x98 ..\obj\stm32f0xx_tim.o
 .text.TIM_ITConfig
                0x00000000       0xf0 ..\obj\stm32f0xx_tim.o
 .text.TIM_GenerateEvent
                0x00000000       0xa8 ..\obj\stm32f0xx_tim.o
 .text.TIM_GetFlagStatus
                0x00000000      0x130 ..\obj\stm32f0xx_tim.o
 .text.TIM_ClearFlag
                0x00000000       0xac ..\obj\stm32f0xx_tim.o
 .text.TIM_GetITStatus
                0x00000000      0x134 ..\obj\stm32f0xx_tim.o
 .text.TIM_ClearITPendingBit
                0x00000000       0xac ..\obj\stm32f0xx_tim.o
 .text.TIM_DMAConfig
                0x00000000      0x21c ..\obj\stm32f0xx_tim.o
 .text.TIM_DMACmd
                0x00000000       0xe4 ..\obj\stm32f0xx_tim.o
 .text.TIM_SelectCCDMA
                0x00000000       0xac ..\obj\stm32f0xx_tim.o
 .text.TIM_InternalClockConfig
                0x00000000       0x58 ..\obj\stm32f0xx_tim.o
 .text.TIM_ITRxExternalClockConfig
                0x00000000       0x98 ..\obj\stm32f0xx_tim.o
 .text.TIM_TIxExternalClockConfig
                0x00000000       0xf4 ..\obj\stm32f0xx_tim.o
 .text.TIM_ETRClockMode1Config
                0x00000000      0x13c ..\obj\stm32f0xx_tim.o
 .text.TIM_ETRClockMode2Config
                0x00000000       0xf0 ..\obj\stm32f0xx_tim.o
 .text.TIM_SelectInputTrigger
                0x00000000       0xd8 ..\obj\stm32f0xx_tim.o
 .text.TIM_SelectOutputTrigger
                0x00000000       0xc8 ..\obj\stm32f0xx_tim.o
 .text.TIM_SelectSlaveMode
                0x00000000       0x9c ..\obj\stm32f0xx_tim.o
 .text.TIM_SelectMasterSlaveMode
                0x00000000       0x8c ..\obj\stm32f0xx_tim.o
 .text.TIM_ETRConfig
                0x00000000      0x120 ..\obj\stm32f0xx_tim.o
 .text.TIM_EncoderInterfaceConfig
                0x00000000      0x19c ..\obj\stm32f0xx_tim.o
 .text.TIM_SelectHallSensor
                0x00000000       0x88 ..\obj\stm32f0xx_tim.o
 .text.TIM_RemapConfig
                0x00000000       0x60 ..\obj\stm32f0xx_tim.o
 .text.TI1_Config
                0x00000000       0xc8 ..\obj\stm32f0xx_tim.o
 .text.TI2_Config
                0x00000000       0xf0 ..\obj\stm32f0xx_tim.o
 .text.TI3_Config
                0x00000000       0xe8 ..\obj\stm32f0xx_tim.o
 .text.TI4_Config
                0x00000000       0xf8 ..\obj\stm32f0xx_tim.o
 .text          0x00000000        0x0 ..\obj\system_stm32f0xx.o
 .data          0x00000000       0x14 ..\obj\system_stm32f0xx.o
 .bss           0x00000000        0x0 ..\obj\system_stm32f0xx.o
 .text.SystemCoreClockUpdate
                0x00000000       0xdc ..\obj\system_stm32f0xx.o
 .text          0x00000000        0x0 ..\obj\stm32f0xx_exti.o
 .data          0x00000000        0x0 ..\obj\stm32f0xx_exti.o
 .bss           0x00000000        0x0 ..\obj\stm32f0xx_exti.o
 .text.EXTI_DeInit
                0x00000000       0x34 ..\obj\stm32f0xx_exti.o
 .text.EXTI_Init
                0x00000000      0x164 ..\obj\stm32f0xx_exti.o
 .text.EXTI_StructInit
                0x00000000       0x28 ..\obj\stm32f0xx_exti.o
 .text.EXTI_GenerateSWInterrupt
                0x00000000       0x40 ..\obj\stm32f0xx_exti.o
 .text.EXTI_GetFlagStatus
                0x00000000       0xfc ..\obj\stm32f0xx_exti.o
 .text.EXTI_ClearFlag
                0x00000000       0x38 ..\obj\stm32f0xx_exti.o
 .text.EXTI_GetITStatus
                0x00000000      0x110 ..\obj\stm32f0xx_exti.o
 .text.EXTI_ClearITPendingBit
                0x00000000       0x38 ..\obj\stm32f0xx_exti.o
 .text          0x00000000        0x0 ..\obj\stm32f0xx_syscfg.o
 .data          0x00000000        0x0 ..\obj\stm32f0xx_syscfg.o
 .bss           0x00000000        0x0 ..\obj\stm32f0xx_syscfg.o
 .text.SYSCFG_DeInit
                0x00000000       0x40 ..\obj\stm32f0xx_syscfg.o
 .text.SYSCFG_MemoryRemapConfig
                0x00000000       0x50 ..\obj\stm32f0xx_syscfg.o
 .text.SYSCFG_DMAChannelRemapConfig
                0x00000000       0x98 ..\obj\stm32f0xx_syscfg.o
 .text.SYSCFG_I2CFastModePlusConfig
                0x00000000       0x90 ..\obj\stm32f0xx_syscfg.o
 .text.SYSCFG_EXTILineConfig
                0x00000000      0x154 ..\obj\stm32f0xx_syscfg.o
 .text.SYSCFG_BreakConfig
                0x00000000       0x40 ..\obj\stm32f0xx_syscfg.o
 .text.SYSCFG_GetFlagStatus
                0x00000000       0x54 ..\obj\stm32f0xx_syscfg.o
 .text.SYSCFG_ClearFlag
                0x00000000       0x30 ..\obj\stm32f0xx_syscfg.o
 .text          0x00000000        0x0 ..\obj\stm32f0xx_misc.o
 .data          0x00000000        0x0 ..\obj\stm32f0xx_misc.o
 .bss           0x00000000        0x0 ..\obj\stm32f0xx_misc.o
 .text.NVIC_SystemLPConfig
                0x00000000       0x88 ..\obj\stm32f0xx_misc.o
 .text.SysTick_CLKSourceConfig
                0x00000000       0x4c ..\obj\stm32f0xx_misc.o
 .text          0x00000000        0x0 ..\obj\stm32f0xx_dac.o
 .data          0x00000000        0x0 ..\obj\stm32f0xx_dac.o
 .bss           0x00000000        0x0 ..\obj\stm32f0xx_dac.o
 .text.DAC_DeInit
                0x00000000       0x20 ..\obj\stm32f0xx_dac.o
 .text.DAC_Init
                0x00000000       0xc4 ..\obj\stm32f0xx_dac.o
 .text.DAC_StructInit
                0x00000000       0x1c ..\obj\stm32f0xx_dac.o
 .text.DAC_Cmd  0x00000000       0x78 ..\obj\stm32f0xx_dac.o
 .text.DAC_SoftwareTriggerCmd
                0x00000000       0x7c ..\obj\stm32f0xx_dac.o
 .text.DAC_SetChannel1Data
                0x00000000       0x68 ..\obj\stm32f0xx_dac.o
 .text.DAC_GetDataOutputValue
                0x00000000       0x3c ..\obj\stm32f0xx_dac.o
 .text.DAC_DMACmd
                0x00000000       0x7c ..\obj\stm32f0xx_dac.o
 .text.DAC_ITConfig
                0x00000000       0x8c ..\obj\stm32f0xx_dac.o
 .text.DAC_GetFlagStatus
                0x00000000       0x68 ..\obj\stm32f0xx_dac.o
 .text.DAC_ClearFlag
                0x00000000       0x44 ..\obj\stm32f0xx_dac.o
 .text.DAC_GetITStatus
                0x00000000       0x84 ..\obj\stm32f0xx_dac.o
 .text.DAC_ClearITPendingBit
                0x00000000       0x44 ..\obj\stm32f0xx_dac.o
 .text          0x00000000        0x0 ..\obj\usart.o
 .data          0x00000000       0x2c ..\obj\usart.o
 .bss           0x00000000        0xc ..\obj\usart.o
 .text.itoa     0x00000000       0x94 ..\obj\usart.o
 COMMON         0x00000000       0x38 ..\obj\usart.o
 .text          0x00000000        0x0 ..\obj\core_cm0.o
 .data          0x00000000        0x0 ..\obj\core_cm0.o
 .bss           0x00000000        0x0 ..\obj\core_cm0.o
 .text.__get_PSP
                0x00000000       0x10 ..\obj\core_cm0.o
 .text.__set_PSP
                0x00000000        0x8 ..\obj\core_cm0.o
 .text.__get_MSP
                0x00000000       0x10 ..\obj\core_cm0.o
 .text.__set_MSP
                0x00000000        0x8 ..\obj\core_cm0.o
 .text.__get_PRIMASK
                0x00000000       0x1c ..\obj\core_cm0.o
 .text.__set_PRIMASK
                0x00000000       0x14 ..\obj\core_cm0.o
 .text.__get_CONTROL
                0x00000000       0x1c ..\obj\core_cm0.o
 .text.__set_CONTROL
                0x00000000       0x14 ..\obj\core_cm0.o
 .text.__REV    0x00000000       0x1c ..\obj\core_cm0.o
 .text.__REV16  0x00000000       0x24 ..\obj\core_cm0.o
 .text.__REVSH  0x00000000       0x24 ..\obj\core_cm0.o
 .data          0x00000000        0x0 c:/coocox/coide/bin/../lib/gcc/arm-none-eabi/4.6.2/armv6-m\libgcc.a(_udivsi3.o)
 .bss           0x00000000        0x0 c:/coocox/coide/bin/../lib/gcc/arm-none-eabi/4.6.2/armv6-m\libgcc.a(_udivsi3.o)
 .text          0x00000000       0xc0 c:/coocox/coide/bin/../lib/gcc/arm-none-eabi/4.6.2/armv6-m\libgcc.a(_divsi3.o)
 .data          0x00000000        0x0 c:/coocox/coide/bin/../lib/gcc/arm-none-eabi/4.6.2/armv6-m\libgcc.a(_divsi3.o)
 .bss           0x00000000        0x0 c:/coocox/coide/bin/../lib/gcc/arm-none-eabi/4.6.2/armv6-m\libgcc.a(_divsi3.o)
 .data          0x00000000        0x0 c:/coocox/coide/bin/../lib/gcc/arm-none-eabi/4.6.2/armv6-m\libgcc.a(_dvmd_tls.o)
 .bss           0x00000000        0x0 c:/coocox/coide/bin/../lib/gcc/arm-none-eabi/4.6.2/armv6-m\libgcc.a(_dvmd_tls.o)

Memory Configuration

Name             Origin             Length             Attributes
rom              0x00000000         0x00010000         xr
ram              0x20000000         0x00002000         xrw
*default*        0x00000000         0xffffffff

Linker script and memory map

                0x20002000                _eram = 0x20002000

.text           0x00000000     0x1950
 *(.isr_vector .isr_vector.*)
 .isr_vector    0x00000000       0xc4 ..\obj\startup_stm32f0xx.o
                0x00000000                g_pfnVectors
 *(.text .text.* .gnu.linkonce.t.*)
 .text.RCC_GetClocksFreq
                0x000000c4      0x1e8 ..\obj\stm32f0xx_rcc.o
                0x000000c4                RCC_GetClocksFreq
 .text.RCC_AHBPeriphClockCmd
                0x000002ac       0x78 ..\obj\stm32f0xx_rcc.o
                0x000002ac                RCC_AHBPeriphClockCmd
 .text.RCC_APB2PeriphClockCmd
                0x00000324       0x78 ..\obj\stm32f0xx_rcc.o
                0x00000324                RCC_APB2PeriphClockCmd
 .text.register_rfm70_rx_event_callback
                0x0000039c       0x18 ..\obj\rfm70.o
                0x0000039c                register_rfm70_rx_event_callback
 .text.RFM70_RX_EVENT
                0x000003b4       0x58 ..\obj\rfm70.o
                0x000003b4                RFM70_RX_EVENT
 .text.SPI_RW   0x0000040c       0xa8 ..\obj\rfm70.o
 .text.SPI_Write_Reg
                0x000004b4       0x58 ..\obj\rfm70.o
                0x000004b4                SPI_Write_Reg
 .text.SPI_Read_Reg
                0x0000050c       0x5c ..\obj\rfm70.o
                0x0000050c                SPI_Read_Reg
 .text.SPI_Read_Buf
                0x00000568       0x90 ..\obj\rfm70.o
                0x00000568                SPI_Read_Buf
 .text.SPI_Write_Buf
                0x000005f8       0x84 ..\obj\rfm70.o
                0x000005f8                SPI_Write_Buf
 .text.SwitchToRxMode
                0x0000067c       0x7c ..\obj\rfm70.o
                0x0000067c                SwitchToRxMode
 .text.SwitchCFG
                0x000006f8       0x5c ..\obj\rfm70.o
                0x000006f8                SwitchCFG
 .text.SetChannelNum
                0x00000754       0x20 ..\obj\rfm70.o
                0x00000754                SetChannelNum
 .text.EXTI0_1_IRQHandler
                0x00000774       0x44 ..\obj\rfm70.o
                0x00000774                EXTI0_1_IRQHandler
 .text.RFM70_Init
                0x000007b8      0x42c ..\obj\rfm70.o
                0x000007b8                RFM70_Init
 .text.Receive_Packet
                0x00000be4       0xa8 ..\obj\rfm70.o
                0x00000be4                Receive_Packet
 .text.EXTI0_Config
                0x00000c8c       0x7c ..\obj\rfm70.o
                0x00000c8c                EXTI0_Config
 .text.main     0x00000d08       0x68 ..\obj\main.o
                0x00000d08                main
 .text.my_receive_packet
                0x00000d70       0x34 ..\obj\main.o
                0x00000d70                my_receive_packet
 .text.USART_SendString
                0x00000da4       0x68 ..\obj\main.o
                0x00000da4                USART_SendString
 .text.Reset_Handler
                0x00000e0c       0x44 ..\obj\startup_stm32f0xx.o
                0x00000e0c                Reset_Handler
 .text.Default_Handler
                0x00000e50        0x2 ..\obj\startup_stm32f0xx.o
                0x00000e50                TIM1_CC_IRQHandler
                0x00000e50                HardFault_Handler
                0x00000e50                ADC1_COMP_IRQHandler
                0x00000e50                SysTick_Handler
                0x00000e50                PVD_IRQHandler
                0x00000e50                PendSV_Handler
                0x00000e50                NMI_Handler
                0x00000e50                I2C1_IRQHandler
                0x00000e50                SPI1_IRQHandler
                0x00000e50                TIM6_DAC_IRQHandler
                0x00000e50                EXTI2_3_IRQHandler
                0x00000e50                I2C2_IRQHandler
                0x00000e50                TIM17_IRQHandler
                0x00000e50                RTC_IRQHandler
                0x00000e50                TIM16_IRQHandler
                0x00000e50                TIM3_IRQHandler
                0x00000e50                EXTI4_15_IRQHandler
                0x00000e50                RCC_IRQHandler
                0x00000e50                DMA1_Channel1_IRQHandler
                0x00000e50                Default_Handler
                0x00000e50                CEC_IRQHandler
                0x00000e50                TIM14_IRQHandler
                0x00000e50                DMA1_Channel4_5_IRQHandler
                0x00000e50                TIM15_IRQHandler
                0x00000e50                SPI2_IRQHandler
                0x00000e50                SVC_Handler
                0x00000e50                TS_IRQHandler
                0x00000e50                WWDG_IRQHandler
                0x00000e50                TIM2_IRQHandler
                0x00000e50                DMA1_Channel2_3_IRQHandler
                0x00000e50                USART2_IRQHandler
                0x00000e50                FLASH_IRQHandler
                0x00000e50                USART1_IRQHandler
                0x00000e50                TIM1_BRK_UP_TRG_COM_IRQHandler
 *fill*         0x00000e52        0x2 00
 .text.GPIO_Init
                0x00000e54      0x224 ..\obj\stm32f0xx_gpio.o
                0x00000e54                GPIO_Init
 .text.GPIO_PinAFConfig
                0x00001078      0x198 ..\obj\stm32f0xx_gpio.o
                0x00001078                GPIO_PinAFConfig
 .text.USART_Init
                0x00001210      0x274 ..\obj\stm32f0xx_usart.o
                0x00001210                USART_Init
 .text.USART_Cmd
                0x00001484       0x7c ..\obj\stm32f0xx_usart.o
                0x00001484                USART_Cmd
 .text.USART_SendData
                0x00001500       0x5c ..\obj\stm32f0xx_usart.o
                0x00001500                USART_SendData
 .text.SystemInit
                0x0000155c       0x94 ..\obj\system_stm32f0xx.o
                0x0000155c                SystemInit
 .text.SetSysClock
                0x000015f0       0x98 ..\obj\system_stm32f0xx.o
 .text.NVIC_Init
                0x00001688       0xdc ..\obj\stm32f0xx_misc.o
                0x00001688                NVIC_Init
 .text.HyperTerminal_Interrupt
                0x00001764        0xc ..\obj\usart.o
                0x00001764                HyperTerminal_Interrupt
 .text.USARTInit
                0x00001770       0xbc ..\obj\usart.o
                0x00001770                USARTInit
 .text          0x0000182c       0x9c c:/coocox/coide/bin/../lib/gcc/arm-none-eabi/4.6.2/armv6-m\libgcc.a(_udivsi3.o)
                0x0000182c                __aeabi_uidiv
                0x0000182c                __udivsi3
                0x000018b4                __aeabi_uidivmod
 .text          0x000018c8        0x4 c:/coocox/coide/bin/../lib/gcc/arm-none-eabi/4.6.2/armv6-m\libgcc.a(_dvmd_tls.o)
                0x000018c8                __aeabi_idiv0
                0x000018c8                __aeabi_ldiv0
 *(.glue_7t)
 .glue_7t       0x00000000        0x0 linker stubs
 *(.glue_7)
 .glue_7        0x00000000        0x0 linker stubs
 *(.rodata .rodata* .gnu.linkonce.r.*)
 .rodata        0x000018cc       0x84 ..\obj\rfm70.o
                0x000018cc                Bank1_Reg0_13
                0x00001904                Bank1_Reg14
                0x00001910                Bank0_Reg
                0x00001940                RX0_Address
                0x00001948                RX1_Address

.vfp11_veneer   0x00001950        0x0
 .vfp11_veneer  0x00000000        0x0 linker stubs

.v4_bx          0x00001950        0x0
 .v4_bx         0x00000000        0x0 linker stubs

.ARM.extab
 *(.ARM.extab* .gnu.linkonce.armextab.*)

.ARM.exidx
 *(.ARM.exidx* .gnu.linkonce.armexidx.*)
                0x00001950                . = ALIGN (0x4)
                0x00001950                _etext = .
                0x00001950                _sidata = .

.data           0x20000000       0x10 load address 0x00001950
                0x20000000                _sdata = .
 *(.data .data.*)
 .data          0x20000000       0x10 ..\obj\stm32f0xx_rcc.o
                0x20000010                . = ALIGN (0x4)
                0x20000010                _edata = .

.bss            0x20000010       0x2c load address 0x00001960
                0x20000010                _sbss = .
 *(.bss .bss.*)
 .bss           0x20000010        0x4 ..\obj\rfm70.o
 *(COMMON)
 COMMON         0x20000014       0x26 ..\obj\rfm70.o
                0x20000014                rf70_rx_flag
                0x20000018                rf70_rx_buf
                0x20000039                delay
 COMMON         0x2000003a        0x1 ..\obj\main.o
                0x2000003a                i
                0x2000003c                . = ALIGN (0x4)
 *fill*         0x2000003b        0x1 00
                0x2000003c                _ebss = .

.co_stack       0x2000003c        0x4 load address 0x0000198c
                0x20000040                . = ALIGN (0x8)
 *fill*         0x2000003c        0x4 00
 *(.co_stack .co_stack.*)
                0x20000040                . = ALIGN (0x4)
                0x20000040                _end = .
LOAD ..\obj\stm32f0xx_rcc.o
LOAD ..\obj\rfm70.o
LOAD ..\obj\stm32f0xx_adc.o
LOAD ..\obj\main.o
LOAD ..\obj\startup_stm32f0xx.o
LOAD ..\obj\printf.o
LOAD ..\obj\stm32f0xx_spi.o
LOAD ..\obj\stm32f0xx_gpio.o
LOAD ..\obj\syscalls.o
LOAD ..\obj\stm32f0xx_usart.o
LOAD ..\obj\stm32f0xx_tim.o
LOAD ..\obj\system_stm32f0xx.o
LOAD ..\obj\stm32f0xx_exti.o
LOAD ..\obj\stm32f0xx_syscfg.o
LOAD ..\obj\stm32f0xx_misc.o
LOAD ..\obj\stm32f0xx_dac.o
LOAD ..\obj\usart.o
LOAD ..\obj\core_cm0.o
START GROUP
LOAD c:/coocox/coide/bin/../lib/gcc/arm-none-eabi/4.6.2/armv6-m\libgcc.a
LOAD c:/coocox/coide/bin/../lib/gcc/arm-none-eabi/4.6.2/../../../../arm-none-eabi/lib/armv6-m\libg.a
LOAD c:/coocox/coide/bin/../lib/gcc/arm-none-eabi/4.6.2/../../../../arm-none-eabi/lib/armv6-m\libc.a
END GROUP
OUTPUT(domofon_test_rx_Target_Flash.elf elf32-littlearm)

.debug_info     0x00000000     0x9e08
 .debug_info    0x00000000      0xc33 ..\obj\stm32f0xx_rcc.o
 .debug_info    0x00000c33      0xbe8 ..\obj\rfm70.o
 .debug_info    0x0000181b      0xaa7 ..\obj\stm32f0xx_adc.o
 .debug_info    0x000022c2      0x382 ..\obj\main.o
 .debug_info    0x00002644       0xc6 ..\obj\startup_stm32f0xx.o
 .debug_info    0x0000270a      0xf66 ..\obj\printf.o
 .debug_info    0x00003670      0xca7 ..\obj\stm32f0xx_spi.o
 .debug_info    0x00004317      0x6b8 ..\obj\stm32f0xx_gpio.o
 .debug_info    0x000049cf      0x440 ..\obj\syscalls.o
 .debug_info    0x00004e0f     0x11cc ..\obj\stm32f0xx_usart.o
 .debug_info    0x00005fdb     0x2323 ..\obj\stm32f0xx_tim.o
 .debug_info    0x000082fe      0x309 ..\obj\system_stm32f0xx.o
 .debug_info    0x00008607      0x3a2 ..\obj\stm32f0xx_exti.o
 .debug_info    0x000089a9      0x31a ..\obj\stm32f0xx_syscfg.o
 .debug_info    0x00008cc3      0x3be ..\obj\stm32f0xx_misc.o
 .debug_info    0x00009081      0x579 ..\obj\stm32f0xx_dac.o
 .debug_info    0x000095fa      0x56b ..\obj\usart.o
 .debug_info    0x00009b65      0x2a3 ..\obj\core_cm0.o

.debug_abbrev   0x00000000     0x1880
 .debug_abbrev  0x00000000      0x1d5 ..\obj\stm32f0xx_rcc.o
 .debug_abbrev  0x000001d5      0x20a ..\obj\rfm70.o
 .debug_abbrev  0x000003df      0x17a ..\obj\stm32f0xx_adc.o
 .debug_abbrev  0x00000559      0x12d ..\obj\main.o
 .debug_abbrev  0x00000686       0x12 ..\obj\startup_stm32f0xx.o
 .debug_abbrev  0x00000698      0x25f ..\obj\printf.o
 .debug_abbrev  0x000008f7      0x179 ..\obj\stm32f0xx_spi.o
 .debug_abbrev  0x00000a70      0x180 ..\obj\stm32f0xx_gpio.o
 .debug_abbrev  0x00000bf0       0xde ..\obj\syscalls.o
 .debug_abbrev  0x00000cce      0x168 ..\obj\stm32f0xx_usart.o
 .debug_abbrev  0x00000e36      0x18a ..\obj\stm32f0xx_tim.o
 .debug_abbrev  0x00000fc0      0x11f ..\obj\system_stm32f0xx.o
 .debug_abbrev  0x000010df      0x18e ..\obj\stm32f0xx_exti.o
 .debug_abbrev  0x0000126d      0x144 ..\obj\stm32f0xx_syscfg.o
 .debug_abbrev  0x000013b1      0x10e ..\obj\stm32f0xx_misc.o
 .debug_abbrev  0x000014bf      0x19e ..\obj\stm32f0xx_dac.o
 .debug_abbrev  0x0000165d      0x157 ..\obj\usart.o
 .debug_abbrev  0x000017b4       0xcc ..\obj\core_cm0.o

.debug_loc      0x00000000     0x4b28
 .debug_loc     0x00000000      0x864 ..\obj\stm32f0xx_rcc.o
 .debug_loc     0x00000864      0x3ac ..\obj\rfm70.o
 .debug_loc     0x00000c10      0x658 ..\obj\stm32f0xx_adc.o
 .debug_loc     0x00001268       0x9c ..\obj\main.o
 .debug_loc     0x00001304      0x3ea ..\obj\printf.o
 .debug_loc     0x000016ee      0x6ca ..\obj\stm32f0xx_spi.o
 .debug_loc     0x00001db8      0x2d8 ..\obj\stm32f0xx_gpio.o
 .debug_loc     0x00002090      0x1ec ..\obj\syscalls.o
 .debug_loc     0x0000227c      0xab8 ..\obj\stm32f0xx_usart.o
 .debug_loc     0x00002d34     0x1458 ..\obj\stm32f0xx_tim.o
 .debug_loc     0x0000418c       0x9c ..\obj\system_stm32f0xx.o
 .debug_loc     0x00004228      0x1b4 ..\obj\stm32f0xx_exti.o
 .debug_loc     0x000043dc      0x1b4 ..\obj\stm32f0xx_syscfg.o
 .debug_loc     0x00004590       0xa8 ..\obj\stm32f0xx_misc.o
 .debug_loc     0x00004638      0x2cc ..\obj\stm32f0xx_dac.o
 .debug_loc     0x00004904       0x9c ..\obj\usart.o
 .debug_loc     0x000049a0      0x188 ..\obj\core_cm0.o

.debug_aranges  0x00000000      0xca8
 .debug_aranges
                0x00000000      0x150 ..\obj\stm32f0xx_rcc.o
 .debug_aranges
                0x00000150       0xa0 ..\obj\rfm70.o
 .debug_aranges
                0x000001f0      0x100 ..\obj\stm32f0xx_adc.o
 .debug_aranges
                0x000002f0       0x30 ..\obj\main.o
 .debug_aranges
                0x00000320       0x28 ..\obj\startup_stm32f0xx.o
 .debug_aranges
                0x00000348       0xa0 ..\obj\printf.o
 .debug_aranges
                0x000003e8      0x110 ..\obj\stm32f0xx_spi.o
 .debug_aranges
                0x000004f8       0x80 ..\obj\stm32f0xx_gpio.o
 .debug_aranges
                0x00000578       0x60 ..\obj\syscalls.o
 .debug_aranges
                0x000005d8      0x1a0 ..\obj\stm32f0xx_usart.o
 .debug_aranges
                0x00000778      0x300 ..\obj\stm32f0xx_tim.o
 .debug_aranges
                0x00000a78       0x30 ..\obj\system_stm32f0xx.o
 .debug_aranges
                0x00000aa8       0x58 ..\obj\stm32f0xx_exti.o
 .debug_aranges
                0x00000b00       0x58 ..\obj\stm32f0xx_syscfg.o
 .debug_aranges
                0x00000b58       0x30 ..\obj\stm32f0xx_misc.o
 .debug_aranges
                0x00000b88       0x80 ..\obj\stm32f0xx_dac.o
 .debug_aranges
                0x00000c08       0x30 ..\obj\usart.o
 .debug_aranges
                0x00000c38       0x70 ..\obj\core_cm0.o

.debug_ranges   0x00000000      0xb90
 .debug_ranges  0x00000000      0x140 ..\obj\stm32f0xx_rcc.o
 .debug_ranges  0x00000140       0x90 ..\obj\rfm70.o
 .debug_ranges  0x000001d0       0xf0 ..\obj\stm32f0xx_adc.o
 .debug_ranges  0x000002c0       0x20 ..\obj\main.o
 .debug_ranges  0x000002e0       0x20 ..\obj\startup_stm32f0xx.o
 .debug_ranges  0x00000300       0x90 ..\obj\printf.o
 .debug_ranges  0x00000390      0x100 ..\obj\stm32f0xx_spi.o
 .debug_ranges  0x00000490       0x70 ..\obj\stm32f0xx_gpio.o
 .debug_ranges  0x00000500       0x50 ..\obj\syscalls.o
 .debug_ranges  0x00000550      0x190 ..\obj\stm32f0xx_usart.o
 .debug_ranges  0x000006e0      0x2f0 ..\obj\stm32f0xx_tim.o
 .debug_ranges  0x000009d0       0x20 ..\obj\system_stm32f0xx.o
 .debug_ranges  0x000009f0       0x48 ..\obj\stm32f0xx_exti.o
 .debug_ranges  0x00000a38       0x48 ..\obj\stm32f0xx_syscfg.o
 .debug_ranges  0x00000a80       0x20 ..\obj\stm32f0xx_misc.o
 .debug_ranges  0x00000aa0       0x70 ..\obj\stm32f0xx_dac.o
 .debug_ranges  0x00000b10       0x20 ..\obj\usart.o
 .debug_ranges  0x00000b30       0x60 ..\obj\core_cm0.o

.debug_line     0x00000000     0x7c45
 .debug_line    0x00000000      0xac5 ..\obj\stm32f0xx_rcc.o
 .debug_line    0x00000ac5      0x458 ..\obj\rfm70.o
 .debug_line    0x00000f1d      0x7fe ..\obj\stm32f0xx_adc.o
 .debug_line    0x0000171b      0x14e ..\obj\main.o
 .debug_line    0x00001869       0xa6 ..\obj\startup_stm32f0xx.o
 .debug_line    0x0000190f      0x382 ..\obj\printf.o
 .debug_line    0x00001c91      0xbbb ..\obj\stm32f0xx_spi.o
 .debug_line    0x0000284c      0x70c ..\obj\stm32f0xx_gpio.o
 .debug_line    0x00002f58      0x17a ..\obj\syscalls.o
 .debug_line    0x000030d2     0x1047 ..\obj\stm32f0xx_usart.o
 .debug_line    0x00004119     0x2991 ..\obj\stm32f0xx_tim.o
 .debug_line    0x00006aaa      0x191 ..\obj\system_stm32f0xx.o
 .debug_line    0x00006c3b      0x3d3 ..\obj\stm32f0xx_exti.o
 .debug_line    0x0000700e      0x31c ..\obj\stm32f0xx_syscfg.o
 .debug_line    0x0000732a      0x24c ..\obj\stm32f0xx_misc.o
 .debug_line    0x00007576      0x372 ..\obj\stm32f0xx_dac.o
 .debug_line    0x000078e8      0x1c4 ..\obj\usart.o
 .debug_line    0x00007aac      0x199 ..\obj\core_cm0.o

.debug_str      0x00000000     0x3762
 .debug_str     0x00000000      0x64d ..\obj\stm32f0xx_rcc.o
                                0x6d1 (size before relaxing)
 .debug_str     0x0000064d      0x54a ..\obj\rfm70.o
                                0x6db (size before relaxing)
 .debug_str     0x00000b97      0x3e6 ..\obj\stm32f0xx_adc.o
                                0x559 (size before relaxing)
 .debug_str     0x00000f7d       0xc9 ..\obj\main.o
                                0x237 (size before relaxing)
 .debug_str     0x00001046      0x4a5 ..\obj\printf.o
                                0x637 (size before relaxing)
 .debug_str     0x000014eb      0x3ac ..\obj\stm32f0xx_spi.o
                                0x6aa (size before relaxing)
 .debug_str     0x00001897      0x2cb ..\obj\stm32f0xx_gpio.o
                                0x438 (size before relaxing)
 .debug_str     0x00001b62      0x14c ..\obj\syscalls.o
                                0x2af (size before relaxing)
 .debug_str     0x00001cae      0x6d3 ..\obj\stm32f0xx_usart.o
                                0x8ff (size before relaxing)
 .debug_str     0x00002381      0xb9d ..\obj\stm32f0xx_tim.o
                                0xd8a (size before relaxing)
 .debug_str     0x00002f1e       0xa0 ..\obj\system_stm32f0xx.o
                                0x226 (size before relaxing)
 .debug_str     0x00002fbe      0x1ad ..\obj\stm32f0xx_exti.o
                                0x306 (size before relaxing)
 .debug_str     0x0000316b      0x179 ..\obj\stm32f0xx_syscfg.o
                                0x2d2 (size before relaxing)
 .debug_str     0x000032e4      0x121 ..\obj\stm32f0xx_misc.o
                                0x2b2 (size before relaxing)
 .debug_str     0x00003405      0x1b3 ..\obj\stm32f0xx_dac.o
                                0x318 (size before relaxing)
 .debug_str     0x000035b8       0xc6 ..\obj\usart.o
                                0x44c (size before relaxing)
 .debug_str     0x0000367e       0xe4 ..\obj\core_cm0.o
                                0x1e0 (size before relaxing)

.comment        0x00000000       0x70
 .comment       0x00000000       0x70 ..\obj\stm32f0xx_rcc.o
                                 0x71 (size before relaxing)
 .comment       0x00000000       0x71 ..\obj\rfm70.o
 .comment       0x00000000       0x71 ..\obj\stm32f0xx_adc.o
 .comment       0x00000000       0x71 ..\obj\main.o
 .comment       0x00000000       0x71 ..\obj\printf.o
 .comment       0x00000000       0x71 ..\obj\stm32f0xx_spi.o
 .comment       0x00000000       0x71 ..\obj\stm32f0xx_gpio.o
 .comment       0x00000000       0x71 ..\obj\syscalls.o
 .comment       0x00000000       0x71 ..\obj\stm32f0xx_usart.o
 .comment       0x00000000       0x71 ..\obj\stm32f0xx_tim.o
 .comment       0x00000000       0x71 ..\obj\system_stm32f0xx.o
 .comment       0x00000000       0x71 ..\obj\stm32f0xx_exti.o
 .comment       0x00000000       0x71 ..\obj\stm32f0xx_syscfg.o
 .comment       0x00000000       0x71 ..\obj\stm32f0xx_misc.o
 .comment       0x00000000       0x71 ..\obj\stm32f0xx_dac.o
 .comment       0x00000000       0x71 ..\obj\usart.o
 .comment       0x00000000       0x71 ..\obj\core_cm0.o

.ARM.attributes
                0x00000000       0x2f
 .ARM.attributes
                0x00000000       0x31 ..\obj\stm32f0xx_rcc.o
 .ARM.attributes
                0x00000031       0x31 ..\obj\rfm70.o
 .ARM.attributes
                0x00000062       0x31 ..\obj\stm32f0xx_adc.o
 .ARM.attributes
                0x00000093       0x31 ..\obj\main.o
 .ARM.attributes
                0x000000c4       0x21 ..\obj\startup_stm32f0xx.o
 .ARM.attributes
                0x000000e5       0x31 ..\obj\printf.o
 .ARM.attributes
                0x00000116       0x31 ..\obj\stm32f0xx_spi.o
 .ARM.attributes
                0x00000147       0x31 ..\obj\stm32f0xx_gpio.o
 .ARM.attributes
                0x00000178       0x31 ..\obj\syscalls.o
 .ARM.attributes
                0x000001a9       0x31 ..\obj\stm32f0xx_usart.o
 .ARM.attributes
                0x000001da       0x31 ..\obj\stm32f0xx_tim.o
 .ARM.attributes
                0x0000020b       0x31 ..\obj\system_stm32f0xx.o
 .ARM.attributes
                0x0000023c       0x31 ..\obj\stm32f0xx_exti.o
 .ARM.attributes
                0x0000026d       0x31 ..\obj\stm32f0xx_syscfg.o
 .ARM.attributes
                0x0000029e       0x31 ..\obj\stm32f0xx_misc.o
 .ARM.attributes
                0x000002cf       0x31 ..\obj\stm32f0xx_dac.o
 .ARM.attributes
                0x00000300       0x31 ..\obj\usart.o
 .ARM.attributes
                0x00000331       0x31 ..\obj\core_cm0.o
 .ARM.attributes
                0x00000362       0x1e c:/coocox/coide/bin/../lib/gcc/arm-none-eabi/4.6.2/armv6-m\libgcc.a(_udivsi3.o)
 .ARM.attributes
                0x00000380       0x1e c:/coocox/coide/bin/../lib/gcc/arm-none-eabi/4.6.2/armv6-m\libgcc.a(_divsi3.o)
 .ARM.attributes
                0x0000039e       0x1e c:/coocox/coide/bin/../lib/gcc/arm-none-eabi/4.6.2/armv6-m\libgcc.a(_dvmd_tls.o)

.debug_frame    0x00000000     0x2c8c
 .debug_frame   0x00000000      0x4e4 ..\obj\stm32f0xx_rcc.o
 .debug_frame   0x000004e4      0x230 ..\obj\rfm70.o
 .debug_frame   0x00000714      0x3b0 ..\obj\stm32f0xx_adc.o
 .debug_frame   0x00000ac4       0x6c ..\obj\main.o
 .debug_frame   0x00000b30      0x230 ..\obj\printf.o
 .debug_frame   0x00000d60      0x3f0 ..\obj\stm32f0xx_spi.o
 .debug_frame   0x00001150      0x1b0 ..\obj\stm32f0xx_gpio.o
 .debug_frame   0x00001300      0x12c ..\obj\syscalls.o
 .debug_frame   0x0000142c      0x630 ..\obj\stm32f0xx_usart.o
 .debug_frame   0x00001a5c      0xbb0 ..\obj\stm32f0xx_tim.o
 .debug_frame   0x0000260c       0x6c ..\obj\system_stm32f0xx.o
 .debug_frame   0x00002678      0x10c ..\obj\stm32f0xx_exti.o
 .debug_frame   0x00002784      0x110 ..\obj\stm32f0xx_syscfg.o
 .debug_frame   0x00002894       0x70 ..\obj\stm32f0xx_misc.o
 .debug_frame   0x00002904      0x1ac ..\obj\stm32f0xx_dac.o
 .debug_frame   0x00002ab0       0x6c ..\obj\usart.o
 .debug_frame   0x00002b1c      0x130 ..\obj\core_cm0.o
 .debug_frame   0x00002c4c       0x20 c:/coocox/coide/bin/../lib/gcc/arm-none-eabi/4.6.2/armv6-m\libgcc.a(_udivsi3.o)
 .debug_frame   0x00002c6c       0x20 c:/coocox/coide/bin/../lib/gcc/arm-none-eabi/4.6.2/armv6-m\libgcc.a(_divsi3.o)
