Archive member included because of file (symbol)

c:/coocox/coide/bin/../lib/gcc/arm-none-eabi/4.6.2/armv6-m\libgcc.a(_udivsi3.o)
                              ..\obj\stm32f0xx_rcc.o (__aeabi_uidiv)
c:/coocox/coide/bin/../lib/gcc/arm-none-eabi/4.6.2/armv6-m\libgcc.a(_dvmd_tls.o)
                              c:/coocox/coide/bin/../lib/gcc/arm-none-eabi/4.6.2/armv6-m\libgcc.a(_udivsi3.o) (__aeabi_idiv0)
c:/coocox/coide/bin/../lib/gcc/arm-none-eabi/4.6.2/../../../../arm-none-eabi/lib/armv6-m\libg.a(lib_a-memcpy.o)
                              ..\obj\main.o (memcpy)

Allocating common symbols
Common symbol       size              file

buf_DAC             0x40              ..\obj\main.o
rf70_rx_flag        0x1               ..\obj\rfm70.o
num_buf             0x1               ..\obj\main.o
i                   0x4               ..\obj\main.o
DAC_InitStructure   0x8               ..\obj\adc_tim.o
full_frameADC_received
                    0x1               ..\obj\main.o
num_bufDAC          0x1               ..\obj\main.o
flaga               0x1               ..\obj\main.o
rf70_rx_buf         0x21              ..\obj\rfm70.o
buf_ADC             0x40              ..\obj\main.o
GPIO_InitStructure  0x8               ..\obj\adc_tim.o
TX_RX               0x1               ..\obj\main.o
delay               0x1               ..\obj\rfm70.o
ADC1ConvertedValue  0x1               ..\obj\main.o
NVIC_InitStructure  0x3               ..\obj\adc_tim.o
DMA_InitStructure   0x2c              ..\obj\adc_tim.o

Discarded input sections

 .text          0x00000000        0x0 ..\obj\stm32f0xx_rcc.o
 .data          0x00000000       0x10 ..\obj\stm32f0xx_rcc.o
 .bss           0x00000000        0x0 ..\obj\stm32f0xx_rcc.o
 .text.RCC_DeInit
                0x00000000       0x90 ..\obj\stm32f0xx_rcc.o
 .text.RCC_HSEConfig
                0x00000000       0x24 ..\obj\stm32f0xx_rcc.o
 .text.RCC_WaitForHSEStartUp
                0x00000000       0x60 ..\obj\stm32f0xx_rcc.o
 .text.RCC_AdjustHSICalibrationValue
                0x00000000       0x3c ..\obj\stm32f0xx_rcc.o
 .text.RCC_HSICmd
                0x00000000       0x38 ..\obj\stm32f0xx_rcc.o
 .text.RCC_AdjustHSI14CalibrationValue
                0x00000000       0x3c ..\obj\stm32f0xx_rcc.o
 .text.RCC_HSI14Cmd
                0x00000000       0x38 ..\obj\stm32f0xx_rcc.o
 .text.RCC_HSI14ADCRequestCmd
                0x00000000       0x38 ..\obj\stm32f0xx_rcc.o
 .text.RCC_LSEConfig
                0x00000000       0x38 ..\obj\stm32f0xx_rcc.o
 .text.RCC_LSEDriveConfig
                0x00000000       0x2c ..\obj\stm32f0xx_rcc.o
 .text.RCC_LSICmd
                0x00000000       0x38 ..\obj\stm32f0xx_rcc.o
 .text.RCC_PLLConfig
                0x00000000       0x38 ..\obj\stm32f0xx_rcc.o
 .text.RCC_PLLCmd
                0x00000000       0x40 ..\obj\stm32f0xx_rcc.o
 .text.RCC_PREDIV1Config
                0x00000000       0x34 ..\obj\stm32f0xx_rcc.o
 .text.RCC_ClockSecuritySystemCmd
                0x00000000       0x40 ..\obj\stm32f0xx_rcc.o
 .text.RCC_MCOConfig
                0x00000000       0x20 ..\obj\stm32f0xx_rcc.o
 .text.RCC_SYSCLKConfig
                0x00000000       0x34 ..\obj\stm32f0xx_rcc.o
 .text.RCC_GetSYSCLKSource
                0x00000000       0x1c ..\obj\stm32f0xx_rcc.o
 .text.RCC_HCLKConfig
                0x00000000       0x34 ..\obj\stm32f0xx_rcc.o
 .text.RCC_PCLKConfig
                0x00000000       0x38 ..\obj\stm32f0xx_rcc.o
 .text.RCC_ADCCLKConfig
                0x00000000       0x58 ..\obj\stm32f0xx_rcc.o
 .text.RCC_CECCLKConfig
                0x00000000       0x2c ..\obj\stm32f0xx_rcc.o
 .text.RCC_I2CCLKConfig
                0x00000000       0x2c ..\obj\stm32f0xx_rcc.o
 .text.RCC_USARTCLKConfig
                0x00000000       0x2c ..\obj\stm32f0xx_rcc.o
 .text.RCC_GetClocksFreq
                0x00000000      0x1e8 ..\obj\stm32f0xx_rcc.o
 .text.RCC_RTCCLKConfig
                0x00000000       0x20 ..\obj\stm32f0xx_rcc.o
 .text.RCC_RTCCLKCmd
                0x00000000       0x40 ..\obj\stm32f0xx_rcc.o
 .text.RCC_BackupResetCmd
                0x00000000       0x40 ..\obj\stm32f0xx_rcc.o
 .text.RCC_AHBPeriphResetCmd
                0x00000000       0x40 ..\obj\stm32f0xx_rcc.o
 .text.RCC_APB1PeriphResetCmd
                0x00000000       0x40 ..\obj\stm32f0xx_rcc.o
 .text.RCC_ITConfig
                0x00000000       0x50 ..\obj\stm32f0xx_rcc.o
 .text.RCC_GetFlagStatus
                0x00000000       0x9c ..\obj\stm32f0xx_rcc.o
 .text.RCC_ClearFlag
                0x00000000       0x1c ..\obj\stm32f0xx_rcc.o
 .text.RCC_GetITStatus
                0x00000000       0x44 ..\obj\stm32f0xx_rcc.o
 .text.RCC_ClearITPendingBit
                0x00000000       0x20 ..\obj\stm32f0xx_rcc.o
 .text          0x00000000        0x0 ..\obj\rfm70.o
 .data          0x00000000        0x0 ..\obj\rfm70.o
 .text          0x00000000        0x0 ..\obj\stm32f0xx_adc.o
 .data          0x00000000        0x0 ..\obj\stm32f0xx_adc.o
 .bss           0x00000000        0x0 ..\obj\stm32f0xx_adc.o
 .text.ADC_StructInit
                0x00000000       0x34 ..\obj\stm32f0xx_adc.o
 .text.ADC_JitterCmd
                0x00000000       0x3c ..\obj\stm32f0xx_adc.o
 .text.ADC_AutoPowerOffCmd
                0x00000000       0x40 ..\obj\stm32f0xx_adc.o
 .text.ADC_WaitModeCmd
                0x00000000       0x40 ..\obj\stm32f0xx_adc.o
 .text.ADC_AnalogWatchdogCmd
                0x00000000       0x40 ..\obj\stm32f0xx_adc.o
 .text.ADC_AnalogWatchdogThresholdsConfig
                0x00000000       0x28 ..\obj\stm32f0xx_adc.o
 .text.ADC_AnalogWatchdogSingleChannelConfig
                0x00000000       0x34 ..\obj\stm32f0xx_adc.o
 .text.ADC_AnalogWatchdogSingleChannelCmd
                0x00000000       0x40 ..\obj\stm32f0xx_adc.o
 .text.ADC_TempSensorCmd
                0x00000000       0x40 ..\obj\stm32f0xx_adc.o
 .text.ADC_VrefintCmd
                0x00000000       0x40 ..\obj\stm32f0xx_adc.o
 .text.ADC_VbatCmd
                0x00000000       0x40 ..\obj\stm32f0xx_adc.o
 .text.ADC_ContinuousModeCmd
                0x00000000       0x40 ..\obj\stm32f0xx_adc.o
 .text.ADC_DiscModeCmd
                0x00000000       0x40 ..\obj\stm32f0xx_adc.o
 .text.ADC_OverrunModeCmd
                0x00000000       0x40 ..\obj\stm32f0xx_adc.o
 .text.ADC_StopOfConversion
                0x00000000       0x1c ..\obj\stm32f0xx_adc.o
 .text.ADC_GetConversionValue
                0x00000000       0x18 ..\obj\stm32f0xx_adc.o
 .text.ADC_ITConfig
                0x00000000       0x3c ..\obj\stm32f0xx_adc.o
 .text.ADC_ClearFlag
                0x00000000       0x18 ..\obj\stm32f0xx_adc.o
 .text.ADC_GetITStatus
                0x00000000       0x50 ..\obj\stm32f0xx_adc.o
 .text.ADC_ClearITPendingBit
                0x00000000       0x18 ..\obj\stm32f0xx_adc.o
 .text          0x00000000        0x0 ..\obj\main.o
 .data          0x00000000        0x0 ..\obj\main.o
 .text          0x00000000       0x14 ..\obj\startup_stm32f0xx.o
 .data          0x00000000        0x0 ..\obj\startup_stm32f0xx.o
 .bss           0x00000000        0x0 ..\obj\startup_stm32f0xx.o
 .text          0x00000000        0x0 ..\obj\stm32f0xx_dma.o
 .data          0x00000000        0x0 ..\obj\stm32f0xx_dma.o
 .bss           0x00000000        0x0 ..\obj\stm32f0xx_dma.o
 .text.DMA_SetCurrDataCounter
                0x00000000       0x1c ..\obj\stm32f0xx_dma.o
 .text.DMA_GetCurrDataCounter
                0x00000000       0x18 ..\obj\stm32f0xx_dma.o
 .text.DMA_GetFlagStatus
                0x00000000       0x40 ..\obj\stm32f0xx_dma.o
 .text.DMA_ClearFlag
                0x00000000       0x18 ..\obj\stm32f0xx_dma.o
 .text.DMA_GetITStatus
                0x00000000       0x40 ..\obj\stm32f0xx_dma.o
 .text.DMA_ClearITPendingBit
                0x00000000       0x18 ..\obj\stm32f0xx_dma.o
 .text          0x00000000        0x0 ..\obj\printf.o
 .data          0x00000000      0x430 ..\obj\printf.o
 .bss           0x00000000        0x0 ..\obj\printf.o
 .text.PrintChar
                0x00000000       0x14 ..\obj\printf.o
 .text.PutChar  0x00000000       0x20 ..\obj\printf.o
 .text.PutString
                0x00000000       0x3c ..\obj\printf.o
 .text.PutUnsignedInt
                0x00000000       0xa4 ..\obj\printf.o
 .text.PutSignedInt
                0x00000000      0x108 ..\obj\printf.o
 .text.PutHexa  0x00000000       0xec ..\obj\printf.o
 .text.vsnprintf
                0x00000000      0x230 ..\obj\printf.o
 .rodata        0x00000000       0xa8 ..\obj\printf.o
 .text.snprintf
                0x00000000       0x34 ..\obj\printf.o
 .text.vsprintf
                0x00000000       0x24 ..\obj\printf.o
 .text.vfprintf
                0x00000000       0x6c ..\obj\printf.o
 .text.vprintf  0x00000000       0x2c ..\obj\printf.o
 .text.fprintf  0x00000000       0x34 ..\obj\printf.o
 .text.printf   0x00000000       0x30 ..\obj\printf.o
 .text.sprintf  0x00000000       0x34 ..\obj\printf.o
 .text.puts     0x00000000       0x28 ..\obj\printf.o
 .text.fputc    0x00000000       0x40 ..\obj\printf.o
 .text.fputs    0x00000000       0x4c ..\obj\printf.o
 .text          0x00000000        0x0 ..\obj\adc_tim.o
 .data          0x00000000        0x0 ..\obj\adc_tim.o
 .text.DAC_Conf
                0x00000000       0x9c ..\obj\adc_tim.o
 .text.Enable_TIM6_DAC
                0x00000000       0x1c ..\obj\adc_tim.o
 .text.Disable_TIM6_DAC
                0x00000000       0x1c ..\obj\adc_tim.o
 .text          0x00000000        0x0 ..\obj\stm32f0xx_gpio.o
 .data          0x00000000        0x0 ..\obj\stm32f0xx_gpio.o
 .bss           0x00000000        0x0 ..\obj\stm32f0xx_gpio.o
 .text.GPIO_DeInit
                0x00000000       0xc8 ..\obj\stm32f0xx_gpio.o
 .text.GPIO_StructInit
                0x00000000       0x30 ..\obj\stm32f0xx_gpio.o
 .text.GPIO_PinLockConfig
                0x00000000       0x44 ..\obj\stm32f0xx_gpio.o
 .text.GPIO_ReadInputDataBit
                0x00000000       0x48 ..\obj\stm32f0xx_gpio.o
 .text.GPIO_ReadInputData
                0x00000000       0x18 ..\obj\stm32f0xx_gpio.o
 .text.GPIO_ReadOutputDataBit
                0x00000000       0x48 ..\obj\stm32f0xx_gpio.o
 .text.GPIO_ReadOutputData
                0x00000000       0x18 ..\obj\stm32f0xx_gpio.o
 .text.GPIO_SetBits
                0x00000000       0x1c ..\obj\stm32f0xx_gpio.o
 .text.GPIO_ResetBits
                0x00000000       0x1c ..\obj\stm32f0xx_gpio.o
 .text.GPIO_WriteBit
                0x00000000       0x30 ..\obj\stm32f0xx_gpio.o
 .text.GPIO_Write
                0x00000000       0x1c ..\obj\stm32f0xx_gpio.o
 .text.GPIO_PinAFConfig
                0x00000000       0x9c ..\obj\stm32f0xx_gpio.o
 .text          0x00000000        0x0 ..\obj\syscalls.o
 .data          0x00000000        0x0 ..\obj\syscalls.o
 .bss           0x00000000        0x4 ..\obj\syscalls.o
 .text._sbrk    0x00000000       0x3c ..\obj\syscalls.o
 .text.link     0x00000000       0x18 ..\obj\syscalls.o
 .text._close   0x00000000       0x14 ..\obj\syscalls.o
 .text._fstat   0x00000000       0x1c ..\obj\syscalls.o
 .text._isatty  0x00000000       0x14 ..\obj\syscalls.o
 .text._lseek   0x00000000       0x18 ..\obj\syscalls.o
 .text._read    0x00000000       0x18 ..\obj\syscalls.o
 .text._write   0x00000000       0x18 ..\obj\syscalls.o
 .text.abort    0x00000000        0x8 ..\obj\syscalls.o
 .text          0x00000000        0x0 ..\obj\stm32f0xx_tim.o
 .data          0x00000000        0x0 ..\obj\stm32f0xx_tim.o
 .bss           0x00000000        0x0 ..\obj\stm32f0xx_tim.o
 .text.TIM_DeInit
                0x00000000      0x124 ..\obj\stm32f0xx_tim.o
 .text.TIM_PrescalerConfig
                0x00000000       0x28 ..\obj\stm32f0xx_tim.o
 .text.TIM_CounterModeConfig
                0x00000000       0x54 ..\obj\stm32f0xx_tim.o
 .text.TIM_SetCounter
                0x00000000       0x18 ..\obj\stm32f0xx_tim.o
 .text.TIM_SetAutoreload
                0x00000000       0x18 ..\obj\stm32f0xx_tim.o
 .text.TIM_GetCounter
                0x00000000       0x14 ..\obj\stm32f0xx_tim.o
 .text.TIM_GetPrescaler
                0x00000000       0x18 ..\obj\stm32f0xx_tim.o
 .text.TIM_UpdateDisableConfig
                0x00000000       0x40 ..\obj\stm32f0xx_tim.o
 .text.TIM_UpdateRequestConfig
                0x00000000       0x40 ..\obj\stm32f0xx_tim.o
 .text.TIM_ARRPreloadConfig
                0x00000000       0x40 ..\obj\stm32f0xx_tim.o
 .text.TIM_SelectOnePulseMode
                0x00000000       0x38 ..\obj\stm32f0xx_tim.o
 .text.TIM_SetClockDivision
                0x00000000       0x3c ..\obj\stm32f0xx_tim.o
 .text.TIM_BDTRConfig
                0x00000000       0x4c ..\obj\stm32f0xx_tim.o
 .text.TIM_BDTRStructInit
                0x00000000       0x38 ..\obj\stm32f0xx_tim.o
 .text.TIM_CtrlPWMOutputs
                0x00000000       0x4c ..\obj\stm32f0xx_tim.o
 .text.TIM_OC1Init
                0x00000000      0x1a4 ..\obj\stm32f0xx_tim.o
 .text.TIM_OC2Init
                0x00000000      0x1a4 ..\obj\stm32f0xx_tim.o
 .text.TIM_OC3Init
                0x00000000      0x1a8 ..\obj\stm32f0xx_tim.o
 .text.TIM_OC4Init
                0x00000000      0x134 ..\obj\stm32f0xx_tim.o
 .text.TIM_OCStructInit
                0x00000000       0x40 ..\obj\stm32f0xx_tim.o
 .text.TIM_SelectOCxM
                0x00000000       0xc0 ..\obj\stm32f0xx_tim.o
 .text.TIM_SetCompare1
                0x00000000       0x18 ..\obj\stm32f0xx_tim.o
 .text.TIM_SetCompare2
                0x00000000       0x18 ..\obj\stm32f0xx_tim.o
 .text.TIM_SetCompare3
                0x00000000       0x18 ..\obj\stm32f0xx_tim.o
 .text.TIM_SetCompare4
                0x00000000       0x18 ..\obj\stm32f0xx_tim.o
 .text.TIM_ForcedOC1Config
                0x00000000       0x54 ..\obj\stm32f0xx_tim.o
 .text.TIM_ForcedOC2Config
                0x00000000       0x5c ..\obj\stm32f0xx_tim.o
 .text.TIM_ForcedOC3Config
                0x00000000       0x54 ..\obj\stm32f0xx_tim.o
 .text.TIM_ForcedOC4Config
                0x00000000       0x5c ..\obj\stm32f0xx_tim.o
 .text.TIM_CCPreloadControl
                0x00000000       0x40 ..\obj\stm32f0xx_tim.o
 .text.TIM_OC1PreloadConfig
                0x00000000       0x54 ..\obj\stm32f0xx_tim.o
 .text.TIM_OC2PreloadConfig
                0x00000000       0x5c ..\obj\stm32f0xx_tim.o
 .text.TIM_OC3PreloadConfig
                0x00000000       0x54 ..\obj\stm32f0xx_tim.o
 .text.TIM_OC4PreloadConfig
                0x00000000       0x5c ..\obj\stm32f0xx_tim.o
 .text.TIM_OC1FastConfig
                0x00000000       0x54 ..\obj\stm32f0xx_tim.o
 .text.TIM_OC2FastConfig
                0x00000000       0x5c ..\obj\stm32f0xx_tim.o
 .text.TIM_OC3FastConfig
                0x00000000       0x54 ..\obj\stm32f0xx_tim.o
 .text.TIM_OC4FastConfig
                0x00000000       0x5c ..\obj\stm32f0xx_tim.o
 .text.TIM_ClearOC1Ref
                0x00000000       0x54 ..\obj\stm32f0xx_tim.o
 .text.TIM_ClearOC2Ref
                0x00000000       0x58 ..\obj\stm32f0xx_tim.o
 .text.TIM_ClearOC3Ref
                0x00000000       0x54 ..\obj\stm32f0xx_tim.o
 .text.TIM_ClearOC4Ref
                0x00000000       0x58 ..\obj\stm32f0xx_tim.o
 .text.TIM_OC1PolarityConfig
                0x00000000       0x54 ..\obj\stm32f0xx_tim.o
 .text.TIM_OC1NPolarityConfig
                0x00000000       0x54 ..\obj\stm32f0xx_tim.o
 .text.TIM_OC2PolarityConfig
                0x00000000       0x58 ..\obj\stm32f0xx_tim.o
 .text.TIM_OC2NPolarityConfig
                0x00000000       0x58 ..\obj\stm32f0xx_tim.o
 .text.TIM_OC3PolarityConfig
                0x00000000       0x5c ..\obj\stm32f0xx_tim.o
 .text.TIM_OC3NPolarityConfig
                0x00000000       0x5c ..\obj\stm32f0xx_tim.o
 .text.TIM_OC4PolarityConfig
                0x00000000       0x5c ..\obj\stm32f0xx_tim.o
 .text.TIM_SelectOCREFClear
                0x00000000       0x38 ..\obj\stm32f0xx_tim.o
 .text.TIM_CCxCmd
                0x00000000       0x64 ..\obj\stm32f0xx_tim.o
 .text.TIM_CCxNCmd
                0x00000000       0x64 ..\obj\stm32f0xx_tim.o
 .text.TIM_SelectCOM
                0x00000000       0x40 ..\obj\stm32f0xx_tim.o
 .text.TIM_ICInit
                0x00000000       0xb0 ..\obj\stm32f0xx_tim.o
 .text.TIM_ICStructInit
                0x00000000       0x2c ..\obj\stm32f0xx_tim.o
 .text.TIM_PWMIConfig
                0x00000000       0xe8 ..\obj\stm32f0xx_tim.o
 .text.TIM_GetCapture1
                0x00000000       0x14 ..\obj\stm32f0xx_tim.o
 .text.TIM_GetCapture2
                0x00000000       0x14 ..\obj\stm32f0xx_tim.o
 .text.TIM_GetCapture3
                0x00000000       0x14 ..\obj\stm32f0xx_tim.o
 .text.TIM_GetCapture4
                0x00000000       0x14 ..\obj\stm32f0xx_tim.o
 .text.TIM_SetIC1Prescaler
                0x00000000       0x38 ..\obj\stm32f0xx_tim.o
 .text.TIM_SetIC2Prescaler
                0x00000000       0x40 ..\obj\stm32f0xx_tim.o
 .text.TIM_SetIC3Prescaler
                0x00000000       0x38 ..\obj\stm32f0xx_tim.o
 .text.TIM_SetIC4Prescaler
                0x00000000       0x40 ..\obj\stm32f0xx_tim.o
 .text.TIM_ITConfig
                0x00000000       0x48 ..\obj\stm32f0xx_tim.o
 .text.TIM_GenerateEvent
                0x00000000       0x1c ..\obj\stm32f0xx_tim.o
 .text.TIM_GetFlagStatus
                0x00000000       0x48 ..\obj\stm32f0xx_tim.o
 .text.TIM_ClearFlag
                0x00000000       0x20 ..\obj\stm32f0xx_tim.o
 .text.TIM_GetITStatus
                0x00000000       0x80 ..\obj\stm32f0xx_tim.o
 .text.TIM_ClearITPendingBit
                0x00000000       0x20 ..\obj\stm32f0xx_tim.o
 .text.TIM_DMAConfig
                0x00000000       0x28 ..\obj\stm32f0xx_tim.o
 .text.TIM_DMACmd
                0x00000000       0x48 ..\obj\stm32f0xx_tim.o
 .text.TIM_SelectCCDMA
                0x00000000       0x40 ..\obj\stm32f0xx_tim.o
 .text.TIM_InternalClockConfig
                0x00000000       0x20 ..\obj\stm32f0xx_tim.o
 .text.TIM_ITRxExternalClockConfig
                0x00000000       0x34 ..\obj\stm32f0xx_tim.o
 .text.TIM_TIxExternalClockConfig
                0x00000000       0x7c ..\obj\stm32f0xx_tim.o
 .text.TIM_ETRClockMode1Config
                0x00000000       0x98 ..\obj\stm32f0xx_tim.o
 .text.TIM_ETRClockMode2Config
                0x00000000       0x4c ..\obj\stm32f0xx_tim.o
 .text.TIM_SelectInputTrigger
                0x00000000       0x54 ..\obj\stm32f0xx_tim.o
 .text.TIM_SelectSlaveMode
                0x00000000       0x38 ..\obj\stm32f0xx_tim.o
 .text.TIM_SelectMasterSlaveMode
                0x00000000       0x38 ..\obj\stm32f0xx_tim.o
 .text.TIM_ETRConfig
                0x00000000       0x7c ..\obj\stm32f0xx_tim.o
 .text.TIM_EncoderInterfaceConfig
                0x00000000       0xf4 ..\obj\stm32f0xx_tim.o
 .text.TIM_SelectHallSensor
                0x00000000       0x40 ..\obj\stm32f0xx_tim.o
 .text.TIM_RemapConfig
                0x00000000       0x20 ..\obj\stm32f0xx_tim.o
 .text.TI1_Config
                0x00000000       0xc8 ..\obj\stm32f0xx_tim.o
 .text.TI2_Config
                0x00000000       0xf0 ..\obj\stm32f0xx_tim.o
 .text.TI3_Config
                0x00000000       0xe8 ..\obj\stm32f0xx_tim.o
 .text.TI4_Config
                0x00000000       0xf8 ..\obj\stm32f0xx_tim.o
 .text          0x00000000        0x0 ..\obj\system_stm32f0xx.o
 .data          0x00000000       0x14 ..\obj\system_stm32f0xx.o
 .bss           0x00000000        0x0 ..\obj\system_stm32f0xx.o
 .text.SystemCoreClockUpdate
                0x00000000       0xdc ..\obj\system_stm32f0xx.o
 .text          0x00000000        0x0 ..\obj\stm32f0xx_exti.o
 .data          0x00000000        0x0 ..\obj\stm32f0xx_exti.o
 .bss           0x00000000        0x0 ..\obj\stm32f0xx_exti.o
 .text.EXTI_DeInit
                0x00000000       0x34 ..\obj\stm32f0xx_exti.o
 .text.EXTI_Init
                0x00000000       0xe4 ..\obj\stm32f0xx_exti.o
 .text.EXTI_StructInit
                0x00000000       0x28 ..\obj\stm32f0xx_exti.o
 .text.EXTI_GenerateSWInterrupt
                0x00000000       0x20 ..\obj\stm32f0xx_exti.o
 .text.EXTI_GetFlagStatus
                0x00000000       0x40 ..\obj\stm32f0xx_exti.o
 .text.EXTI_ClearFlag
                0x00000000       0x18 ..\obj\stm32f0xx_exti.o
 .text.EXTI_GetITStatus
                0x00000000       0x54 ..\obj\stm32f0xx_exti.o
 .text.EXTI_ClearITPendingBit
                0x00000000       0x18 ..\obj\stm32f0xx_exti.o
 .text          0x00000000        0x0 ..\obj\stm32f0xx_syscfg.o
 .data          0x00000000        0x0 ..\obj\stm32f0xx_syscfg.o
 .bss           0x00000000        0x0 ..\obj\stm32f0xx_syscfg.o
 .text.SYSCFG_DeInit
                0x00000000       0x40 ..\obj\stm32f0xx_syscfg.o
 .text.SYSCFG_MemoryRemapConfig
                0x00000000       0x34 ..\obj\stm32f0xx_syscfg.o
 .text.SYSCFG_DMAChannelRemapConfig
                0x00000000       0x40 ..\obj\stm32f0xx_syscfg.o
 .text.SYSCFG_I2CFastModePlusConfig
                0x00000000       0x40 ..\obj\stm32f0xx_syscfg.o
 .text.SYSCFG_EXTILineConfig
                0x00000000       0x94 ..\obj\stm32f0xx_syscfg.o
 .text.SYSCFG_BreakConfig
                0x00000000       0x20 ..\obj\stm32f0xx_syscfg.o
 .text.SYSCFG_GetFlagStatus
                0x00000000       0x44 ..\obj\stm32f0xx_syscfg.o
 .text.SYSCFG_ClearFlag
                0x00000000       0x20 ..\obj\stm32f0xx_syscfg.o
 .text          0x00000000        0x0 ..\obj\stm32f0xx_misc.o
 .data          0x00000000        0x0 ..\obj\stm32f0xx_misc.o
 .bss           0x00000000        0x0 ..\obj\stm32f0xx_misc.o
 .text.NVIC_SystemLPConfig
                0x00000000       0x48 ..\obj\stm32f0xx_misc.o
 .text.SysTick_CLKSourceConfig
                0x00000000       0x34 ..\obj\stm32f0xx_misc.o
 .text          0x00000000        0x0 ..\obj\stm32f0xx_dac.o
 .data          0x00000000        0x0 ..\obj\stm32f0xx_dac.o
 .bss           0x00000000        0x0 ..\obj\stm32f0xx_dac.o
 .text.DAC_DeInit
                0x00000000       0x20 ..\obj\stm32f0xx_dac.o
 .text.DAC_StructInit
                0x00000000       0x1c ..\obj\stm32f0xx_dac.o
 .text.DAC_SoftwareTriggerCmd
                0x00000000       0x54 ..\obj\stm32f0xx_dac.o
 .text.DAC_SetChannel1Data
                0x00000000       0x34 ..\obj\stm32f0xx_dac.o
 .text.DAC_GetDataOutputValue
                0x00000000       0x30 ..\obj\stm32f0xx_dac.o
 .text.DAC_ITConfig
                0x00000000       0x50 ..\obj\stm32f0xx_dac.o
 .text.DAC_GetFlagStatus
                0x00000000       0x48 ..\obj\stm32f0xx_dac.o
 .text.DAC_ClearFlag
                0x00000000       0x24 ..\obj\stm32f0xx_dac.o
 .text.DAC_GetITStatus
                0x00000000       0x64 ..\obj\stm32f0xx_dac.o
 .text.DAC_ClearITPendingBit
                0x00000000       0x24 ..\obj\stm32f0xx_dac.o
 .text          0x00000000        0x0 ..\obj\core_cm0.o
 .data          0x00000000        0x0 ..\obj\core_cm0.o
 .bss           0x00000000        0x0 ..\obj\core_cm0.o
 .text.__get_PSP
                0x00000000       0x10 ..\obj\core_cm0.o
 .text.__set_PSP
                0x00000000        0x8 ..\obj\core_cm0.o
 .text.__get_MSP
                0x00000000       0x10 ..\obj\core_cm0.o
 .text.__set_MSP
                0x00000000        0x8 ..\obj\core_cm0.o
 .text.__get_PRIMASK
                0x00000000       0x1c ..\obj\core_cm0.o
 .text.__set_PRIMASK
                0x00000000       0x14 ..\obj\core_cm0.o
 .text.__get_CONTROL
                0x00000000       0x1c ..\obj\core_cm0.o
 .text.__set_CONTROL
                0x00000000       0x14 ..\obj\core_cm0.o
 .text.__REV    0x00000000       0x1c ..\obj\core_cm0.o
 .text.__REV16  0x00000000       0x24 ..\obj\core_cm0.o
 .text.__REVSH  0x00000000       0x24 ..\obj\core_cm0.o
 .text          0x00000000       0x9c c:/coocox/coide/bin/../lib/gcc/arm-none-eabi/4.6.2/armv6-m\libgcc.a(_udivsi3.o)
 .data          0x00000000        0x0 c:/coocox/coide/bin/../lib/gcc/arm-none-eabi/4.6.2/armv6-m\libgcc.a(_udivsi3.o)
 .bss           0x00000000        0x0 c:/coocox/coide/bin/../lib/gcc/arm-none-eabi/4.6.2/armv6-m\libgcc.a(_udivsi3.o)
 .text          0x00000000        0x4 c:/coocox/coide/bin/../lib/gcc/arm-none-eabi/4.6.2/armv6-m\libgcc.a(_dvmd_tls.o)
 .data          0x00000000        0x0 c:/coocox/coide/bin/../lib/gcc/arm-none-eabi/4.6.2/armv6-m\libgcc.a(_dvmd_tls.o)
 .bss           0x00000000        0x0 c:/coocox/coide/bin/../lib/gcc/arm-none-eabi/4.6.2/armv6-m\libgcc.a(_dvmd_tls.o)
 .text          0x00000000        0x0 c:/coocox/coide/bin/../lib/gcc/arm-none-eabi/4.6.2/../../../../arm-none-eabi/lib/armv6-m\libg.a(lib_a-memcpy.o)
 .data          0x00000000        0x0 c:/coocox/coide/bin/../lib/gcc/arm-none-eabi/4.6.2/../../../../arm-none-eabi/lib/armv6-m\libg.a(lib_a-memcpy.o)
 .bss           0x00000000        0x0 c:/coocox/coide/bin/../lib/gcc/arm-none-eabi/4.6.2/../../../../arm-none-eabi/lib/armv6-m\libg.a(lib_a-memcpy.o)

Memory Configuration

Name             Origin             Length             Attributes
rom              0x00000000         0x00010000         xr
ram              0x20000000         0x00002000         xrw
*default*        0x00000000         0xffffffff

Linker script and memory map

                0x20002000                _eram = 0x20002000

.text           0x00000000     0x1de0
 *(.isr_vector .isr_vector.*)
 .isr_vector    0x00000000       0xc4 ..\obj\startup_stm32f0xx.o
                0x00000000                g_pfnVectors
 *(.text .text.* .gnu.linkonce.t.*)
 .text.RCC_AHBPeriphClockCmd
                0x000000c4       0x40 ..\obj\stm32f0xx_rcc.o
                0x000000c4                RCC_AHBPeriphClockCmd
 .text.RCC_APB2PeriphClockCmd
                0x00000104       0x40 ..\obj\stm32f0xx_rcc.o
                0x00000104                RCC_APB2PeriphClockCmd
 .text.RCC_APB1PeriphClockCmd
                0x00000144       0x40 ..\obj\stm32f0xx_rcc.o
                0x00000144                RCC_APB1PeriphClockCmd
 .text.RCC_APB2PeriphResetCmd
                0x00000184       0x40 ..\obj\stm32f0xx_rcc.o
                0x00000184                RCC_APB2PeriphResetCmd
 .text.register_rfm70_rx_event_callback
                0x000001c4       0x18 ..\obj\rfm70.o
                0x000001c4                register_rfm70_rx_event_callback
 .text.RFM70_RX_EVENT
                0x000001dc       0x58 ..\obj\rfm70.o
                0x000001dc                RFM70_RX_EVENT
 .text.SPI_RW   0x00000234       0xb4 ..\obj\rfm70.o
 .text.SPI_Write_Reg
                0x000002e8       0x5c ..\obj\rfm70.o
                0x000002e8                SPI_Write_Reg
 .text.SPI_Read_Reg
                0x00000344       0x60 ..\obj\rfm70.o
                0x00000344                SPI_Read_Reg
 .text.SPI_Read_Buf
                0x000003a4       0x94 ..\obj\rfm70.o
                0x000003a4                SPI_Read_Buf
 .text.SPI_Write_Buf
                0x00000438       0x88 ..\obj\rfm70.o
                0x00000438                SPI_Write_Buf
 .text.SwitchToRxMode
                0x000004c0       0x80 ..\obj\rfm70.o
                0x000004c0                SwitchToRxMode
 .text.SwitchToTxMode
                0x00000540       0x68 ..\obj\rfm70.o
                0x00000540                SwitchToTxMode
 .text.SwitchCFG
                0x000005a8       0x5c ..\obj\rfm70.o
                0x000005a8                SwitchCFG
 .text.SetChannelNum
                0x00000604       0x20 ..\obj\rfm70.o
                0x00000604                SetChannelNum
 .text.EXTI0_1_IRQHandler
                0x00000624       0x44 ..\obj\rfm70.o
                0x00000624                EXTI0_1_IRQHandler
 .text.RFM70_Init
                0x00000668      0x438 ..\obj\rfm70.o
                0x00000668                RFM70_Init
 .text.Send_Packet
                0x00000aa0       0xbc ..\obj\rfm70.o
                0x00000aa0                Send_Packet
 .text.Receive_Packet
                0x00000b5c       0xa8 ..\obj\rfm70.o
                0x00000b5c                Receive_Packet
 .text.EXTI0_Config
                0x00000c04       0x80 ..\obj\rfm70.o
                0x00000c04                EXTI0_Config
 .text.ADC_DeInit
                0x00000c84       0x34 ..\obj\stm32f0xx_adc.o
                0x00000c84                ADC_DeInit
 .text.ADC_Init
                0x00000cb8       0x58 ..\obj\stm32f0xx_adc.o
                0x00000cb8                ADC_Init
 .text.ADC_Cmd  0x00000d10       0x38 ..\obj\stm32f0xx_adc.o
                0x00000d10                ADC_Cmd
 .text.ADC_ChannelConfig
                0x00000d48       0x3c ..\obj\stm32f0xx_adc.o
                0x00000d48                ADC_ChannelConfig
 .text.ADC_GetCalibrationFactor
                0x00000d84       0x60 ..\obj\stm32f0xx_adc.o
                0x00000d84                ADC_GetCalibrationFactor
 .text.ADC_StartOfConversion
                0x00000de4       0x1c ..\obj\stm32f0xx_adc.o
                0x00000de4                ADC_StartOfConversion
 .text.ADC_DMACmd
                0x00000e00       0x3c ..\obj\stm32f0xx_adc.o
                0x00000e00                ADC_DMACmd
 .text.ADC_DMARequestModeConfig
                0x00000e3c       0x30 ..\obj\stm32f0xx_adc.o
                0x00000e3c                ADC_DMARequestModeConfig
 .text.ADC_GetFlagStatus
                0x00000e6c       0x60 ..\obj\stm32f0xx_adc.o
                0x00000e6c                ADC_GetFlagStatus
 .text.main     0x00000ecc       0xf8 ..\obj\main.o
                0x00000ecc                main
 .text.my_receive_packet
                0x00000fc4       0x70 ..\obj\main.o
                0x00000fc4                my_receive_packet
 .text.Reset_Handler
                0x00001034       0x44 ..\obj\startup_stm32f0xx.o
                0x00001034                Reset_Handler
 .text.Default_Handler
                0x00001078        0x2 ..\obj\startup_stm32f0xx.o
                0x00001078                TIM1_CC_IRQHandler
                0x00001078                HardFault_Handler
                0x00001078                ADC1_COMP_IRQHandler
                0x00001078                SysTick_Handler
                0x00001078                PVD_IRQHandler
                0x00001078                PendSV_Handler
                0x00001078                NMI_Handler
                0x00001078                I2C1_IRQHandler
                0x00001078                SPI1_IRQHandler
                0x00001078                EXTI2_3_IRQHandler
                0x00001078                I2C2_IRQHandler
                0x00001078                TIM17_IRQHandler
                0x00001078                RTC_IRQHandler
                0x00001078                TIM16_IRQHandler
                0x00001078                TIM3_IRQHandler
                0x00001078                EXTI4_15_IRQHandler
                0x00001078                RCC_IRQHandler
                0x00001078                Default_Handler
                0x00001078                CEC_IRQHandler
                0x00001078                TIM14_IRQHandler
                0x00001078                DMA1_Channel4_5_IRQHandler
                0x00001078                TIM15_IRQHandler
                0x00001078                SPI2_IRQHandler
                0x00001078                SVC_Handler
                0x00001078                TS_IRQHandler
                0x00001078                WWDG_IRQHandler
                0x00001078                TIM2_IRQHandler
                0x00001078                USART2_IRQHandler
                0x00001078                FLASH_IRQHandler
                0x00001078                USART1_IRQHandler
                0x00001078                TIM1_BRK_UP_TRG_COM_IRQHandler
 *fill*         0x0000107a        0x2 00
 .text.DMA_DeInit
                0x0000107c       0xc4 ..\obj\stm32f0xx_dma.o
                0x0000107c                DMA_DeInit
 .text.DMA_Init
                0x00001140       0x78 ..\obj\stm32f0xx_dma.o
                0x00001140                DMA_Init
 .text.DMA_StructInit
                0x000011b8       0x50 ..\obj\stm32f0xx_dma.o
                0x000011b8                DMA_StructInit
 .text.DMA_Cmd  0x00001208       0x3c ..\obj\stm32f0xx_dma.o
                0x00001208                DMA_Cmd
 .text.DMA_ITConfig
                0x00001244       0x3c ..\obj\stm32f0xx_dma.o
                0x00001244                DMA_ITConfig
 .text.TIM6_DAC_IRQHandler
                0x00001280       0x90 ..\obj\adc_tim.o
                0x00001280                TIM6_DAC_IRQHandler
 .text.ADC1_DMA_Config
                0x00001310      0x220 ..\obj\adc_tim.o
                0x00001310                ADC1_DMA_Config
 .text.DMA1_Channel1_IRQHandler
                0x00001530       0x50 ..\obj\adc_tim.o
                0x00001530                DMA1_Channel1_IRQHandler
 .text.DAC_DMA_Config
                0x00001580      0x168 ..\obj\adc_tim.o
                0x00001580                DAC_DMA_Config
 .text.DMA1_Channel2_3_IRQHandler
                0x000016e8       0x50 ..\obj\adc_tim.o
                0x000016e8                DMA1_Channel2_3_IRQHandler
 .text.GPIO_Init
                0x00001738      0x13c ..\obj\stm32f0xx_gpio.o
                0x00001738                GPIO_Init
 .text.TIM_TimeBaseInit
                0x00001874       0xf0 ..\obj\stm32f0xx_tim.o
                0x00001874                TIM_TimeBaseInit
 .text.TIM_TimeBaseStructInit
                0x00001964       0x30 ..\obj\stm32f0xx_tim.o
                0x00001964                TIM_TimeBaseStructInit
 .text.TIM_Cmd  0x00001994       0x40 ..\obj\stm32f0xx_tim.o
                0x00001994                TIM_Cmd
 .text.TIM_SelectOutputTrigger
                0x000019d4       0x38 ..\obj\stm32f0xx_tim.o
                0x000019d4                TIM_SelectOutputTrigger
 .text.SystemInit
                0x00001a0c       0x94 ..\obj\system_stm32f0xx.o
                0x00001a0c                SystemInit
 .text.SetSysClock
                0x00001aa0       0x98 ..\obj\system_stm32f0xx.o
 .text.NVIC_Init
                0x00001b38       0xac ..\obj\stm32f0xx_misc.o
                0x00001b38                NVIC_Init
 .text.DAC_Init
                0x00001be4       0x58 ..\obj\stm32f0xx_dac.o
                0x00001be4                DAC_Init
 .text.DAC_Cmd  0x00001c3c       0x50 ..\obj\stm32f0xx_dac.o
                0x00001c3c                DAC_Cmd
 .text.DAC_DMACmd
                0x00001c8c       0x54 ..\obj\stm32f0xx_dac.o
                0x00001c8c                DAC_DMACmd
 .text.memcpy   0x00001ce0       0x7c c:/coocox/coide/bin/../lib/gcc/arm-none-eabi/4.6.2/../../../../arm-none-eabi/lib/armv6-m\libg.a(lib_a-memcpy.o)
                0x00001ce0                memcpy
 *(.glue_7t)
 .glue_7t       0x00000000        0x0 linker stubs
 *(.glue_7)
 .glue_7        0x00000000        0x0 linker stubs
 *(.rodata .rodata* .gnu.linkonce.r.*)
 .rodata        0x00001d5c       0x84 ..\obj\rfm70.o
                0x00001d5c                Bank1_Reg0_13
                0x00001d94                Bank1_Reg14
                0x00001da0                Bank0_Reg
                0x00001dd0                RX0_Address
                0x00001dd8                RX1_Address

.vfp11_veneer   0x00001de0        0x0
 .vfp11_veneer  0x00000000        0x0 linker stubs

.v4_bx          0x00001de0        0x0
 .v4_bx         0x00000000        0x0 linker stubs

.ARM.extab
 *(.ARM.extab* .gnu.linkonce.armextab.*)

.ARM.exidx
 *(.ARM.exidx* .gnu.linkonce.armexidx.*)
                0x00001de0                . = ALIGN (0x4)
                0x00001de0                _etext = .
                0x00001de0                _sidata = .

.data           0x20000000        0x0 load address 0x00001de0
                0x20000000                _sdata = .
 *(.data .data.*)
                0x20000000                . = ALIGN (0x4)
                0x20000000                _edata = .

.bss            0x20000000      0x100
                0x20000000                _sbss = .
 *(.bss .bss.*)
 .bss           0x20000000        0x4 ..\obj\rfm70.o
 .bss           0x20000004        0x2 ..\obj\main.o
 .bss           0x20000006        0x1 ..\obj\adc_tim.o
 *(COMMON)
 *fill*         0x20000007        0x1 00
 COMMON         0x20000008       0x26 ..\obj\rfm70.o
                0x20000008                rf70_rx_flag
                0x2000000c                rf70_rx_buf
                0x2000002d                delay
 *fill*         0x2000002e        0x2 00
 COMMON         0x20000030       0x8e ..\obj\main.o
                0x20000030                buf_DAC
                0x20000070                num_buf
                0x20000074                i
                0x20000078                full_frameADC_received
                0x20000079                num_bufDAC
                0x2000007a                flaga
                0x2000007c                buf_ADC
                0x200000bc                TX_RX
                0x200000bd                ADC1ConvertedValue
 *fill*         0x200000be        0x2 00
 COMMON         0x200000c0       0x40 ..\obj\adc_tim.o
                0x200000c0                DAC_InitStructure
                0x200000c8                GPIO_InitStructure
                0x200000d0                NVIC_InitStructure
                0x200000d4                DMA_InitStructure
                0x20000100                . = ALIGN (0x4)
                0x20000100                _ebss = .

.co_stack       0x20000100        0x0
                0x20000100                . = ALIGN (0x8)
 *(.co_stack .co_stack.*)
                0x20000100                . = ALIGN (0x4)
                0x20000100                _end = .
LOAD ..\obj\stm32f0xx_rcc.o
LOAD ..\obj\rfm70.o
LOAD ..\obj\stm32f0xx_adc.o
LOAD ..\obj\main.o
LOAD ..\obj\startup_stm32f0xx.o
LOAD ..\obj\stm32f0xx_dma.o
LOAD ..\obj\printf.o
LOAD ..\obj\adc_tim.o
LOAD ..\obj\stm32f0xx_gpio.o
LOAD ..\obj\syscalls.o
LOAD ..\obj\stm32f0xx_tim.o
LOAD ..\obj\system_stm32f0xx.o
LOAD ..\obj\stm32f0xx_exti.o
LOAD ..\obj\stm32f0xx_syscfg.o
LOAD ..\obj\stm32f0xx_misc.o
LOAD ..\obj\stm32f0xx_dac.o
LOAD ..\obj\core_cm0.o
START GROUP
LOAD c:/coocox/coide/bin/../lib/gcc/arm-none-eabi/4.6.2/armv6-m\libgcc.a
LOAD c:/coocox/coide/bin/../lib/gcc/arm-none-eabi/4.6.2/../../../../arm-none-eabi/lib/armv6-m\libg.a
LOAD c:/coocox/coide/bin/../lib/gcc/arm-none-eabi/4.6.2/../../../../arm-none-eabi/lib/armv6-m\libc.a
END GROUP
OUTPUT(domofon_Target_Flash.elf elf32-littlearm)

.debug_info     0x00000000     0x7de8
 .debug_info    0x00000000      0xa35 ..\obj\stm32f0xx_rcc.o
 .debug_info    0x00000a35      0xa07 ..\obj\rfm70.o
 .debug_info    0x0000143c      0x903 ..\obj\stm32f0xx_adc.o
 .debug_info    0x00001d3f      0x38a ..\obj\main.o
 .debug_info    0x000020c9       0xae ..\obj\startup_stm32f0xx.o
 .debug_info    0x00002177      0x458 ..\obj\stm32f0xx_dma.o
 .debug_info    0x000025cf      0xf66 ..\obj\printf.o
 .debug_info    0x00003535      0xc48 ..\obj\adc_tim.o
 .debug_info    0x0000417d      0x604 ..\obj\stm32f0xx_gpio.o
 .debug_info    0x00004781      0x440 ..\obj\syscalls.o
 .debug_info    0x00004bc1     0x1e28 ..\obj\stm32f0xx_tim.o
 .debug_info    0x000069e9      0x309 ..\obj\system_stm32f0xx.o
 .debug_info    0x00006cf2      0x33d ..\obj\stm32f0xx_exti.o
 .debug_info    0x0000702f      0x2b1 ..\obj\stm32f0xx_syscfg.o
 .debug_info    0x000072e0      0x391 ..\obj\stm32f0xx_misc.o
 .debug_info    0x00007671      0x4d4 ..\obj\stm32f0xx_dac.o
 .debug_info    0x00007b45      0x2a3 ..\obj\core_cm0.o

.debug_abbrev   0x00000000     0x1698
 .debug_abbrev  0x00000000      0x1bf ..\obj\stm32f0xx_rcc.o
 .debug_abbrev  0x000001bf      0x20a ..\obj\rfm70.o
 .debug_abbrev  0x000003c9      0x164 ..\obj\stm32f0xx_adc.o
 .debug_abbrev  0x0000052d      0x140 ..\obj\main.o
 .debug_abbrev  0x0000066d       0x12 ..\obj\startup_stm32f0xx.o
 .debug_abbrev  0x0000067f      0x152 ..\obj\stm32f0xx_dma.o
 .debug_abbrev  0x000007d1      0x25f ..\obj\printf.o
 .debug_abbrev  0x00000a30      0x19b ..\obj\adc_tim.o
 .debug_abbrev  0x00000bcb      0x16a ..\obj\stm32f0xx_gpio.o
 .debug_abbrev  0x00000d35       0xde ..\obj\syscalls.o
 .debug_abbrev  0x00000e13      0x174 ..\obj\stm32f0xx_tim.o
 .debug_abbrev  0x00000f87      0x11f ..\obj\system_stm32f0xx.o
 .debug_abbrev  0x000010a6      0x178 ..\obj\stm32f0xx_exti.o
 .debug_abbrev  0x0000121e      0x12e ..\obj\stm32f0xx_syscfg.o
 .debug_abbrev  0x0000134c       0xf8 ..\obj\stm32f0xx_misc.o
 .debug_abbrev  0x00001444      0x188 ..\obj\stm32f0xx_dac.o
 .debug_abbrev  0x000015cc       0xcc ..\obj\core_cm0.o

.debug_loc      0x00000000     0x3c88
 .debug_loc     0x00000000      0x864 ..\obj\stm32f0xx_rcc.o
 .debug_loc     0x00000864      0x374 ..\obj\rfm70.o
 .debug_loc     0x00000bd8      0x658 ..\obj\stm32f0xx_adc.o
 .debug_loc     0x00001230       0x64 ..\obj\main.o
 .debug_loc     0x00001294      0x268 ..\obj\stm32f0xx_dma.o
 .debug_loc     0x000014fc      0x3ea ..\obj\printf.o
 .debug_loc     0x000018e6      0x186 ..\obj\adc_tim.o
 .debug_loc     0x00001a6c      0x2d8 ..\obj\stm32f0xx_gpio.o
 .debug_loc     0x00001d44      0x1ec ..\obj\syscalls.o
 .debug_loc     0x00001f30     0x1458 ..\obj\stm32f0xx_tim.o
 .debug_loc     0x00003388       0x9c ..\obj\system_stm32f0xx.o
 .debug_loc     0x00003424      0x1b4 ..\obj\stm32f0xx_exti.o
 .debug_loc     0x000035d8      0x1b4 ..\obj\stm32f0xx_syscfg.o
 .debug_loc     0x0000378c       0xa8 ..\obj\stm32f0xx_misc.o
 .debug_loc     0x00003834      0x2cc ..\obj\stm32f0xx_dac.o
 .debug_loc     0x00003b00      0x188 ..\obj\core_cm0.o

.debug_aranges  0x00000000      0xa80
 .debug_aranges
                0x00000000      0x150 ..\obj\stm32f0xx_rcc.o
 .debug_aranges
                0x00000150       0x98 ..\obj\rfm70.o
 .debug_aranges
                0x000001e8      0x100 ..\obj\stm32f0xx_adc.o
 .debug_aranges
                0x000002e8       0x28 ..\obj\main.o
 .debug_aranges
                0x00000310       0x28 ..\obj\startup_stm32f0xx.o
 .debug_aranges
                0x00000338       0x70 ..\obj\stm32f0xx_dma.o
 .debug_aranges
                0x000003a8       0xa0 ..\obj\printf.o
 .debug_aranges
                0x00000448       0x58 ..\obj\adc_tim.o
 .debug_aranges
                0x000004a0       0x80 ..\obj\stm32f0xx_gpio.o
 .debug_aranges
                0x00000520       0x60 ..\obj\syscalls.o
 .debug_aranges
                0x00000580      0x300 ..\obj\stm32f0xx_tim.o
 .debug_aranges
                0x00000880       0x30 ..\obj\system_stm32f0xx.o
 .debug_aranges
                0x000008b0       0x58 ..\obj\stm32f0xx_exti.o
 .debug_aranges
                0x00000908       0x58 ..\obj\stm32f0xx_syscfg.o
 .debug_aranges
                0x00000960       0x30 ..\obj\stm32f0xx_misc.o
 .debug_aranges
                0x00000990       0x80 ..\obj\stm32f0xx_dac.o
 .debug_aranges
                0x00000a10       0x70 ..\obj\core_cm0.o

.debug_ranges   0x00000000      0x978
 .debug_ranges  0x00000000      0x140 ..\obj\stm32f0xx_rcc.o
 .debug_ranges  0x00000140       0x88 ..\obj\rfm70.o
 .debug_ranges  0x000001c8       0xf0 ..\obj\stm32f0xx_adc.o
 .debug_ranges  0x000002b8       0x18 ..\obj\main.o
 .debug_ranges  0x000002d0       0x20 ..\obj\startup_stm32f0xx.o
 .debug_ranges  0x000002f0       0x60 ..\obj\stm32f0xx_dma.o
 .debug_ranges  0x00000350       0x90 ..\obj\printf.o
 .debug_ranges  0x000003e0       0x48 ..\obj\adc_tim.o
 .debug_ranges  0x00000428       0x70 ..\obj\stm32f0xx_gpio.o
 .debug_ranges  0x00000498       0x50 ..\obj\syscalls.o
 .debug_ranges  0x000004e8      0x2f0 ..\obj\stm32f0xx_tim.o
 .debug_ranges  0x000007d8       0x20 ..\obj\system_stm32f0xx.o
 .debug_ranges  0x000007f8       0x48 ..\obj\stm32f0xx_exti.o
 .debug_ranges  0x00000840       0x48 ..\obj\stm32f0xx_syscfg.o
 .debug_ranges  0x00000888       0x20 ..\obj\stm32f0xx_misc.o
 .debug_ranges  0x000008a8       0x70 ..\obj\stm32f0xx_dac.o
 .debug_ranges  0x00000918       0x60 ..\obj\core_cm0.o

.debug_line     0x00000000     0x312a
 .debug_line    0x00000000      0x4cb ..\obj\stm32f0xx_rcc.o
 .debug_line    0x000004cb      0x409 ..\obj\rfm70.o
 .debug_line    0x000008d4      0x3de ..\obj\stm32f0xx_adc.o
 .debug_line    0x00000cb2      0x155 ..\obj\main.o
 .debug_line    0x00000e07       0x9e ..\obj\startup_stm32f0xx.o
 .debug_line    0x00000ea5      0x2a3 ..\obj\stm32f0xx_dma.o
 .debug_line    0x00001148      0x37a ..\obj\printf.o
 .debug_line    0x000014c2      0x328 ..\obj\adc_tim.o
 .debug_line    0x000017ea      0x2a6 ..\obj\stm32f0xx_gpio.o
 .debug_line    0x00001a90      0x172 ..\obj\syscalls.o
 .debug_line    0x00001c02      0x9d7 ..\obj\stm32f0xx_tim.o
 .debug_line    0x000025d9      0x181 ..\obj\system_stm32f0xx.o
 .debug_line    0x0000275a      0x22a ..\obj\stm32f0xx_exti.o
 .debug_line    0x00002984      0x1a4 ..\obj\stm32f0xx_syscfg.o
 .debug_line    0x00002b28      0x1ef ..\obj\stm32f0xx_misc.o
 .debug_line    0x00002d17      0x282 ..\obj\stm32f0xx_dac.o
 .debug_line    0x00002f99      0x191 ..\obj\core_cm0.o

.debug_str      0x00000000     0x2e73
 .debug_str     0x00000000      0x63d ..\obj\stm32f0xx_rcc.o
                                0x6bc (size before relaxing)
 .debug_str     0x0000063d      0x442 ..\obj\rfm70.o
                                0x5d3 (size before relaxing)
 .debug_str     0x00000a7f      0x3e8 ..\obj\stm32f0xx_adc.o
                                0x544 (size before relaxing)
 .debug_str     0x00000e67      0x104 ..\obj\main.o
                                0x25e (size before relaxing)
 .debug_str     0x00000f6b      0x220 ..\obj\stm32f0xx_dma.o
                                0x376 (size before relaxing)
 .debug_str     0x0000118b      0x4ac ..\obj\printf.o
                                0x61f (size before relaxing)
 .debug_str     0x00001637      0x3e0 ..\obj\adc_tim.o
                                0x954 (size before relaxing)
 .debug_str     0x00001a17      0x182 ..\obj\stm32f0xx_gpio.o
                                0x423 (size before relaxing)
 .debug_str     0x00001b99      0x144 ..\obj\syscalls.o
                                0x297 (size before relaxing)
 .debug_str     0x00001cdd      0xaa5 ..\obj\stm32f0xx_tim.o
                                0xd75 (size before relaxing)
 .debug_str     0x00002782       0x98 ..\obj\system_stm32f0xx.o
                                0x21e (size before relaxing)
 .debug_str     0x0000281a      0x1a5 ..\obj\stm32f0xx_exti.o
                                0x2e8 (size before relaxing)
 .debug_str     0x000029bf      0x171 ..\obj\stm32f0xx_syscfg.o
                                0x2bd (size before relaxing)
 .debug_str     0x00002b30      0x119 ..\obj\stm32f0xx_misc.o
                                0x29d (size before relaxing)
 .debug_str     0x00002c49      0x14e ..\obj\stm32f0xx_dac.o
                                0x303 (size before relaxing)
 .debug_str     0x00002d97       0xdc ..\obj\core_cm0.o
                                0x1d8 (size before relaxing)

.comment        0x00000000       0x70
 .comment       0x00000000       0x70 ..\obj\stm32f0xx_rcc.o
                                 0x71 (size before relaxing)
 .comment       0x00000000       0x71 ..\obj\rfm70.o
 .comment       0x00000000       0x71 ..\obj\stm32f0xx_adc.o
 .comment       0x00000000       0x71 ..\obj\main.o
 .comment       0x00000000       0x71 ..\obj\stm32f0xx_dma.o
 .comment       0x00000000       0x71 ..\obj\printf.o
 .comment       0x00000000       0x71 ..\obj\adc_tim.o
 .comment       0x00000000       0x71 ..\obj\stm32f0xx_gpio.o
 .comment       0x00000000       0x71 ..\obj\syscalls.o
 .comment       0x00000000       0x71 ..\obj\stm32f0xx_tim.o
 .comment       0x00000000       0x71 ..\obj\system_stm32f0xx.o
 .comment       0x00000000       0x71 ..\obj\stm32f0xx_exti.o
 .comment       0x00000000       0x71 ..\obj\stm32f0xx_syscfg.o
 .comment       0x00000000       0x71 ..\obj\stm32f0xx_misc.o
 .comment       0x00000000       0x71 ..\obj\stm32f0xx_dac.o
 .comment       0x00000000       0x71 ..\obj\core_cm0.o

.ARM.attributes
                0x00000000       0x2f
 .ARM.attributes
                0x00000000       0x31 ..\obj\stm32f0xx_rcc.o
 .ARM.attributes
                0x00000031       0x31 ..\obj\rfm70.o
 .ARM.attributes
                0x00000062       0x31 ..\obj\stm32f0xx_adc.o
 .ARM.attributes
                0x00000093       0x31 ..\obj\main.o
 .ARM.attributes
                0x000000c4       0x21 ..\obj\startup_stm32f0xx.o
 .ARM.attributes
                0x000000e5       0x31 ..\obj\stm32f0xx_dma.o
 .ARM.attributes
                0x00000116       0x31 ..\obj\printf.o
 .ARM.attributes
                0x00000147       0x31 ..\obj\adc_tim.o
 .ARM.attributes
                0x00000178       0x31 ..\obj\stm32f0xx_gpio.o
 .ARM.attributes
                0x000001a9       0x31 ..\obj\syscalls.o
 .ARM.attributes
                0x000001da       0x31 ..\obj\stm32f0xx_tim.o
 .ARM.attributes
                0x0000020b       0x31 ..\obj\system_stm32f0xx.o
 .ARM.attributes
                0x0000023c       0x31 ..\obj\stm32f0xx_exti.o
 .ARM.attributes
                0x0000026d       0x31 ..\obj\stm32f0xx_syscfg.o
 .ARM.attributes
                0x0000029e       0x31 ..\obj\stm32f0xx_misc.o
 .ARM.attributes
                0x000002cf       0x31 ..\obj\stm32f0xx_dac.o
 .ARM.attributes
                0x00000300       0x31 ..\obj\core_cm0.o
 .ARM.attributes
                0x00000331       0x1e c:/coocox/coide/bin/../lib/gcc/arm-none-eabi/4.6.2/armv6-m\libgcc.a(_udivsi3.o)
 .ARM.attributes
                0x0000034f       0x1e c:/coocox/coide/bin/../lib/gcc/arm-none-eabi/4.6.2/armv6-m\libgcc.a(_dvmd_tls.o)
 .ARM.attributes
                0x0000036d       0x2c c:/coocox/coide/bin/../lib/gcc/arm-none-eabi/4.6.2/../../../../arm-none-eabi/lib/armv6-m\libg.a(lib_a-memcpy.o)

.debug_frame    0x00000000     0x243c
 .debug_frame   0x00000000      0x4e4 ..\obj\stm32f0xx_rcc.o
 .debug_frame   0x000004e4      0x210 ..\obj\rfm70.o
 .debug_frame   0x000006f4      0x3b0 ..\obj\stm32f0xx_adc.o
 .debug_frame   0x00000aa4       0x4c ..\obj\main.o
 .debug_frame   0x00000af0      0x170 ..\obj\stm32f0xx_dma.o
 .debug_frame   0x00000c60      0x230 ..\obj\printf.o
 .debug_frame   0x00000e90       0xfc ..\obj\adc_tim.o
 .debug_frame   0x00000f8c      0x1b0 ..\obj\stm32f0xx_gpio.o
 .debug_frame   0x0000113c      0x12c ..\obj\syscalls.o
 .debug_frame   0x00001268      0xbb0 ..\obj\stm32f0xx_tim.o
 .debug_frame   0x00001e18       0x6c ..\obj\system_stm32f0xx.o
 .debug_frame   0x00001e84      0x10c ..\obj\stm32f0xx_exti.o
 .debug_frame   0x00001f90      0x110 ..\obj\stm32f0xx_syscfg.o
 .debug_frame   0x000020a0       0x70 ..\obj\stm32f0xx_misc.o
 .debug_frame   0x00002110      0x1ac ..\obj\stm32f0xx_dac.o
 .debug_frame   0x000022bc      0x130 ..\obj\core_cm0.o
 .debug_frame   0x000023ec       0x20 c:/coocox/coide/bin/../lib/gcc/arm-none-eabi/4.6.2/armv6-m\libgcc.a(_udivsi3.o)
 .debug_frame   0x0000240c       0x30 c:/coocox/coide/bin/../lib/gcc/arm-none-eabi/4.6.2/../../../../arm-none-eabi/lib/armv6-m\libg.a(lib_a-memcpy.o)
