
Allocating common symbols
Common symbol       size              file

taskB_stk           0x200             ..\obj\main.o
taskC_stk           0x200             ..\obj\main.o
taskA_stk           0x200             ..\obj\main.o

Discarded input sections

 .text          0x00000000        0x0 ..\obj\kernelHeap.o
 .data          0x00000000        0x0 ..\obj\kernelHeap.o
 .text.CoKmalloc
                0x00000000      0x184 ..\obj\kernelHeap.o
 .text.CoKfree  0x00000000      0x308 ..\obj\kernelHeap.o
 .text.GetPreFMB
                0x00000000       0x38 ..\obj\kernelHeap.o
 .text          0x00000000        0x0 ..\obj\core.o
 .data          0x00000000        0x0 ..\obj\core.o
 .text.CoEnterISR
                0x00000000       0x10 ..\obj\core.o
 .text.CoExitISR
                0x00000000       0x50 ..\obj\core.o
 .text.CoSchedLock
                0x00000000       0x20 ..\obj\core.o
 .text.CoSchedUnlock
                0x00000000        0xc ..\obj\core.o
 .text.CoGetOSVersion
                0x00000000       0x10 ..\obj\core.o
 .text          0x00000000        0x0 ..\obj\timer.o
 .data          0x00000000        0x0 ..\obj\timer.o
 .text.CoCreateTmr
                0x00000000      0x174 ..\obj\timer.o
 .text.CoStartTmr
                0x00000000       0x88 ..\obj\timer.o
 .text.CoStopTmr
                0x00000000       0x88 ..\obj\timer.o
 .text.CoDelTmr
                0x00000000       0x84 ..\obj\timer.o
 .text.CoGetCurTmrCnt
                0x00000000       0x7c ..\obj\timer.o
 .text.CoSetTmrCnt
                0x00000000       0xac ..\obj\timer.o
 .text          0x00000000        0x0 ..\obj\utility.o
 .data          0x00000000        0x0 ..\obj\utility.o
 .bss           0x00000000        0x0 ..\obj\utility.o
 .text.CoTickToTime
                0x00000000       0xc0 ..\obj\utility.o
 .text.CoTimeToTick
                0x00000000       0x8c ..\obj\utility.o
 .text          0x00000000        0x0 ..\obj\task.o
 .data          0x00000000        0x0 ..\obj\task.o
 .text.CoSetPriority
                0x00000000      0x1dc ..\obj\task.o
 .text.CoDelTask
                0x00000000      0x12c ..\obj\task.o
 .text.CoExitTask
                0x00000000       0x18 ..\obj\task.o
 .text.CoGetCurTaskID
                0x00000000       0x18 ..\obj\task.o
 .text.CoSuspendTask
                0x00000000       0xb4 ..\obj\task.o
 .text.CoAwakeTask
                0x00000000       0xb8 ..\obj\task.o
 .text          0x00000000        0x0 ..\obj\startup_stm32f4xx.o
 .data          0x00000000        0x0 ..\obj\startup_stm32f4xx.o
 .bss           0x00000000        0x0 ..\obj\startup_stm32f4xx.o
 .text          0x00000000        0x0 ..\obj\serviceReq.o
 .data          0x00000000        0x0 ..\obj\serviceReq.o
 .text.InsertInSRQ
                0x00000000       0xa0 ..\obj\serviceReq.o
 .text          0x00000000        0x0 ..\obj\main.o
 .data          0x00000000        0x0 ..\obj\main.o
 .bss           0x00000000        0x0 ..\obj\main.o
 .text          0x00000000        0x0 ..\obj\mbox.o
 .data          0x00000000        0x0 ..\obj\mbox.o
 .bss           0x00000000        0x0 ..\obj\mbox.o
 .text.CoCreateMbox
                0x00000000       0x40 ..\obj\mbox.o
 .text.CoDelMbox
                0x00000000       0x54 ..\obj\mbox.o
 .text.CoAcceptMail
                0x00000000       0xa8 ..\obj\mbox.o
 .text.CoPendMail
                0x00000000      0x158 ..\obj\mbox.o
 .text.isr_PostMail
                0x00000000       0x50 ..\obj\mbox.o
 .text          0x00000000        0x0 ..\obj\mm.o
 .data          0x00000000        0x0 ..\obj\mm.o
 .bss           0x00000000       0x24 ..\obj\mm.o
 .text.CoCreateMemPartition
                0x00000000      0x140 ..\obj\mm.o
 .text.CoDelMemoryPartition
                0x00000000       0xa8 ..\obj\mm.o
 .text.CoGetFreeBlockNum
                0x00000000       0xa8 ..\obj\mm.o
 .text.CoGetMemoryBuffer
                0x00000000       0x90 ..\obj\mm.o
 .text.CoFreeMemoryBuffer
                0x00000000       0xe0 ..\obj\mm.o
 .text          0x00000000        0x0 ..\obj\time.o
 .data          0x00000000        0x0 ..\obj\time.o
 .text.CoGetOSTime
                0x00000000       0x18 ..\obj\time.o
 .text.CoResetTaskDelayTick
                0x00000000       0x8c ..\obj\time.o
 .text.CoTimeDelay
                0x00000000       0xb4 ..\obj\time.o
 .text          0x00000000        0x0 ..\obj\event.o
 .data          0x00000000        0x0 ..\obj\event.o
 .text.ReleaseECB
                0x00000000       0x48 ..\obj\event.o
 .text.CreatEvent
                0x00000000       0x90 ..\obj\event.o
 .text.DeleteEvent
                0x00000000       0x98 ..\obj\event.o
 .text.EventTaskToWait
                0x00000000      0x10c ..\obj\event.o
 .text          0x00000000        0x0 ..\obj\system_stm32f4xx.o
 .data          0x00000000       0x14 ..\obj\system_stm32f4xx.o
 .bss           0x00000000        0x0 ..\obj\system_stm32f4xx.o
 .text.SystemInit
                0x00000000       0x6c ..\obj\system_stm32f4xx.o
 .text.SystemCoreClockUpdate
                0x00000000      0x114 ..\obj\system_stm32f4xx.o
 .text.SetSysClock
                0x00000000      0x100 ..\obj\system_stm32f4xx.o
 .text          0x00000000        0x0 ..\obj\port.o
 .bss           0x00000000        0x0 ..\obj\port.o
 .text.Inc8     0x00000000       0x34 ..\obj\port.o
 .text.Dec8     0x00000000       0x30 ..\obj\port.o
 .text          0x00000000        0x0 ..\obj\queue.o
 .data          0x00000000        0x0 ..\obj\queue.o
 .bss           0x00000000       0x24 ..\obj\queue.o
 .text.CoCreateQueue
                0x00000000      0x12c ..\obj\queue.o
 .text.CoDelQueue
                0x00000000       0xb4 ..\obj\queue.o
 .text.CoAcceptQueueMail
                0x00000000       0xdc ..\obj\queue.o
 .text.CoPendQueueMail
                0x00000000      0x188 ..\obj\queue.o
 .text.isr_PostQueueMail
                0x00000000       0x50 ..\obj\queue.o
 .text          0x00000000        0x0 ..\obj\mutex.o
 .data          0x00000000        0x0 ..\obj\mutex.o
 .bss           0x00000000       0x54 ..\obj\mutex.o
 .text.CoCreateMutex
                0x00000000       0x8c ..\obj\mutex.o
 .text.CoEnterMutexSection
                0x00000000      0x198 ..\obj\mutex.o
 .text.CoLeaveMutexSection
                0x00000000      0x14c ..\obj\mutex.o
 .text.RemoveMutexList
                0x00000000      0x108 ..\obj\mutex.o
 .text          0x00000000        0x0 ..\obj\flag.o
 .data          0x00000000        0x0 ..\obj\flag.o
 .text.CoCreateFlag
                0x00000000       0xa4 ..\obj\flag.o
 .text.CoDelFlag
                0x00000000      0x13c ..\obj\flag.o
 .text.CoAcceptSingleFlag
                0x00000000       0x9c ..\obj\flag.o
 .text.CoAcceptMultipleFlags
                0x00000000       0xd8 ..\obj\flag.o
 .text.CoWaitForSingleFlag
                0x00000000      0x1b4 ..\obj\flag.o
 .text.CoWaitForMultipleFlags
                0x00000000      0x1fc ..\obj\flag.o
 .text.CoClearFlag
                0x00000000       0x64 ..\obj\flag.o
 .text.isr_SetFlag
                0x00000000       0x50 ..\obj\flag.o
 .text.FlagBlock
                0x00000000       0x80 ..\obj\flag.o
 .text          0x00000000        0x0 ..\obj\arch.o
 .data          0x00000000        0x0 ..\obj\arch.o
 .text          0x00000000        0x0 ..\obj\sem.o
 .data          0x00000000        0x0 ..\obj\sem.o
 .bss           0x00000000        0x0 ..\obj\sem.o
 .text.CoCreateSem
                0x00000000       0x6c ..\obj\sem.o
 .text.CoDelSem
                0x00000000       0x54 ..\obj\sem.o
 .text.CoAcceptSem
                0x00000000       0x80 ..\obj\sem.o
 .text.CoPendSem
                0x00000000      0x108 ..\obj\sem.o
 .text.isr_PostSem
                0x00000000       0x50 ..\obj\sem.o
 .text          0x00000000        0x0 ..\obj\hook.o
 .data          0x00000000        0x0 ..\obj\hook.o
 .bss           0x00000000        0x0 ..\obj\hook.o

Memory Configuration

Name             Origin             Length             Attributes
rom              0x08000000         0x00100000         xr
ram              0x20000000         0x00020000         xrw
ram1             0x10000000         0x00010000         xrw
*default*        0x00000000         0xffffffff

Linker script and memory map

                0x20020000                _eram = 0x20020000

.text           0x08000000     0x18b8
 *(.isr_vector .isr_vector.*)
 .isr_vector    0x08000000      0x188 ..\obj\startup_stm32f4xx.o
                0x08000000                g_pfnVectors
 *(.text .text.* .gnu.linkonce.t.*)
 .text.CoCreateKheap
                0x08000188       0x4c ..\obj\kernelHeap.o
                0x08000188                CoCreateKheap
 .text.OsSchedUnlock
                0x080001d4       0x50 ..\obj\core.o
                0x080001d4                OsSchedUnlock
 .text.CoInitOS
                0x08000224       0x84 ..\obj\core.o
                0x08000224                CoInitOS
 .text.CoStartOS
                0x080002a8       0x38 ..\obj\core.o
                0x080002a8                CoStartOS
 .text.InsertTmrList
                0x080002e0      0x248 ..\obj\timer.o
 .text.RemoveTmrList
                0x08000528       0xec ..\obj\timer.o
 .text.TmrDispose
                0x08000614       0x7c ..\obj\timer.o
                0x08000614                TmrDispose
 .text.isr_TmrDispose
                0x08000690       0x34 ..\obj\timer.o
                0x08000690                isr_TmrDispose
 .text.CreateTCBList
                0x080006c4       0x74 ..\obj\task.o
                0x080006c4                CreateTCBList
 .text.InsertToTCBRdyList
                0x08000738      0x108 ..\obj\task.o
                0x08000738                InsertToTCBRdyList
 .text.RemoveFromTCBRdyList
                0x08000840       0x94 ..\obj\task.o
                0x08000840                RemoveFromTCBRdyList
 .text.Schedule
                0x080008d4      0x164 ..\obj\task.o
                0x080008d4                Schedule
 .text.AssignTCB
                0x08000a38       0x50 ..\obj\task.o
 .text.CreateTask
                0x08000a88      0x14c ..\obj\task.o
                0x08000a88                CreateTask
 .text.Default_Reset_Handler
                0x08000bd4       0x74 ..\obj\startup_stm32f4xx.o
                0x08000bd4                Default_Reset_Handler
                0x08000bd4                Reset_Handler
 .text.Default_Handler
                0x08000c48        0x8 ..\obj\startup_stm32f4xx.o
                0x08000c48                RTC_Alarm_IRQHandler
                0x08000c48                HASH_RNG_IRQHandler
                0x08000c48                EXTI2_IRQHandler
                0x08000c48                TIM8_CC_IRQHandler
                0x08000c48                DebugMon_Handler
                0x08000c48                TIM1_CC_IRQHandler
                0x08000c48                DMA2_Stream5_IRQHandler
                0x08000c48                HardFault_Handler
                0x08000c48                DMA1_Stream5_IRQHandler
                0x08000c48                PVD_IRQHandler
                0x08000c48                SDIO_IRQHandler
                0x08000c48                TAMP_STAMP_IRQHandler
                0x08000c48                NMI_Handler
                0x08000c48                CAN2_RX1_IRQHandler
                0x08000c48                EXTI3_IRQHandler
                0x08000c48                TIM8_TRG_COM_TIM14_IRQHandler
                0x08000c48                TIM1_UP_TIM10_IRQHandler
                0x08000c48                TIM8_UP_TIM13_IRQHandler
                0x08000c48                I2C3_ER_IRQHandler
                0x08000c48                EXTI0_IRQHandler
                0x08000c48                I2C2_EV_IRQHandler
                0x08000c48                DMA1_Stream2_IRQHandler
                0x08000c48                CAN1_RX0_IRQHandler
                0x08000c48                FPU_IRQHandler
                0x08000c48                OTG_HS_WKUP_IRQHandler
                0x08000c48                UsageFault_Handler
                0x08000c48                CAN2_SCE_IRQHandler
                0x08000c48                DMA2_Stream2_IRQHandler
                0x08000c48                SPI1_IRQHandler
                0x08000c48                TIM6_DAC_IRQHandler
                0x08000c48                TIM1_BRK_TIM9_IRQHandler
                0x08000c48                DCMI_IRQHandler
                0x08000c48                CAN2_RX0_IRQHandler
                0x08000c48                DMA2_Stream3_IRQHandler
                0x08000c48                USART6_IRQHandler
                0x08000c48                USART3_IRQHandler
                0x08000c48                CRYP_IRQHandler
                0x08000c48                CAN1_RX1_IRQHandler
                0x08000c48                UART5_IRQHandler
                0x08000c48                DMA2_Stream0_IRQHandler
                0x08000c48                TIM4_IRQHandler
                0x08000c48                I2C1_EV_IRQHandler
                0x08000c48                DMA1_Stream6_IRQHandler
                0x08000c48                DMA1_Stream1_IRQHandler
                0x08000c48                UART4_IRQHandler
                0x08000c48                TIM3_IRQHandler
                0x08000c48                RCC_IRQHandler
                0x08000c48                TIM8_BRK_TIM12_IRQHandler
                0x08000c48                EXTI15_10_IRQHandler
                0x08000c48                ADC_IRQHandler
                0x08000c48                DMA1_Stream7_IRQHandler
                0x08000c48                TIM7_IRQHandler
                0x08000c48                CAN2_TX_IRQHandler
                0x08000c48                TIM5_IRQHandler
                0x08000c48                DMA2_Stream7_IRQHandler
                0x08000c48                I2C3_EV_IRQHandler
                0x08000c48                EXTI9_5_IRQHandler
                0x08000c48                RTC_WKUP_IRQHandler
                0x08000c48                ETH_WKUP_IRQHandler
                0x08000c48                SPI2_IRQHandler
                0x08000c48                OTG_HS_EP1_IN_IRQHandler
                0x08000c48                MemManage_Handler
                0x08000c48                DMA1_Stream0_IRQHandler
                0x08000c48                CAN1_TX_IRQHandler
                0x08000c48                SVC_Handler
                0x08000c48                EXTI4_IRQHandler
                0x08000c48                FSMC_IRQHandler
                0x08000c48                ETH_IRQHandler
                0x08000c48                OTG_HS_EP1_OUT_IRQHandler
                0x08000c48                WWDG_IRQHandler
                0x08000c48                TIM2_IRQHandler
                0x08000c48                OTG_FS_WKUP_IRQHandler
                0x08000c48                TIM1_TRG_COM_TIM11_IRQHandler
                0x08000c48                OTG_HS_IRQHandler
                0x08000c48                EXTI1_IRQHandler
                0x08000c48                USART2_IRQHandler
                0x08000c48                I2C2_ER_IRQHandler
                0x08000c48                DMA2_Stream1_IRQHandler
                0x08000c48                CAN1_SCE_IRQHandler
                0x08000c48                FLASH_IRQHandler
                0x08000c48                DMA2_Stream4_IRQHandler
                0x08000c48                BusFault_Handler
                0x08000c48                USART1_IRQHandler
                0x08000c48                OTG_FS_IRQHandler
                0x08000c48                SPI3_IRQHandler
                0x08000c48                DMA1_Stream4_IRQHandler
                0x08000c48                I2C1_ER_IRQHandler
                0x08000c48                DMA2_Stream6_IRQHandler
                0x08000c48                DMA1_Stream3_IRQHandler
 .text.RespondSRQ
                0x08000c50      0x11c ..\obj\serviceReq.o
                0x08000c50                RespondSRQ
 .text.taskA    0x08000d6c       0x1c ..\obj\main.o
                0x08000d6c                taskA
 .text.taskB    0x08000d88       0x1c ..\obj\main.o
                0x08000d88                taskB
 .text.taskC    0x08000da4       0x1c ..\obj\main.o
                0x08000da4                taskC
 .text.main     0x08000dc0       0x58 ..\obj\main.o
                0x08000dc0                main
 .text.CoPostMail
                0x08000e18       0x84 ..\obj\mbox.o
                0x08000e18                CoPostMail
 .text.InsertDelayList
                0x08000e9c       0xf4 ..\obj\time.o
                0x08000e9c                InsertDelayList
 .text.RemoveDelayList
                0x08000f90       0xc0 ..\obj\time.o
                0x08000f90                RemoveDelayList
 .text.CoTickDelay
                0x08001050       0x7c ..\obj\time.o
                0x08001050                CoTickDelay
 .text.TimeDispose
                0x080010cc       0x7c ..\obj\time.o
                0x080010cc                TimeDispose
 .text.isr_TimeDispose
                0x08001148       0x34 ..\obj\time.o
                0x08001148                isr_TimeDispose
 .text.CreateEventList
                0x0800117c       0x88 ..\obj\event.o
                0x0800117c                CreateEventList
 .text.EventTaskToRdy
                0x08001204      0x128 ..\obj\event.o
                0x08001204                EventTaskToRdy
 .text.RemoveEventWaittingList
                0x0800132c       0xac ..\obj\event.o
                0x0800132c                RemoveEventWaittingList
 .text.IRQ_ENABLE_RESTORE
                0x080013d8        0xc ..\obj\port.o
                0x080013d8                IRQ_ENABLE_RESTORE
 .text.IRQ_DISABLE_SAVE
                0x080013e4        0xc ..\obj\port.o
                0x080013e4                IRQ_DISABLE_SAVE
 .text.SetEnvironment
                0x080013f0        0xc ..\obj\port.o
                0x080013f0                SetEnvironment
 .text.SwitchContext
                0x080013fc       0x14 ..\obj\port.o
                0x080013fc                SwitchContext
 .text.PendSV_Handler
                0x08001410       0x3c ..\obj\port.o
                0x08001410                PendSV_Handler
 .text.CoPostQueueMail
                0x0800144c       0xc4 ..\obj\queue.o
                0x0800144c                CoPostQueueMail
 .text.CoSetFlag
                0x08001510      0x118 ..\obj\flag.o
                0x08001510                CoSetFlag
 .text.RemoveFromLink
                0x08001628       0x58 ..\obj\flag.o
 .text.RemoveLinkNode
                0x08001680       0x90 ..\obj\flag.o
                0x08001680                RemoveLinkNode
 .text.InitTaskContext
                0x08001710       0x5c ..\obj\arch.o
                0x08001710                InitTaskContext
 .text.SysTick_Handler
                0x0800176c       0xac ..\obj\arch.o
                0x0800176c                SysTick_Handler
 .text.CoPostSem
                0x08001818       0x88 ..\obj\sem.o
                0x08001818                CoPostSem
 .text.CoIdleTask
                0x080018a0        0xc ..\obj\hook.o
                0x080018a0                CoIdleTask
 .text.CoStkOverflowHook
                0x080018ac        0xc ..\obj\hook.o
                0x080018ac                CoStkOverflowHook
 *(.glue_7t)
 .glue_7t       0x00000000        0x0 linker stubs
 *(.glue_7)
 .glue_7        0x00000000        0x0 linker stubs
 *(.rodata .rodata* .gnu.linkonce.r.*)

.vfp11_veneer   0x080018b8        0x0
 .vfp11_veneer  0x00000000        0x0 linker stubs

.v4_bx          0x080018b8        0x0
 .v4_bx         0x00000000        0x0 linker stubs

.ARM.extab
 *(.ARM.extab* .gnu.linkonce.armextab.*)

.ARM.exidx
 *(.ARM.exidx* .gnu.linkonce.armexidx.*)
                0x080018b8                . = ALIGN (0x4)
                0x080018b8                _etext = .
                0x080018b8                _sidata = .

.data           0x20000000        0xc load address 0x080018b8
                0x20000000                _sdata = .
 *(.data .data.*)
 .data          0x20000000        0xc ..\obj\port.o
                0x20000000                NVIC_INT_CTRL
                0x20000004                NVIC_PENDSVSET
                0x20000008                INT_EXIT
                0x2000000c                . = ALIGN (0x4)
                0x2000000c                _edata = .

.bss            0x20000010      0xa30 load address 0x080018c8
                0x20000010                _sbss = .
 *(.bss .bss.*)
 .bss           0x20000010       0xd4 ..\obj\kernelHeap.o
                0x20000010                KernelHeap
                0x200000d8                FMBlist
                0x200000dc                Kheap
 .bss           0x200000e4        0x3 ..\obj\core.o
                0x200000e4                OSIntNesting
                0x200000e5                OSSchedLock
                0x200000e6                TaskSchedReq
 *fill*         0x200000e7        0x1 00
 .bss           0x200000e8       0x38 ..\obj\timer.o
                0x200000e8                TmrTbl
                0x20000118                TmrList
                0x2000011c                TmrIDVessel
 .bss           0x20000120      0x188 ..\obj\task.o
                0x20000120                TCBTbl
                0x20000228                idle_stk
                0x2000028c                FreeTCB
                0x20000290                TCBRdy
                0x20000294                TCBNext
                0x20000298                TCBRunning
                0x200002a0                OSCheckTime
 .bss           0x200002a8       0x30 ..\obj\serviceReq.o
                0x200002a8                ServiceReq
                0x200002d4                IsrReq
                0x200002d5                TimeReq
                0x200002d6                TimerReq
 .bss           0x200002d8        0x4 ..\obj\time.o
                0x200002d8                DlyList
 .bss           0x200002dc      0x144 ..\obj\event.o
                0x200002dc                EventTbl
                0x2000041c                FreeEventList
 .bss           0x20000420       0x14 ..\obj\flag.o
                0x20000420                FlagCrl
 *fill*         0x20000434        0x4 00
 .bss           0x20000438        0x8 ..\obj\arch.o
                0x20000438                OSTickCnt
 *(COMMON)
 COMMON         0x20000440      0x600 ..\obj\main.o
                0x20000440                taskB_stk
                0x20000640                taskC_stk
                0x20000840                taskA_stk
                0x20000a40                . = ALIGN (0x4)
                0x20000a40                _ebss = .

.co_stack       0x20000a40      0x800 load address 0x080022f8
                0x20000a40                . = ALIGN (0x8)
 *(.co_stack .co_stack.*)
 .co_stack      0x20000a40      0x800 ..\obj\startup_stm32f4xx.o
                0x20000a40                pulStack
                0x20001240                . = ALIGN (0x4)
                0x20001240                _end = .
LOAD ..\obj\kernelHeap.o
LOAD ..\obj\core.o
LOAD ..\obj\timer.o
LOAD ..\obj\utility.o
LOAD ..\obj\task.o
LOAD ..\obj\startup_stm32f4xx.o
LOAD ..\obj\serviceReq.o
LOAD ..\obj\main.o
LOAD ..\obj\mbox.o
LOAD ..\obj\mm.o
LOAD ..\obj\time.o
LOAD ..\obj\event.o
LOAD ..\obj\system_stm32f4xx.o
LOAD ..\obj\port.o
LOAD ..\obj\queue.o
LOAD ..\obj\mutex.o
LOAD ..\obj\flag.o
LOAD ..\obj\arch.o
LOAD ..\obj\sem.o
LOAD ..\obj\hook.o
START GROUP
LOAD c:/program files (x86)/codesourcery/sourcery g++ lite/bin/../lib/gcc/arm-none-eabi/4.5.2/thumb2\libgcc.a
LOAD c:/program files (x86)/codesourcery/sourcery g++ lite/bin/../lib/gcc/arm-none-eabi/4.5.2/../../../../arm-none-eabi/lib/thumb2\libc.a
END GROUP
OUTPUT(STMF4CoOS.elf elf32-littlearm)

.debug_abbrev   0x00000000     0x175a
 .debug_abbrev  0x00000000      0x145 ..\obj\kernelHeap.o
 .debug_abbrev  0x00000145       0xd9 ..\obj\core.o
 .debug_abbrev  0x0000021e      0x16b ..\obj\timer.o
 .debug_abbrev  0x00000389       0xaa ..\obj\utility.o
 .debug_abbrev  0x00000433      0x1c5 ..\obj\task.o
 .debug_abbrev  0x000005f8       0xac ..\obj\startup_stm32f4xx.o
 .debug_abbrev  0x000006a4      0x121 ..\obj\serviceReq.o
 .debug_abbrev  0x000007c5       0xbe ..\obj\main.o
 .debug_abbrev  0x00000883      0x15b ..\obj\mbox.o
 .debug_abbrev  0x000009de      0x102 ..\obj\mm.o
 .debug_abbrev  0x00000ae0      0x184 ..\obj\time.o
 .debug_abbrev  0x00000c64      0x196 ..\obj\event.o
 .debug_abbrev  0x00000dfa      0x140 ..\obj\system_stm32f4xx.o
 .debug_abbrev  0x00000f3a       0xf2 ..\obj\port.o
 .debug_abbrev  0x0000102c      0x17b ..\obj\queue.o
 .debug_abbrev  0x000011a7      0x15b ..\obj\mutex.o
 .debug_abbrev  0x00001302      0x188 ..\obj\flag.o
 .debug_abbrev  0x0000148a      0x10d ..\obj\arch.o
 .debug_abbrev  0x00001597      0x13d ..\obj\sem.o
 .debug_abbrev  0x000016d4       0x86 ..\obj\hook.o

.debug_info     0x00000000     0x4d08
 .debug_info    0x00000000      0x326 ..\obj\kernelHeap.o
 .debug_info    0x00000326      0x378 ..\obj\core.o
 .debug_info    0x0000069e      0x448 ..\obj\timer.o
 .debug_info    0x00000ae6      0x16d ..\obj\utility.o
 .debug_info    0x00000c53      0x7e9 ..\obj\task.o
 .debug_info    0x0000143c      0x135 ..\obj\startup_stm32f4xx.o
 .debug_info    0x00001571      0x22e ..\obj\serviceReq.o
 .debug_info    0x0000179f      0x193 ..\obj\main.o
 .debug_info    0x00001932      0x48b ..\obj\mbox.o
 .debug_info    0x00001dbd      0x348 ..\obj\mm.o
 .debug_info    0x00002105      0x493 ..\obj\time.o
 .debug_info    0x00002598      0x53f ..\obj\event.o
 .debug_info    0x00002ad7      0x61d ..\obj\system_stm32f4xx.o
 .debug_info    0x000030f4      0x1b0 ..\obj\port.o
 .debug_info    0x000032a4      0x5cd ..\obj\queue.o
 .debug_info    0x00003871      0x52e ..\obj\mutex.o
 .debug_info    0x00003d9f      0x6e0 ..\obj\flag.o
 .debug_info    0x0000447f      0x37d ..\obj\arch.o
 .debug_info    0x000047fc      0x44b ..\obj\sem.o
 .debug_info    0x00004c47       0xc1 ..\obj\hook.o

.debug_line     0x00000000     0x1be0
 .debug_line    0x00000000      0x1b1 ..\obj\kernelHeap.o
 .debug_line    0x000001b1      0x123 ..\obj\core.o
 .debug_line    0x000002d4      0x1f6 ..\obj\timer.o
 .debug_line    0x000004ca       0x9b ..\obj\utility.o
 .debug_line    0x00000565      0x2e9 ..\obj\task.o
 .debug_line    0x0000084e       0x9d ..\obj\startup_stm32f4xx.o
 .debug_line    0x000008eb       0xd1 ..\obj\serviceReq.o
 .debug_line    0x000009bc       0xfa ..\obj\main.o
 .debug_line    0x00000ab6      0x136 ..\obj\mbox.o
 .debug_line    0x00000bec      0x14a ..\obj\mm.o
 .debug_line    0x00000d36      0x1e7 ..\obj\time.o
 .debug_line    0x00000f1d      0x1ba ..\obj\event.o
 .debug_line    0x000010d7      0x1f6 ..\obj\system_stm32f4xx.o
 .debug_line    0x000012cd      0x120 ..\obj\port.o
 .debug_line    0x000013ed      0x179 ..\obj\queue.o
 .debug_line    0x00001566      0x164 ..\obj\mutex.o
 .debug_line    0x000016ca      0x265 ..\obj\flag.o
 .debug_line    0x0000192f       0xfa ..\obj\arch.o
 .debug_line    0x00001a29      0x12e ..\obj\sem.o
 .debug_line    0x00001b57       0x89 ..\obj\hook.o

.debug_loc      0x00000000     0x16e8
 .debug_loc     0x00000000       0xd4 ..\obj\kernelHeap.o
 .debug_loc     0x000000d4      0x160 ..\obj\core.o
 .debug_loc     0x00000234      0x224 ..\obj\timer.o
 .debug_loc     0x00000458       0x70 ..\obj\utility.o
 .debug_loc     0x000004c8      0x288 ..\obj\task.o
 .debug_loc     0x00000750       0x64 ..\obj\startup_stm32f4xx.o
 .debug_loc     0x000007b4       0x70 ..\obj\serviceReq.o
 .debug_loc     0x00000824       0xd4 ..\obj\main.o
 .debug_loc     0x000008f8      0x150 ..\obj\mbox.o
 .debug_loc     0x00000a48      0x118 ..\obj\mm.o
 .debug_loc     0x00000b60      0x1a8 ..\obj\time.o
 .debug_loc     0x00000d08      0x188 ..\obj\event.o
 .debug_loc     0x00000e90       0x9c ..\obj\system_stm32f4xx.o
 .debug_loc     0x00000f2c       0xc8 ..\obj\port.o
 .debug_loc     0x00000ff4      0x150 ..\obj\queue.o
 .debug_loc     0x00001144       0xe0 ..\obj\mutex.o
 .debug_loc     0x00001224      0x2a0 ..\obj\flag.o
 .debug_loc     0x000014c4       0x64 ..\obj\arch.o
 .debug_loc     0x00001528      0x150 ..\obj\sem.o
 .debug_loc     0x00001678       0x70 ..\obj\hook.o

.debug_pubnames
                0x00000000      0xad6
 .debug_pubnames
                0x00000000       0x63 ..\obj\kernelHeap.o
 .debug_pubnames
                0x00000063       0xc3 ..\obj\core.o
 .debug_pubnames
                0x00000126       0xb8 ..\obj\timer.o
 .debug_pubnames
                0x000001de       0x34 ..\obj\utility.o
 .debug_pubnames
                0x00000212      0x12e ..\obj\task.o
 .debug_pubnames
                0x00000340       0x4a ..\obj\startup_stm32f4xx.o
 .debug_pubnames
                0x0000038a       0x64 ..\obj\serviceReq.o
 .debug_pubnames
                0x000003ee       0x63 ..\obj\main.o
 .debug_pubnames
                0x00000451       0x71 ..\obj\mbox.o
 .debug_pubnames
                0x000004c2       0xa8 ..\obj\mm.o
 .debug_pubnames
                0x0000056a       0xb3 ..\obj\time.o
 .debug_pubnames
                0x0000061d       0xa7 ..\obj\event.o
 .debug_pubnames
                0x000006c4       0x61 ..\obj\system_stm32f4xx.o
 .debug_pubnames
                0x00000725       0xba ..\obj\port.o
 .debug_pubnames
                0x000007df       0xa6 ..\obj\queue.o
 .debug_pubnames
                0x00000885       0x85 ..\obj\mutex.o
 .debug_pubnames
                0x0000090a       0xe2 ..\obj\flag.o
 .debug_pubnames
                0x000009ec       0x48 ..\obj\arch.o
 .debug_pubnames
                0x00000a34       0x6b ..\obj\sem.o
 .debug_pubnames
                0x00000a9f       0x37 ..\obj\hook.o

.debug_pubtypes
                0x00000000      0xa3a
 .debug_pubtypes
                0x00000000       0x6c ..\obj\kernelHeap.o
 .debug_pubtypes
                0x0000006c       0x8f ..\obj\core.o
 .debug_pubtypes
                0x000000fb       0x80 ..\obj\timer.o
 .debug_pubtypes
                0x0000017b       0x38 ..\obj\utility.o
 .debug_pubtypes
                0x000001b3       0xe9 ..\obj\task.o
 .debug_pubtypes
                0x0000029c       0x63 ..\obj\serviceReq.o
 .debug_pubtypes
                0x000002ff       0x1d ..\obj\main.o
 .debug_pubtypes
                0x0000031c       0xa2 ..\obj\mbox.o
 .debug_pubtypes
                0x000003be       0x74 ..\obj\mm.o
 .debug_pubtypes
                0x00000432       0xa3 ..\obj\time.o
 .debug_pubtypes
                0x000004d5       0xbf ..\obj\event.o
 .debug_pubtypes
                0x00000594       0x83 ..\obj\system_stm32f4xx.o
 .debug_pubtypes
                0x00000617       0x2c ..\obj\port.o
 .debug_pubtypes
                0x00000643       0xbe ..\obj\queue.o
 .debug_pubtypes
                0x00000701       0xd5 ..\obj\mutex.o
 .debug_pubtypes
                0x000007d6       0xdd ..\obj\flag.o
 .debug_pubtypes
                0x000008b3       0xc1 ..\obj\arch.o
 .debug_pubtypes
                0x00000974       0xa2 ..\obj\sem.o
 .debug_pubtypes
                0x00000a16       0x24 ..\obj\hook.o

.debug_aranges  0x00000000      0x560
 .debug_aranges
                0x00000000       0x38 ..\obj\kernelHeap.o
 .debug_aranges
                0x00000038       0x58 ..\obj\core.o
 .debug_aranges
                0x00000090       0x68 ..\obj\timer.o
 .debug_aranges
                0x000000f8       0x28 ..\obj\utility.o
 .debug_aranges
                0x00000120       0x78 ..\obj\task.o
 .debug_aranges
                0x00000198       0x28 ..\obj\startup_stm32f4xx.o
 .debug_aranges
                0x000001c0       0x28 ..\obj\serviceReq.o
 .debug_aranges
                0x000001e8       0x38 ..\obj\main.o
 .debug_aranges
                0x00000220       0x48 ..\obj\mbox.o
 .debug_aranges
                0x00000268       0x40 ..\obj\mm.o
 .debug_aranges
                0x000002a8       0x58 ..\obj\time.o
 .debug_aranges
                0x00000300       0x50 ..\obj\event.o
 .debug_aranges
                0x00000350       0x30 ..\obj\system_stm32f4xx.o
 .debug_aranges
                0x00000380       0x50 ..\obj\port.o
 .debug_aranges
                0x000003d0       0x48 ..\obj\queue.o
 .debug_aranges
                0x00000418       0x38 ..\obj\mutex.o
 .debug_aranges
                0x00000450       0x78 ..\obj\flag.o
 .debug_aranges
                0x000004c8       0x28 ..\obj\arch.o
 .debug_aranges
                0x000004f0       0x48 ..\obj\sem.o
 .debug_aranges
                0x00000538       0x28 ..\obj\hook.o

.debug_ranges   0x00000000      0x420
 .debug_ranges  0x00000000       0x28 ..\obj\kernelHeap.o
 .debug_ranges  0x00000028       0x48 ..\obj\core.o
 .debug_ranges  0x00000070       0x58 ..\obj\timer.o
 .debug_ranges  0x000000c8       0x18 ..\obj\utility.o
 .debug_ranges  0x000000e0       0x68 ..\obj\task.o
 .debug_ranges  0x00000148       0x18 ..\obj\startup_stm32f4xx.o
 .debug_ranges  0x00000160       0x18 ..\obj\serviceReq.o
 .debug_ranges  0x00000178       0x28 ..\obj\main.o
 .debug_ranges  0x000001a0       0x38 ..\obj\mbox.o
 .debug_ranges  0x000001d8       0x30 ..\obj\mm.o
 .debug_ranges  0x00000208       0x48 ..\obj\time.o
 .debug_ranges  0x00000250       0x40 ..\obj\event.o
 .debug_ranges  0x00000290       0x20 ..\obj\system_stm32f4xx.o
 .debug_ranges  0x000002b0       0x40 ..\obj\port.o
 .debug_ranges  0x000002f0       0x38 ..\obj\queue.o
 .debug_ranges  0x00000328       0x28 ..\obj\mutex.o
 .debug_ranges  0x00000350       0x68 ..\obj\flag.o
 .debug_ranges  0x000003b8       0x18 ..\obj\arch.o
 .debug_ranges  0x000003d0       0x38 ..\obj\sem.o
 .debug_ranges  0x00000408       0x18 ..\obj\hook.o

.debug_str      0x00000000     0x135d
 .debug_str     0x00000000      0x19c ..\obj\kernelHeap.o
                                0x1bb (size before relaxing)
 .debug_str     0x0000019c      0x183 ..\obj\core.o
                                0x20a (size before relaxing)
 .debug_str     0x0000031f      0x14b ..\obj\timer.o
                                0x1f8 (size before relaxing)
 .debug_str     0x0000046a       0x78 ..\obj\utility.o
                                 0xf8 (size before relaxing)
 .debug_str     0x000004e2      0x224 ..\obj\task.o
                                0x3a9 (size before relaxing)
 .debug_str     0x00000706       0xac ..\obj\startup_stm32f4xx.o
                                 0xd7 (size before relaxing)
 .debug_str     0x000007b2       0xa1 ..\obj\serviceReq.o
                                0x130 (size before relaxing)
 .debug_str     0x00000853       0x6e ..\obj\main.o
                                 0xea (size before relaxing)
 .debug_str     0x000008c1       0x96 ..\obj\mbox.o
                                0x24b (size before relaxing)
 .debug_str     0x00000957      0x11f ..\obj\mm.o
                                0x1bf (size before relaxing)
 .debug_str     0x00000a76       0xb8 ..\obj\time.o
                                0x267 (size before relaxing)
 .debug_str     0x00000b2e       0xe1 ..\obj\event.o
                                0x2b2 (size before relaxing)
 .debug_str     0x00000c0f      0x261 ..\obj\system_stm32f4xx.o
                                0x303 (size before relaxing)
 .debug_str     0x00000e70       0xc9 ..\obj\port.o
                                0x14a (size before relaxing)
 .debug_str     0x00000f39       0xac ..\obj\queue.o
                                0x2af (size before relaxing)
 .debug_str     0x00000fe5       0x8a ..\obj\mutex.o
                                0x2ba (size before relaxing)
 .debug_str     0x0000106f      0x1ad ..\obj\flag.o
                                0x328 (size before relaxing)
 .debug_str     0x0000121c       0x67 ..\obj\arch.o
                                0x22a (size before relaxing)
 .debug_str     0x00001283       0x86 ..\obj\sem.o
                                0x24e (size before relaxing)
 .debug_str     0x00001309       0x54 ..\obj\hook.o
                                 0xdd (size before relaxing)

.comment        0x00000000       0x2a
 .comment       0x00000000       0x2a ..\obj\kernelHeap.o
                                 0x2b (size before relaxing)
 .comment       0x00000000       0x2b ..\obj\core.o
 .comment       0x00000000       0x2b ..\obj\timer.o
 .comment       0x00000000       0x2b ..\obj\utility.o
 .comment       0x00000000       0x2b ..\obj\task.o
 .comment       0x00000000       0x2b ..\obj\startup_stm32f4xx.o
 .comment       0x00000000       0x2b ..\obj\serviceReq.o
 .comment       0x00000000       0x2b ..\obj\main.o
 .comment       0x00000000       0x2b ..\obj\mbox.o
 .comment       0x00000000       0x2b ..\obj\mm.o
 .comment       0x00000000       0x2b ..\obj\time.o
 .comment       0x00000000       0x2b ..\obj\event.o
 .comment       0x00000000       0x2b ..\obj\system_stm32f4xx.o
 .comment       0x00000000       0x2b ..\obj\port.o
 .comment       0x00000000       0x2b ..\obj\queue.o
 .comment       0x00000000       0x2b ..\obj\mutex.o
 .comment       0x00000000       0x2b ..\obj\flag.o
 .comment       0x00000000       0x2b ..\obj\arch.o
 .comment       0x00000000       0x2b ..\obj\sem.o
 .comment       0x00000000       0x2b ..\obj\hook.o

.ARM.attributes
                0x00000000       0x37
 .ARM.attributes
                0x00000000       0x37 ..\obj\kernelHeap.o
 .ARM.attributes
                0x00000037       0x37 ..\obj\core.o
 .ARM.attributes
                0x0000006e       0x37 ..\obj\timer.o
 .ARM.attributes
                0x000000a5       0x37 ..\obj\utility.o
 .ARM.attributes
                0x000000dc       0x37 ..\obj\task.o
 .ARM.attributes
                0x00000113       0x37 ..\obj\startup_stm32f4xx.o
 .ARM.attributes
                0x0000014a       0x37 ..\obj\serviceReq.o
 .ARM.attributes
                0x00000181       0x37 ..\obj\main.o
 .ARM.attributes
                0x000001b8       0x37 ..\obj\mbox.o
 .ARM.attributes
                0x000001ef       0x37 ..\obj\mm.o
 .ARM.attributes
                0x00000226       0x37 ..\obj\time.o
 .ARM.attributes
                0x0000025d       0x37 ..\obj\event.o
 .ARM.attributes
                0x00000294       0x37 ..\obj\system_stm32f4xx.o
 .ARM.attributes
                0x000002cb       0x37 ..\obj\port.o
 .ARM.attributes
                0x00000302       0x37 ..\obj\queue.o
 .ARM.attributes
                0x00000339       0x37 ..\obj\mutex.o
 .ARM.attributes
                0x00000370       0x37 ..\obj\flag.o
 .ARM.attributes
                0x000003a7       0x37 ..\obj\arch.o
 .ARM.attributes
                0x000003de       0x37 ..\obj\sem.o
 .ARM.attributes
                0x00000415       0x37 ..\obj\hook.o

.debug_frame    0x00000000      0xe54
 .debug_frame   0x00000000       0x84 ..\obj\kernelHeap.o
 .debug_frame   0x00000084       0xe8 ..\obj\core.o
 .debug_frame   0x0000016c      0x148 ..\obj\timer.o
 .debug_frame   0x000002b4       0x48 ..\obj\utility.o
 .debug_frame   0x000002fc      0x178 ..\obj\task.o
 .debug_frame   0x00000474       0x48 ..\obj\startup_stm32f4xx.o
 .debug_frame   0x000004bc       0x50 ..\obj\serviceReq.o
 .debug_frame   0x0000050c       0x8c ..\obj\main.o
 .debug_frame   0x00000598       0xd0 ..\obj\mbox.o
 .debug_frame   0x00000668       0xb0 ..\obj\mm.o
 .debug_frame   0x00000718       0xfc ..\obj\time.o
 .debug_frame   0x00000814       0xe8 ..\obj\event.o
 .debug_frame   0x000008fc       0x64 ..\obj\system_stm32f4xx.o
 .debug_frame   0x00000960       0xb0 ..\obj\port.o
 .debug_frame   0x00000a10       0xd0 ..\obj\queue.o
 .debug_frame   0x00000ae0       0x90 ..\obj\mutex.o
 .debug_frame   0x00000b70      0x184 ..\obj\flag.o
 .debug_frame   0x00000cf4       0x48 ..\obj\arch.o
 .debug_frame   0x00000d3c       0xd0 ..\obj\sem.o
 .debug_frame   0x00000e0c       0x48 ..\obj\hook.o
